<html>
<body>
<pre>
<h1>礦ision Build Log</h1>
<h2>Tool Versions:</h2>
IDE-Version: μVision V5.26.2.0
Copyright (C) 2018 ARM Ltd and ARM Germany GmbH. All rights reserved.
License Information: HT HT, HT, LIC=UJWBS-LX7D2-J6QQ9-4M3DE-49UM2-2HGLY
 
Tool Versions:
Toolchain:       MDK-ARM Plus  Version: 5.26.2.0
Toolchain Path:  D:\Program Files\Keil_5.26\ARM\ARMCC\Bin
C Compiler:      Armcc.exe V5.06 update 6 (build 750)
Assembler:       Armasm.exe V5.06 update 6 (build 750)
Linker/Locator:  ArmLink.exe V5.06 update 6 (build 750)
Library Manager: ArmAr.exe V5.06 update 6 (build 750)
Hex Converter:   FromElf.exe V5.06 update 6 (build 750)
CPU DLL:         SARMCM3.DLL V5.26.2.0
Dialog DLL:      DCM.DLL V1.17.2.0
Target DLL:      Segger\JL2CM3.dll V2.99.13.0
Dialog DLL:      TCM.DLL V1.36.1.0
 
<h2>Project:</h2>
E:\personal\学习\程序类\RTOS\RTThread\RTT_Practice\移植到STM32F407\10.互斥信号量\Project\RVMDK（uv4）\RT-Thread.uvprojx
Project File Date:  05/22/2019

<h2>Output:</h2>
*** Using Compiler 'V5.06 update 6 (build 750)', folder: 'D:\Program Files\Keil_5.26\ARM\ARMCC\Bin'
Build target 'LED'
compiling main.c...
compiling bsp_led.c...
compiling board.c...
compiling clock.c...
compiling components.c...
compiling device.c...
compiling idle.c...
compiling bsp_key.c...
compiling bsp_uart.c...
compiling irq.c...
compiling ipc.c...
compiling mem.c...
compiling memheap.c...
compiling kservice.c...
compiling scheduler.c...
compiling mempool.c...
compiling object.c...
compiling signal.c...
compiling timer.c...
compiling thread.c...
compiling cpuport.c...
linking...
Program Size: Code=11292 RO-data=732 RW-data=268 ZI-data=7292  
FromELF: creating hex file...
".\Objects\RT-Thread.axf" - 0 Error(s), 0 Warning(s).

<h2>Software Packages used:</h2>

Package Vendor: Keil
                http://www.keil.com/pack/Keil.STM32F4xx_DFP.2.11.0.pack
                Keil.STM32F4xx_DFP.2.11.0
                STMicroelectronics STM32F4 Series Device Support, Drivers and Examples

<h2>Collection of Component include folders:</h2>
  .\RTE\_LED
  D:\Program Files\Keil_5.26\ARM\PACK\Keil\STM32F4xx_DFP\2.11.0\Drivers\CMSIS\Device\ST\STM32F4xx\Include

<h2>Collection of Component Files used:</h2>
Build Time Elapsed:  00:00:11
</pre>
</body>
</html>
