<html>
<body>
<pre>
<h1>礦ision Build Log</h1>
<h2>Tool Versions:</h2>
IDE-Version: μVision V5.26.2.0
Copyright (C) 2018 ARM Ltd and ARM Germany GmbH. All rights reserved.
License Information: HT HT, HT, LIC=UJWBS-LX7D2-J6QQ9-4M3DE-49UM2-2HGLY
 
Tool Versions:
Toolchain:       MDK-ARM Plus  Version: 5.26.2.0
Toolchain Path:  D:\Program Files\Keil_5.26\ARM\ARMCC\Bin
C Compiler:      Armcc.exe V5.06 update 6 (build 750)
Assembler:       Armasm.exe V5.06 update 6 (build 750)
Linker/Locator:  ArmLink.exe V5.06 update 6 (build 750)
Library Manager: ArmAr.exe V5.06 update 6 (build 750)
Hex Converter:   FromElf.exe V5.06 update 6 (build 750)
CPU DLL:         SARMCM3.DLL V5.26.2.0
Dialog DLL:      DCM.DLL V1.17.2.0
Target DLL:      Segger\JL2CM3.dll V2.99.13.0
Dialog DLL:      TCM.DLL V1.36.1.0
 
<h2>Project:</h2>
E:\personal\学习\程序类\RTOS\RTThread\RTT_Practice\移植到STM32F407\14.静态内存管理\Project\RVMDK（uv4）\RT-Thread.uvprojx
Project File Date:  05/22/2019

<h2>Output:</h2>
*** Using Compiler 'V5.06 update 6 (build 750)', folder: 'D:\Program Files\Keil_5.26\ARM\ARMCC\Bin'
Rebuild target 'LED'
assembling startup_stm32f40_41xxx.s...
compiling misc.c...
compiling system_stm32f4xx.c...
compiling stm32f4xx_adc.c...
compiling stm32f4xx_dac.c...
compiling stm32f4xx_can.c...
compiling stm32f4xx_dbgmcu.c...
compiling stm32f4xx_dcmi.c...
compiling stm32f4xx_dma2d.c...
compiling stm32f4xx_dma.c...
compiling stm32f4xx_exti.c...
compiling stm32f4xx_flash_ramfunc.c...
compiling stm32f4xx_flash.c...
compiling stm32f4xx_gpio.c...
compiling stm32f4xx_i2c.c...
compiling stm32f4xx_iwdg.c...
compiling stm32f4xx_ltdc.c...
compiling stm32f4xx_pwr.c...
compiling stm32f4xx_rcc.c...
compiling stm32f4xx_rng.c...
compiling stm32f4xx_rtc.c...
compiling stm32f4xx_sai.c...
compiling stm32f4xx_sdio.c...
compiling stm32f4xx_spi.c...
compiling stm32f4xx_syscfg.c...
compiling stm32f4xx_tim.c...
compiling stm32f4xx_wwdg.c...
compiling stm32f4xx_usart.c...
compiling main.c...
compiling stm32f4xx_it.c...
compiling board.c...
compiling bsp_led.c...
compiling clock.c...
compiling components.c...
compiling device.c...
compiling bsp_uart.c...
compiling idle.c...
compiling bsp_key.c...
compiling ipc.c...
compiling irq.c...
compiling kservice.c...
compiling memheap.c...
compiling mem.c...
compiling mempool.c...
compiling object.c...
compiling scheduler.c...
compiling thread.c...
compiling signal.c...
compiling timer.c...
assembling context_rvds.S...
compiling cpuport.c...
linking...
Program Size: Code=11594 RO-data=730 RW-data=288 ZI-data=7296  
FromELF: creating hex file...
".\Objects\RT-Thread.axf" - 0 Error(s), 0 Warning(s).

<h2>Software Packages used:</h2>

Package Vendor: Keil
                http://www.keil.com/pack/Keil.STM32F4xx_DFP.2.11.0.pack
                Keil.STM32F4xx_DFP.2.11.0
                STMicroelectronics STM32F4 Series Device Support, Drivers and Examples

<h2>Collection of Component include folders:</h2>
  .\RTE\_LED
  D:\Program Files\Keil_5.26\ARM\PACK\Keil\STM32F4xx_DFP\2.11.0\Drivers\CMSIS\Device\ST\STM32F4xx\Include

<h2>Collection of Component Files used:</h2>
Build Time Elapsed:  00:00:23
</pre>
</body>
</html>
