Component: ARM Compiler 5.06 update 6 (build 750) Tool: armlink [4d35ed]

==============================================================================

Section Cross References

    startup_stm32f40_41xxx.o(STACK) refers (Special) to heapauxi.o(.text) for __use_two_region_memory
    startup_stm32f40_41xxx.o(HEAP) refers (Special) to heapauxi.o(.text) for __use_two_region_memory
    startup_stm32f40_41xxx.o(RESET) refers (Special) to heapauxi.o(.text) for __use_two_region_memory
    startup_stm32f40_41xxx.o(RESET) refers to startup_stm32f40_41xxx.o(STACK) for __initial_sp
    startup_stm32f40_41xxx.o(RESET) refers to startup_stm32f40_41xxx.o(.text) for Reset_Handler
    startup_stm32f40_41xxx.o(RESET) refers to stm32f4xx_it.o(i.NMI_Handler) for NMI_Handler
    startup_stm32f40_41xxx.o(RESET) refers to context_rvds.o(.text) for HardFault_Handler
    startup_stm32f40_41xxx.o(RESET) refers to stm32f4xx_it.o(i.MemManage_Handler) for MemManage_Handler
    startup_stm32f40_41xxx.o(RESET) refers to stm32f4xx_it.o(i.BusFault_Handler) for BusFault_Handler
    startup_stm32f40_41xxx.o(RESET) refers to stm32f4xx_it.o(i.UsageFault_Handler) for UsageFault_Handler
    startup_stm32f40_41xxx.o(RESET) refers to stm32f4xx_it.o(i.SVC_Handler) for SVC_Handler
    startup_stm32f40_41xxx.o(RESET) refers to stm32f4xx_it.o(i.DebugMon_Handler) for DebugMon_Handler
    startup_stm32f40_41xxx.o(RESET) refers to board.o(i.SysTick_Handler) for SysTick_Handler
    startup_stm32f40_41xxx.o(RESET) refers to bsp_uart.o(i.USART1_IRQHandler) for USART1_IRQHandler
    startup_stm32f40_41xxx.o(RESET) refers to bsp_uart.o(i.USART2_IRQHandler) for USART2_IRQHandler
    startup_stm32f40_41xxx.o(RESET) refers to bsp_uart.o(i.USART3_IRQHandler) for USART3_IRQHandler
    startup_stm32f40_41xxx.o(RESET) refers to bsp_uart.o(i.UART4_IRQHandler) for UART4_IRQHandler
    startup_stm32f40_41xxx.o(RESET) refers to bsp_uart.o(i.UART5_IRQHandler) for UART5_IRQHandler
    startup_stm32f40_41xxx.o(RESET) refers to bsp_uart.o(i.USART6_IRQHandler) for USART6_IRQHandler
    startup_stm32f40_41xxx.o(.text) refers (Special) to heapauxi.o(.text) for __use_two_region_memory
    startup_stm32f40_41xxx.o(.text) refers to system_stm32f4xx.o(i.SystemInit) for SystemInit
    startup_stm32f40_41xxx.o(.text) refers to __main.o(!!!main) for __main
    startup_stm32f40_41xxx.o(.text) refers to startup_stm32f40_41xxx.o(HEAP) for Heap_Mem
    startup_stm32f40_41xxx.o(.text) refers to startup_stm32f40_41xxx.o(STACK) for Stack_Mem
    system_stm32f4xx.o(i.SystemCoreClockUpdate) refers to system_stm32f4xx.o(.data) for SystemCoreClock
    system_stm32f4xx.o(i.SystemInit) refers to system_stm32f4xx.o(i.SetSysClock) for SetSysClock
    stm32f4xx_adc.o(i.ADC_DeInit) refers to stm32f4xx_rcc.o(i.RCC_APB2PeriphResetCmd) for RCC_APB2PeriphResetCmd
    stm32f4xx_can.o(i.CAN_DeInit) refers to stm32f4xx_rcc.o(i.RCC_APB1PeriphResetCmd) for RCC_APB1PeriphResetCmd
    stm32f4xx_can.o(i.CAN_GetITStatus) refers to stm32f4xx_can.o(i.CheckITStatus) for CheckITStatus
    stm32f4xx_dac.o(i.DAC_DeInit) refers to stm32f4xx_rcc.o(i.RCC_APB1PeriphResetCmd) for RCC_APB1PeriphResetCmd
    stm32f4xx_dma2d.o(i.DMA2D_DeInit) refers to stm32f4xx_rcc.o(i.RCC_AHB1PeriphResetCmd) for RCC_AHB1PeriphResetCmd
    stm32f4xx_flash.o(i.FLASH_EraseAllBank1Sectors) refers to stm32f4xx_flash.o(i.FLASH_WaitForLastOperation) for FLASH_WaitForLastOperation
    stm32f4xx_flash.o(i.FLASH_EraseAllBank2Sectors) refers to stm32f4xx_flash.o(i.FLASH_WaitForLastOperation) for FLASH_WaitForLastOperation
    stm32f4xx_flash.o(i.FLASH_EraseAllSectors) refers to stm32f4xx_flash.o(i.FLASH_WaitForLastOperation) for FLASH_WaitForLastOperation
    stm32f4xx_flash.o(i.FLASH_EraseSector) refers to stm32f4xx_flash.o(i.FLASH_WaitForLastOperation) for FLASH_WaitForLastOperation
    stm32f4xx_flash.o(i.FLASH_OB_Launch) refers to stm32f4xx_flash.o(i.FLASH_WaitForLastOperation) for FLASH_WaitForLastOperation
    stm32f4xx_flash.o(i.FLASH_OB_PCROP1Config) refers to stm32f4xx_flash.o(i.FLASH_WaitForLastOperation) for FLASH_WaitForLastOperation
    stm32f4xx_flash.o(i.FLASH_OB_PCROPConfig) refers to stm32f4xx_flash.o(i.FLASH_WaitForLastOperation) for FLASH_WaitForLastOperation
    stm32f4xx_flash.o(i.FLASH_OB_RDPConfig) refers to stm32f4xx_flash.o(i.FLASH_WaitForLastOperation) for FLASH_WaitForLastOperation
    stm32f4xx_flash.o(i.FLASH_OB_UserConfig) refers to stm32f4xx_flash.o(i.FLASH_WaitForLastOperation) for FLASH_WaitForLastOperation
    stm32f4xx_flash.o(i.FLASH_OB_WRP1Config) refers to stm32f4xx_flash.o(i.FLASH_WaitForLastOperation) for FLASH_WaitForLastOperation
    stm32f4xx_flash.o(i.FLASH_OB_WRPConfig) refers to stm32f4xx_flash.o(i.FLASH_WaitForLastOperation) for FLASH_WaitForLastOperation
    stm32f4xx_flash.o(i.FLASH_ProgramByte) refers to stm32f4xx_flash.o(i.FLASH_WaitForLastOperation) for FLASH_WaitForLastOperation
[...]
    ..\..\RT-Thread\3.0.3\src\memheap.c      0x00000000   Number         0  memheap.o ABSOLUTE
    ..\..\RT-Thread\3.0.3\src\mempool.c      0x00000000   Number         0  mempool.o ABSOLUTE
    ..\..\RT-Thread\3.0.3\src\object.c       0x00000000   Number         0  object.o ABSOLUTE
    ..\..\RT-Thread\3.0.3\src\scheduler.c    0x00000000   Number         0  scheduler.o ABSOLUTE
    ..\..\RT-Thread\3.0.3\src\signal.c       0x00000000   Number         0  signal.o ABSOLUTE
    ..\..\RT-Thread\3.0.3\src\thread.c       0x00000000   Number         0  thread.o ABSOLUTE
    ..\..\RT-Thread\3.0.3\src\timer.c        0x00000000   Number         0  timer.o ABSOLUTE
    ..\..\User\board.c                       0x00000000   Number         0  board.o ABSOLUTE
    ..\..\User\main.c                        0x00000000   Number         0  main.o ABSOLUTE
    ..\..\User\stm32f4xx_it.c                0x00000000   Number         0  stm32f4xx_it.o ABSOLUTE
    ..\\..\\Bsp\\bsp_key.c                   0x00000000   Number         0  bsp_key.o ABSOLUTE
    ..\\..\\Bsp\\bsp_led.c                   0x00000000   Number         0  bsp_led.o ABSOLUTE
    ..\\..\\Bsp\\bsp_uart.c                  0x00000000   Number         0  bsp_uart.o ABSOLUTE
    ..\\..\\Libraries\\CMSIS\\system_stm32f4xx.c 0x00000000   Number         0  system_stm32f4xx.o ABSOLUTE
    ..\\..\\Libraries\\FWlib\\src\\misc.c    0x00000000   Number         0  misc.o ABSOLUTE
    ..\\..\\Libraries\\FWlib\\src\\stm32f4xx_adc.c 0x00000000   Number         0  stm32f4xx_adc.o ABSOLUTE
    ..\\..\\Libraries\\FWlib\\src\\stm32f4xx_can.c 0x00000000   Number         0  stm32f4xx_can.o ABSOLUTE
    ..\\..\\Libraries\\FWlib\\src\\stm32f4xx_dac.c 0x00000000   Number         0  stm32f4xx_dac.o ABSOLUTE
    ..\\..\\Libraries\\FWlib\\src\\stm32f4xx_dbgmcu.c 0x00000000   Number         0  stm32f4xx_dbgmcu.o ABSOLUTE
    ..\\..\\Libraries\\FWlib\\src\\stm32f4xx_dcmi.c 0x00000000   Number         0  stm32f4xx_dcmi.o ABSOLUTE
    ..\\..\\Libraries\\FWlib\\src\\stm32f4xx_dma.c 0x00000000   Number         0  stm32f4xx_dma.o ABSOLUTE
    ..\\..\\Libraries\\FWlib\\src\\stm32f4xx_dma2d.c 0x00000000   Number         0  stm32f4xx_dma2d.o ABSOLUTE
    ..\\..\\Libraries\\FWlib\\src\\stm32f4xx_exti.c 0x00000000   Number         0  stm32f4xx_exti.o ABSOLUTE
    ..\\..\\Libraries\\FWlib\\src\\stm32f4xx_flash.c 0x00000000   Number         0  stm32f4xx_flash.o ABSOLUTE
    ..\\..\\Libraries\\FWlib\\src\\stm32f4xx_flash_ramfunc.c 0x00000000   Number         0  stm32f4xx_flash_ramfunc.o ABSOLUTE
    ..\\..\\Libraries\\FWlib\\src\\stm32f4xx_gpio.c 0x00000000   Number         0  stm32f4xx_gpio.o ABSOLUTE
    ..\\..\\Libraries\\FWlib\\src\\stm32f4xx_i2c.c 0x00000000   Number         0  stm32f4xx_i2c.o ABSOLUTE
    ..\\..\\Libraries\\FWlib\\src\\stm32f4xx_iwdg.c 0x00000000   Number         0  stm32f4xx_iwdg.o ABSOLUTE
    ..\\..\\Libraries\\FWlib\\src\\stm32f4xx_ltdc.c 0x00000000   Number         0  stm32f4xx_ltdc.o ABSOLUTE
    ..\\..\\Libraries\\FWlib\\src\\stm32f4xx_pwr.c 0x00000000   Number         0  stm32f4xx_pwr.o ABSOLUTE
    ..\\..\\Libraries\\FWlib\\src\\stm32f4xx_rcc.c 0x00000000   Number         0  stm32f4xx_rcc.o ABSOLUTE
    ..\\..\\Libraries\\FWlib\\src\\stm32f4xx_rng.c 0x00000000   Number         0  stm32f4xx_rng.o ABSOLUTE
    ..\\..\\Libraries\\FWlib\\src\\stm32f4xx_rtc.c 0x00000000   Number         0  stm32f4xx_rtc.o ABSOLUTE
    ..\\..\\Libraries\\FWlib\\src\\stm32f4xx_sai.c 0x00000000   Number         0  stm32f4xx_sai.o ABSOLUTE
    ..\\..\\Libraries\\FWlib\\src\\stm32f4xx_sdio.c 0x00000000   Number         0  stm32f4xx_sdio.o ABSOLUTE
    ..\\..\\Libraries\\FWlib\\src\\stm32f4xx_spi.c 0x00000000   Number         0  stm32f4xx_spi.o ABSOLUTE
    ..\\..\\Libraries\\FWlib\\src\\stm32f4xx_syscfg.c 0x00000000   Number         0  stm32f4xx_syscfg.o ABSOLUTE
    ..\\..\\Libraries\\FWlib\\src\\stm32f4xx_tim.c 0x00000000   Number         0  stm32f4xx_tim.o ABSOLUTE
    ..\\..\\Libraries\\FWlib\\src\\stm32f4xx_usart.c 0x00000000   Number         0  stm32f4xx_usart.o ABSOLUTE
    ..\\..\\Libraries\\FWlib\\src\\stm32f4xx_wwdg.c 0x00000000   Number         0  stm32f4xx_wwdg.o ABSOLUTE
    ..\\..\\User\\board.c                    0x00000000   Number         0  board.o ABSOLUTE
    ..\\..\\User\\main.c                     0x00000000   Number         0  main.o ABSOLUTE
    ..\\..\\User\\stm32f4xx_it.c             0x00000000   Number         0  stm32f4xx_it.o ABSOLUTE
    dc.s                                     0x00000000   Number         0  dc.o ABSOLUTE
    RESET                                    0x08000000   Section      392  startup_stm32f40_41xxx.o(RESET)
    !!!main                                  0x08000188   Section        8  __main.o(!!!main)
    !!!scatter                               0x08000190   Section       52  __scatter.o(!!!scatter)
    !!handler_copy                           0x080001c4   Section       26  __scatter_copy.o(!!handler_copy)
    !!handler_zi                             0x080001e0   Section       28  __scatter_zi.o(!!handler_zi)
    .ARM.Collect$$libinit$$00000000          0x080001fc   Section        2  libinit.o(.ARM.Collect$$libinit$$00000000)
    .ARM.Collect$$libinit$$00000001          0x080001fe   Section        4  libinit2.o(.ARM.Collect$$libinit$$00000001)
    .ARM.Collect$$libinit$$00000004          0x08000202   Section        0  libinit2.o(.ARM.Collect$$libinit$$00000004)
    .ARM.Collect$$libinit$$0000000A          0x08000202   Section        0  libinit2.o(.ARM.Collect$$libinit$$0000000A)
    .ARM.Collect$$libinit$$0000000C          0x08000202   Section        0  libinit2.o(.ARM.Collect$$libinit$$0000000C)
    .ARM.Collect$$libinit$$0000000E          0x08000202   Section        0  libinit2.o(.ARM.Collect$$libinit$$0000000E)
    .ARM.Collect$$libinit$$00000011          0x08000202   Section        0  libinit2.o(.ARM.Collect$$libinit$$00000011)
    .ARM.Collect$$libinit$$00000013          0x08000202   Section        0  libinit2.o(.ARM.Collect$$libinit$$00000013)
    .ARM.Collect$$libinit$$00000015          0x08000202   Section        0  libinit2.o(.ARM.Collect$$libinit$$00000015)
    .ARM.Collect$$libinit$$00000017          0x08000202   Section        0  libinit2.o(.ARM.Collect$$libinit$$00000017)
    .ARM.Collect$$libinit$$00000019          0x08000202   Section        0  libinit2.o(.ARM.Collect$$libinit$$00000019)
    .ARM.Collect$$libinit$$0000001B          0x08000202   Section        0  libinit2.o(.ARM.Collect$$libinit$$0000001B)
    .ARM.Collect$$libinit$$0000001D          0x08000202   Section        0  libinit2.o(.ARM.Collect$$libinit$$0000001D)
    .ARM.Collect$$libinit$$0000001F          0x08000202   Section        0  libinit2.o(.ARM.Collect$$libinit$$0000001F)
    .ARM.Collect$$libinit$$00000021          0x08000202   Section        0  libinit2.o(.ARM.Collect$$libinit$$00000021)
    .ARM.Collect$$libinit$$00000023          0x08000202   Section        0  libinit2.o(.ARM.Collect$$libinit$$00000023)
    .ARM.Collect$$libinit$$00000025          0x08000202   Section        0  libinit2.o(.ARM.Collect$$libinit$$00000025)
    .ARM.Collect$$libinit$$0000002C          0x08000202   Section        0  libinit2.o(.ARM.Collect$$libinit$$0000002C)
    .ARM.Collect$$libinit$$0000002E          0x08000202   Section        0  libinit2.o(.ARM.Collect$$libinit$$0000002E)
    .ARM.Collect$$libinit$$00000030          0x08000202   Section        0  libinit2.o(.ARM.Collect$$libinit$$00000030)
    .ARM.Collect$$libinit$$00000032          0x08000202   Section        0  libinit2.o(.ARM.Collect$$libinit$$00000032)
    .ARM.Collect$$libinit$$00000033          0x08000202   Section        2  libinit2.o(.ARM.Collect$$libinit$$00000033)
    .ARM.Collect$$libshutdown$$00000000      0x08000204   Section        2  libshutdown.o(.ARM.Collect$$libshutdown$$00000000)
    .ARM.Collect$$libshutdown$$00000002      0x08000206   Section        0  libshutdown2.o(.ARM.Collect$$libshutdown$$00000002)
    .ARM.Collect$$libshutdown$$00000004      0x08000206   Section        0  libshutdown2.o(.ARM.Collect$$libshutdown$$00000004)
    .ARM.Collect$$libshutdown$$00000007      0x08000206   Section        0  libshutdown2.o(.ARM.Collect$$libshutdown$$00000007)
    .ARM.Collect$$libshutdown$$0000000A      0x08000206   Section        0  libshutdown2.o(.ARM.Collect$$libshutdown$$0000000A)
    .ARM.Collect$$libshutdown$$0000000C      0x08000206   Section        0  libshutdown2.o(.ARM.Collect$$libshutdown$$0000000C)
    .ARM.Collect$$libshutdown$$0000000F      0x08000206   Section        0  libshutdown2.o(.ARM.Collect$$libshutdown$$0000000F)
    .ARM.Collect$$libshutdown$$00000010      0x08000206   Section        2  libshutdown2.o(.ARM.Collect$$libshutdown$$00000010)
    .ARM.Collect$$rtentry$$00000000          0x08000208   Section        0  __rtentry.o(.ARM.Collect$$rtentry$$00000000)
    .ARM.Collect$$rtentry$$00000002          0x08000208   Section        0  __rtentry2.o(.ARM.Collect$$rtentry$$00000002)
    .ARM.Collect$$rtentry$$00000004          0x08000208   Section        6  __rtentry4.o(.ARM.Collect$$rtentry$$00000004)
    .ARM.Collect$$rtentry$$00000009          0x0800020e   Section        0  __rtentry2.o(.ARM.Collect$$rtentry$$00000009)
    .ARM.Collect$$rtentry$$0000000A          0x0800020e   Section        4  __rtentry2.o(.ARM.Collect$$rtentry$$0000000A)
    .ARM.Collect$$rtentry$$0000000C          0x08000212   Section        0  __rtentry2.o(.ARM.Collect$$rtentry$$0000000C)
    .ARM.Collect$$rtentry$$0000000D          0x08000212   Section        8  __rtentry2.o(.ARM.Collect$$rtentry$$0000000D)
    .ARM.Collect$$rtexit$$00000000           0x0800021a   Section        2  rtexit.o(.ARM.Collect$$rtexit$$00000000)
    .ARM.Collect$$rtexit$$00000002           0x0800021c   Section        0  rtexit2.o(.ARM.Collect$$rtexit$$00000002)
    .ARM.Collect$$rtexit$$00000003           0x0800021c   Section        4  rtexit2.o(.ARM.Collect$$rtexit$$00000003)
    .ARM.Collect$$rtexit$$00000004           0x08000220   Section        6  rtexit2.o(.ARM.Collect$$rtexit$$00000004)
    .text                                    0x08000228   Section       64  startup_stm32f40_41xxx.o(.text)
    $v0                                      0x08000228   Number         0  startup_stm32f40_41xxx.o(.text)
    .text                                    0x08000268   Section      272  context_rvds.o(.text)
    $v0                                      0x08000268   Number         0  context_rvds.o(.text)
    .text                                    0x08000378   Section        2  use_no_semi_2.o(.text)
    .text                                    0x0800037a   Section        0  heapauxi.o(.text)
    .text                                    0x08000380   Section        2  use_no_semi.o(.text)
    .text                                    0x08000382   Section       74  sys_stackheap_outer.o(.text)
    .text                                    0x080003cc   Section        0  exit.o(.text)
    .text                                    0x080003e0   Section        8  libspace.o(.text)
    i.$Sub$$main                             0x080003e8   Section        0  components.o(i.$Sub$$main)
    i.BusFault_Handler                       0x080003f6   Section        0  stm32f4xx_it.o(i.BusFault_Handler)
    i.DebugMon_Handler                       0x080003fa   Section        0  stm32f4xx_it.o(i.DebugMon_Handler)
    i.GPIO_Init                              0x080003fc   Section        0  stm32f4xx_gpio.o(i.GPIO_Init)
    i.GPIO_PinAFConfig                       0x0800048c   Section        0  stm32f4xx_gpio.o(i.GPIO_PinAFConfig)
    i.KEY_Init                               0x080004d4   Section        0  bsp_key.o(i.KEY_Init)
    i.LED_Init                               0x08000518   Section        0  bsp_led.o(i.LED_Init)
    i.MemManage_Handler                      0x0800057c   Section        0  stm32f4xx_it.o(i.MemManage_Handler)
    i.NMI_Handler                            0x08000580   Section        0  stm32f4xx_it.o(i.NMI_Handler)
    i.RCC_AHB1PeriphClockCmd                 0x08000584   Section        0  stm32f4xx_rcc.o(i.RCC_AHB1PeriphClockCmd)
    i.RCC_APB2PeriphClockCmd                 0x080005a4   Section        0  stm32f4xx_rcc.o(i.RCC_APB2PeriphClockCmd)
    i.RCC_GetClocksFreq                      0x080005c4   Section        0  stm32f4xx_rcc.o(i.RCC_GetClocksFreq)
    i.SVC_Handler                            0x080006ac   Section        0  stm32f4xx_it.o(i.SVC_Handler)
    i.SetSysClock                            0x080006b0   Section        0  system_stm32f4xx.o(i.SetSysClock)
    SetSysClock                              0x080006b1   Thumb Code   220  system_stm32f4xx.o(i.SetSysClock)
    i.SysTick_Handler                        0x0800079c   Section        0  board.o(i.SysTick_Handler)
    i.SystemInit                             0x080007ac   Section        0  system_stm32f4xx.o(i.SystemInit)
    i.UART4_IRQHandler                       0x08000814   Section        0  bsp_uart.o(i.UART4_IRQHandler)
    i.UART5_IRQHandler                       0x08000918   Section        0  bsp_uart.o(i.UART5_IRQHandler)
    i.USART1_IRQHandler                      0x08000a1c   Section        0  bsp_uart.o(i.USART1_IRQHandler)
    i.USART2_IRQHandler                      0x08000b20   Section        0  bsp_uart.o(i.USART2_IRQHandler)
    i.USART3_IRQHandler                      0x08000c24   Section        0  bsp_uart.o(i.USART3_IRQHandler)
    i.USART6_IRQHandler                      0x08000d28   Section        0  bsp_uart.o(i.USART6_IRQHandler)
    i.USART_Cmd                              0x08000e2c   Section        0  stm32f4xx_usart.o(i.USART_Cmd)
    i.USART_GetFlagStatus                    0x08000e44   Section        0  stm32f4xx_usart.o(i.USART_GetFlagStatus)
    i.USART_GetITStatus                      0x08000e5e   Section        0  stm32f4xx_usart.o(i.USART_GetITStatus)
    i.USART_ITConfig                         0x08000eb2   Section        0  stm32f4xx_usart.o(i.USART_ITConfig)
    i.USART_Init                             0x08000efc   Section        0  stm32f4xx_usart.o(i.USART_Init)
    i.USART_ReceiveData                      0x08000fd0   Section        0  stm32f4xx_usart.o(i.USART_ReceiveData)
    i.USART_SendData                         0x08000fda   Section        0  stm32f4xx_usart.o(i.USART_SendData)
    i.Uart1_Init                             0x08000fe4   Section        0  bsp_uart.o(i.Uart1_Init)
    i.Uart_Init                              0x08001080   Section        0  bsp_uart.o(i.Uart_Init)
    i.UsageFault_Handler                     0x08001098   Section        0  stm32f4xx_it.o(i.UsageFault_Handler)
    i.__rt_ffs                               0x0800109c   Section        0  kservice.o(i.__rt_ffs)
    i._has_defunct_thread                    0x080010e8   Section        0  idle.o(i._has_defunct_thread)
    _has_defunct_thread                      0x080010e9   Thumb Code    16  idle.o(i._has_defunct_thread)
    i._rt_thread_init                        0x080010fc   Section        0  thread.o(i._rt_thread_init)
    _rt_thread_init                          0x080010fd   Thumb Code   124  thread.o(i._rt_thread_init)
    i._rt_timer_init                         0x08001180   Section        0  timer.o(i._rt_timer_init)
    _rt_timer_init                           0x08001181   Thumb Code    66  timer.o(i._rt_timer_init)
    i._rt_timer_remove                       0x080011c2   Section        0  timer.o(i._rt_timer_remove)
    _rt_timer_remove                         0x080011c3   Thumb Code    46  timer.o(i._rt_timer_remove)
    i._sys_exit                              0x080011f0   Section        0  bsp_uart.o(i._sys_exit)
    i.main                                   0x080011f4   Section        0  main.o(i.main)
    i.main_thread_entry                      0x08001298   Section        0  components.o(i.main_thread_entry)
    i.plug_holes                             0x080012a8   Section        0  mem.o(i.plug_holes)
    plug_holes                               0x080012a9   Thumb Code   108  mem.o(i.plug_holes)
    i.print_number                           0x08001320   Section        0  kservice.o(i.print_number)
    print_number                             0x08001321   Thumb Code   388  kservice.o(i.print_number)
    i.rt_application_init                    0x080014ac   Section        0  components.o(i.rt_application_init)
    i.rt_components_board_init               0x080014dc   Section        0  components.o(i.rt_components_board_init)
    i.rt_components_init                     0x080014f8   Section        0  components.o(i.rt_components_init)
    i.rt_enter_critical                      0x08001514   Section        0  scheduler.o(i.rt_enter_critical)
    i.rt_exit_critical                       0x08001534   Section        0  scheduler.o(i.rt_exit_critical)
    i.rt_free                                0x08001570   Section        0  mem.o(i.rt_free)
    i.rt_heap_begin_get                      0x08001650   Section        0  board.o(i.rt_heap_begin_get)
    i.rt_heap_end_get                        0x08001658   Section        0  board.o(i.rt_heap_end_get)
    i.rt_hw_board_init                       0x08001660   Section        0  board.o(i.rt_hw_board_init)
    i.rt_hw_console_output                   0x080016e0   Section        0  board.o(i.rt_hw_console_output)
    i.rt_hw_hard_fault_exception             0x08001730   Section        0  cpuport.o(i.rt_hw_hard_fault_exception)
    i.rt_hw_stack_init                       0x0800183c   Section        0  cpuport.o(i.rt_hw_stack_init)
    i.rt_interrupt_enter                     0x0800188c   Section        0  irq.o(i.rt_interrupt_enter)
    i.rt_interrupt_leave                     0x080018ac   Section        0  irq.o(i.rt_interrupt_leave)
    i.rt_ipc_list_resume                     0x080018cc   Section        0  ipc.o(i.rt_ipc_list_resume)
    rt_ipc_list_resume                       0x080018cd   Thumb Code    20  ipc.o(i.rt_ipc_list_resume)
    i.rt_ipc_list_suspend                    0x080018e0   Section        0  ipc.o(i.rt_ipc_list_suspend)
    rt_ipc_list_suspend                      0x080018e1   Thumb Code   108  ipc.o(i.rt_ipc_list_suspend)
    i.rt_ipc_object_init                     0x0800194c   Section        0  ipc.o(i.rt_ipc_object_init)
    rt_ipc_object_init                       0x0800194d   Thumb Code    16  ipc.o(i.rt_ipc_object_init)
    i.rt_kprintf                             0x0800195c   Section        0  kservice.o(i.rt_kprintf)
    i.rt_list_init                           0x0800198c   Section        0  ipc.o(i.rt_list_init)
    rt_list_init                             0x0800198d   Thumb Code     6  ipc.o(i.rt_list_init)
    i.rt_list_init                           0x08001992   Section        0  scheduler.o(i.rt_list_init)
    rt_list_init                             0x08001993   Thumb Code     6  scheduler.o(i.rt_list_init)
    i.rt_list_init                           0x08001998   Section        0  timer.o(i.rt_list_init)
    rt_list_init                             0x08001999   Thumb Code     6  timer.o(i.rt_list_init)
    i.rt_list_insert_after                   0x0800199e   Section        0  object.o(i.rt_list_insert_after)
    rt_list_insert_after                     0x0800199f   Thumb Code    14  object.o(i.rt_list_insert_after)
    i.rt_list_insert_after                   0x080019ac   Section        0  thread.o(i.rt_list_insert_after)
    rt_list_insert_after                     0x080019ad   Thumb Code    14  thread.o(i.rt_list_insert_after)
    i.rt_list_insert_after                   0x080019ba   Section        0  timer.o(i.rt_list_insert_after)
    rt_list_insert_after                     0x080019bb   Thumb Code    14  timer.o(i.rt_list_insert_after)
    i.rt_list_insert_before                  0x080019c8   Section        0  ipc.o(i.rt_list_insert_before)
    rt_list_insert_before                    0x080019c9   Thumb Code    14  ipc.o(i.rt_list_insert_before)
    i.rt_list_isempty                        0x080019d6   Section        0  ipc.o(i.rt_list_isempty)
    rt_list_isempty                          0x080019d7   Thumb Code    16  ipc.o(i.rt_list_isempty)
    i.rt_list_isempty                        0x080019e6   Section        0  timer.o(i.rt_list_isempty)
    rt_list_isempty                          0x080019e7   Thumb Code    16  timer.o(i.rt_list_isempty)
    i.rt_list_remove                         0x080019f6   Section        0  object.o(i.rt_list_remove)
    rt_list_remove                           0x080019f7   Thumb Code    18  object.o(i.rt_list_remove)
    i.rt_list_remove                         0x08001a08   Section        0  thread.o(i.rt_list_remove)
    rt_list_remove                           0x08001a09   Thumb Code    18  thread.o(i.rt_list_remove)
    i.rt_malloc                              0x08001a1c   Section        0  mem.o(i.rt_malloc)
    i.rt_memset                              0x08001b88   Section        0  kservice.o(i.rt_memset)
    i.rt_object_allocate                     0x08001bd0   Section        0  object.o(i.rt_object_allocate)
    i.rt_object_delete                       0x08001c1a   Section        0  object.o(i.rt_object_delete)
    i.rt_object_detach                       0x08001c3a   Section        0  object.o(i.rt_object_detach)
    i.rt_object_get_information              0x08001c54   Section        0  object.o(i.rt_object_get_information)
    i.rt_object_init                         0x08001c7c   Section        0  object.o(i.rt_object_init)
    i.rt_object_is_systemobject              0x08001cb8   Section        0  object.o(i.rt_object_is_systemobject)
    i.rt_schedule                            0x08001ccc   Section        0  scheduler.o(i.rt_schedule)
    i.rt_schedule_insert_thread              0x08001d5c   Section        0  scheduler.o(i.rt_schedule_insert_thread)
    i.rt_schedule_remove_thread              0x08001dac   Section        0  scheduler.o(i.rt_schedule_remove_thread)
    i.rt_sem_init                            0x08001e00   Section        0  ipc.o(i.rt_sem_init)
    i.rt_sem_release                         0x08001e26   Section        0  ipc.o(i.rt_sem_release)
    i.rt_sem_take                            0x08001e60   Section        0  ipc.o(i.rt_sem_take)
    i.rt_show_version                        0x08001ed4   Section        0  kservice.o(i.rt_show_version)
    i.rt_strlen                              0x08001f84   Section        0  kservice.o(i.rt_strlen)
    i.rt_strncpy                             0x08001f96   Section        0  kservice.o(i.rt_strncpy)
    i.rt_system_heap_init                    0x08001fcc   Section        0  mem.o(i.rt_system_heap_init)
    i.rt_system_scheduler_init               0x080020c4   Section        0  scheduler.o(i.rt_system_scheduler_init)
    i.rt_system_scheduler_start              0x08002110   Section        0  scheduler.o(i.rt_system_scheduler_start)
    i.rt_system_timer_init                   0x08002140   Section        0  timer.o(i.rt_system_timer_init)
    i.rt_system_timer_thread_init            0x0800215c   Section        0  timer.o(i.rt_system_timer_thread_init)
    i.rt_thread_create                       0x0800215e   Section        0  thread.o(i.rt_thread_create)
    i.rt_thread_exit                         0x080021b0   Section        0  thread.o(i.rt_thread_exit)
    i.rt_thread_idle_entry                   0x08002204   Section        0  idle.o(i.rt_thread_idle_entry)
    rt_thread_idle_entry                     0x08002205   Thumb Code     8  idle.o(i.rt_thread_idle_entry)
    i.rt_thread_idle_excute                  0x0800220c   Section        0  idle.o(i.rt_thread_idle_excute)
    i.rt_thread_idle_init                    0x08002290   Section        0  idle.o(i.rt_thread_idle_init)
    i.rt_thread_init                         0x080022cc   Section        0  thread.o(i.rt_thread_init)
    i.rt_thread_resume                       0x08002300   Section        0  thread.o(i.rt_thread_resume)
    i.rt_thread_self                         0x0800233c   Section        0  thread.o(i.rt_thread_self)
    i.rt_thread_startup                      0x08002348   Section        0  thread.o(i.rt_thread_startup)
    i.rt_thread_suspend                      0x08002374   Section        0  thread.o(i.rt_thread_suspend)
    i.rt_thread_timeout                      0x080023b8   Section        0  thread.o(i.rt_thread_timeout)
    i.rt_thread_yield                        0x080023d8   Section        0  thread.o(i.rt_thread_yield)
    i.rt_tick_get                            0x0800243c   Section        0  clock.o(i.rt_tick_get)
    i.rt_tick_increase                       0x08002448   Section        0  clock.o(i.rt_tick_increase)
    i.rt_timer_check                         0x08002478   Section        0  timer.o(i.rt_timer_check)
    i.rt_timer_control                       0x080024f4   Section        0  timer.o(i.rt_timer_control)
    i.rt_timer_create                        0x0800252c   Section        0  timer.o(i.rt_timer_create)
    i.rt_timer_detach                        0x08002562   Section        0  timer.o(i.rt_timer_detach)
    i.rt_timer_init                          0x08002582   Section        0  timer.o(i.rt_timer_init)
    i.rt_timer_start                         0x080025b0   Section        0  timer.o(i.rt_timer_start)
    i.rt_timer_stop                          0x080026a8   Section        0  timer.o(i.rt_timer_stop)
    i.rt_vsnprintf                           0x080026d8   Section        0  kservice.o(i.rt_vsnprintf)
    i.rti_board_end                          0x08002a00   Section        0  components.o(i.rti_board_end)
    rti_board_end                            0x08002a01   Thumb Code     4  components.o(i.rti_board_end)
    i.rti_board_start                        0x08002a04   Section        0  components.o(i.rti_board_start)
    rti_board_start                          0x08002a05   Thumb Code     4  components.o(i.rti_board_start)
    i.rti_end                                0x08002a08   Section        0  components.o(i.rti_end)
    rti_end                                  0x08002a09   Thumb Code     4  components.o(i.rti_end)
    i.rti_start                              0x08002a0c   Section        0  components.o(i.rti_start)
    rti_start                                0x08002a0d   Thumb Code     4  components.o(i.rti_start)
    i.rtthread_startup                       0x08002a10   Section        0  components.o(i.rtthread_startup)
    i.skip_atoi                              0x08002a3a   Section        0  kservice.o(i.skip_atoi)
    skip_atoi                                0x08002a3b   Thumb Code    38  kservice.o(i.skip_atoi)
    i.swtmr1_callback                        0x08002a60   Section        0  main.o(i.swtmr1_callback)
    swtmr1_callback                          0x08002a61   Thumb Code    40  main.o(i.swtmr1_callback)
    i.swtmr2_callback                        0x08002ac4   Section        0  main.o(i.swtmr2_callback)
    swtmr2_callback                          0x08002ac5   Thumb Code    40  main.o(i.swtmr2_callback)
    x$fpl$fpinit                             0x08002b28   Section       10  fpinit.o(x$fpl$fpinit)
    $v0                                      0x08002b28   Number         0  fpinit.o(x$fpl$fpinit)
    .constdata                               0x08002b32   Section      290  kservice.o(.constdata)
    small_digits                             0x08002c32   Data          17  kservice.o(.constdata)
    large_digits                             0x08002c43   Data          17  kservice.o(.constdata)
    .rti_fn.0                                0x08002c54   Section        4  components.o(.rti_fn.0)
    __tagsym$$used                           0x08002c54   Number         0  components.o(.rti_fn.0)
    .rti_fn.0.end                            0x08002c58   Section        4  components.o(.rti_fn.0.end)
    __tagsym$$used                           0x08002c58   Number         0  components.o(.rti_fn.0.end)
    .rti_fn.1.end                            0x08002c5c   Section        4  components.o(.rti_fn.1.end)
    __tagsym$$used                           0x08002c5c   Number         0  components.o(.rti_fn.1.end)
    .rti_fn.6.end                            0x08002c60   Section        4  components.o(.rti_fn.6.end)
    __tagsym$$used                           0x08002c60   Number         0  components.o(.rti_fn.6.end)
    .data                                    0x20000000   Section       20  system_stm32f4xx.o(.data)
    .data                                    0x20000014   Section       16  stm32f4xx_rcc.o(.data)
    APBAHBPrescTable                         0x20000014   Data          16  stm32f4xx_rcc.o(.data)
    .data                                    0x20000024   Section       16  main.o(.data)
    swtmr1                                   0x20000024   Data           4  main.o(.data)
    swtmr2                                   0x20000028   Data           4  main.o(.data)
    TmrCb_Count1                             0x2000002c   Data           4  main.o(.data)
    TmrCb_Count2                             0x20000030   Data           4  main.o(.data)
    .data                                    0x20000034   Section       52  bsp_uart.o(.data)
    .data                                    0x20000068   Section        4  clock.o(.data)
    rt_tick                                  0x20000068   Data           4  clock.o(.data)
    .data                                    0x2000006c   Section        1  irq.o(.data)
    .data                                    0x20000070   Section       24  mem.o(.data)
    heap_ptr                                 0x20000070   Data           4  mem.o(.data)
    heap_end                                 0x20000074   Data           4  mem.o(.data)
    lfree                                    0x20000078   Data           4  mem.o(.data)
    mem_size_aligned                         0x2000007c   Data           4  mem.o(.data)
    used_mem                                 0x20000080   Data           4  mem.o(.data)
    max_mem                                  0x20000084   Data           4  mem.o(.data)
    .data                                    0x20000088   Section       80  object.o(.data)
    rt_object_container                      0x20000088   Data          80  object.o(.data)
    .data                                    0x200000d8   Section       24  scheduler.o(.data)
    rt_scheduler_lock_nest                   0x200000d8   Data           2  scheduler.o(.data)
    .data                                    0x200000f0   Section       12  timer.o(.data)
    rt_timer_list                            0x200000f0   Data           8  timer.o(.data)
    random_nr                                0x200000f8   Data           4  timer.o(.data)
    .data                                    0x200000fc   Section       16  cpuport.o(.data)
    rt_exception_hook                        0x20000108   Data           4  cpuport.o(.data)
    .bss                                     0x2000010c   Section     4096  board.o(.bss)
    rt_heap                                  0x2000010c   Data        4096  board.o(.bss)
    .bss                                     0x2000110c   Section      768  bsp_uart.o(.bss)
    .bss                                     0x2000140c   Section      384  idle.o(.bss)
    idle                                     0x2000140c   Data         128  idle.o(.bss)
    rt_thread_stack                          0x2000148c   Data         256  idle.o(.bss)
    .bss                                     0x2000158c   Section      128  kservice.o(.bss)
    rt_log_buf                               0x2000158c   Data         128  kservice.o(.bss)
    .bss                                     0x2000160c   Section       32  mem.o(.bss)
    heap_sem                                 0x2000160c   Data          32  mem.o(.bss)
    .bss                                     0x2000162c   Section      256  scheduler.o(.bss)
    .bss                                     0x2000172c   Section       96  libspace.o(.bss)
    HEAP                                     0x20001790   Section      512  startup_stm32f40_41xxx.o(HEAP)
    Heap_Mem                                 0x20001790   Data         512  startup_stm32f40_41xxx.o(HEAP)
    STACK                                    0x20001990   Section     1024  startup_stm32f40_41xxx.o(STACK)
    Stack_Mem                                0x20001990   Data        1024  startup_stm32f40_41xxx.o(STACK)
    __initial_sp                             0x20001d90   Data           0  startup_stm32f40_41xxx.o(STACK)

    Global Symbols

    Symbol Name                              Value     Ov Type        Size  Object(Section)

    BuildAttributes$$THM_ISAv4$E$P$D$K$B$S$7EM$VFPi3$EXTD16$VFPS$VFMA$PE$A:L22UL41UL21$X:L11$S22US41US21$IEEE1$IW$USESV6$~STKCKD$USESV7$~SHL$OSPACE$ROPI$EBA8$UX$STANDARDLIB$REQ8$PRES8$EABIv2 0x00000000   Number         0  anon$$obj.o ABSOLUTE
    __ARM_use_no_argv                        0x00000000   Number         0  main.o ABSOLUTE
    __ARM_exceptions_init                     - Undefined Weak Reference
    __alloca_initialize                       - Undefined Weak Reference
    __arm_preinit_                            - Undefined Weak Reference
    __cpp_initialize__aeabi_                  - Undefined Weak Reference
    __cxa_finalize                            - Undefined Weak Reference
    __rt_locale                               - Undefined Weak Reference
    __sigvec_lookup                           - Undefined Weak Reference
    _atexit_init                              - Undefined Weak Reference
    _call_atexit_fns                          - Undefined Weak Reference
    _clock_init                               - Undefined Weak Reference
    _fp_trap_init                             - Undefined Weak Reference
    _fp_trap_shutdown                         - Undefined Weak Reference
    _get_lc_collate                           - Undefined Weak Reference
    _get_lc_ctype                             - Undefined Weak Reference
    _get_lc_monetary                          - Undefined Weak Reference
    _get_lc_numeric                           - Undefined Weak Reference
    _get_lc_time                              - Undefined Weak Reference
    _getenv_init                              - Undefined Weak Reference
    _handle_redirection                       - Undefined Weak Reference
    _init_alloc                               - Undefined Weak Reference
    _init_user_alloc                          - Undefined Weak Reference
    _initio                                   - Undefined Weak Reference
    _rand_init                                - Undefined Weak Reference
    _signal_finish                            - Undefined Weak Reference
    _signal_init                              - Undefined Weak Reference
    _terminate_alloc                          - Undefined Weak Reference
    _terminate_user_alloc                     - Undefined Weak Reference
    _terminateio                              - Undefined Weak Reference
    __Vectors_Size                           0x00000188   Number         0  startup_stm32f40_41xxx.o ABSOLUTE
    __Vectors                                0x08000000   Data           4  startup_stm32f40_41xxx.o(RESET)
    __Vectors_End                            0x08000188   Data           0  startup_stm32f40_41xxx.o(RESET)
    __main                                   0x08000189   Thumb Code     8  __main.o(!!!main)
    __scatterload                            0x08000191   Thumb Code     0  __scatter.o(!!!scatter)
    __scatterload_rt2                        0x08000191   Thumb Code    44  __scatter.o(!!!scatter)
    __scatterload_rt2_thumb_only             0x08000191   Thumb Code     0  __scatter.o(!!!scatter)
    __scatterload_null                       0x0800019f   Thumb Code     0  __scatter.o(!!!scatter)
    __scatterload_copy                       0x080001c5   Thumb Code    26  __scatter_copy.o(!!handler_copy)
    __scatterload_zeroinit                   0x080001e1   Thumb Code    28  __scatter_zi.o(!!handler_zi)
    __rt_lib_init                            0x080001fd   Thumb Code     0  libinit.o(.ARM.Collect$$libinit$$00000000)
    __rt_lib_init_fp_1                       0x080001ff   Thumb Code     0  libinit2.o(.ARM.Collect$$libinit$$00000001)
    __rt_lib_init_alloca_1                   0x08000203   Thumb Code     0  libinit2.o(.ARM.Collect$$libinit$$0000002E)
    __rt_lib_init_argv_1                     0x08000203   Thumb Code     0  libinit2.o(.ARM.Collect$$libinit$$0000002C)
    __rt_lib_init_atexit_1                   0x08000203   Thumb Code     0  libinit2.o(.ARM.Collect$$libinit$$0000001B)
    __rt_lib_init_clock_1                    0x08000203   Thumb Code     0  libinit2.o(.ARM.Collect$$libinit$$00000021)
    __rt_lib_init_cpp_1                      0x08000203   Thumb Code     0  libinit2.o(.ARM.Collect$$libinit$$00000032)
    __rt_lib_init_exceptions_1               0x08000203   Thumb Code     0  libinit2.o(.ARM.Collect$$libinit$$00000030)
    __rt_lib_init_fp_trap_1                  0x08000203   Thumb Code     0  libinit2.o(.ARM.Collect$$libinit$$0000001F)
    __rt_lib_init_getenv_1                   0x08000203   Thumb Code     0  libinit2.o(.ARM.Collect$$libinit$$00000023)
    __rt_lib_init_heap_1                     0x08000203   Thumb Code     0  libinit2.o(.ARM.Collect$$libinit$$0000000A)
    __rt_lib_init_lc_collate_1               0x08000203   Thumb Code     0  libinit2.o(.ARM.Collect$$libinit$$00000011)
    __rt_lib_init_lc_ctype_1                 0x08000203   Thumb Code     0  libinit2.o(.ARM.Collect$$libinit$$00000013)
    __rt_lib_init_lc_monetary_1              0x08000203   Thumb Code     0  libinit2.o(.ARM.Collect$$libinit$$00000015)
    __rt_lib_init_lc_numeric_1               0x08000203   Thumb Code     0  libinit2.o(.ARM.Collect$$libinit$$00000017)
    __rt_lib_init_lc_time_1                  0x08000203   Thumb Code     0  libinit2.o(.ARM.Collect$$libinit$$00000019)
    __rt_lib_init_preinit_1                  0x08000203   Thumb Code     0  libinit2.o(.ARM.Collect$$libinit$$00000004)
    __rt_lib_init_rand_1                     0x08000203   Thumb Code     0  libinit2.o(.ARM.Collect$$libinit$$0000000E)
    __rt_lib_init_return                     0x08000203   Thumb Code     0  libinit2.o(.ARM.Collect$$libinit$$00000033)
    __rt_lib_init_signal_1                   0x08000203   Thumb Code     0  libinit2.o(.ARM.Collect$$libinit$$0000001D)
    __rt_lib_init_stdio_1                    0x08000203   Thumb Code     0  libinit2.o(.ARM.Collect$$libinit$$00000025)
    __rt_lib_init_user_alloc_1               0x08000203   Thumb Code     0  libinit2.o(.ARM.Collect$$libinit$$0000000C)
    __rt_lib_shutdown                        0x08000205   Thumb Code     0  libshutdown.o(.ARM.Collect$$libshutdown$$00000000)
    __rt_lib_shutdown_cpp_1                  0x08000207   Thumb Code     0  libshutdown2.o(.ARM.Collect$$libshutdown$$00000002)
    __rt_lib_shutdown_fp_trap_1              0x08000207   Thumb Code     0  libshutdown2.o(.ARM.Collect$$libshutdown$$00000007)
    __rt_lib_shutdown_heap_1                 0x08000207   Thumb Code     0  libshutdown2.o(.ARM.Collect$$libshutdown$$0000000F)
    __rt_lib_shutdown_return                 0x08000207   Thumb Code     0  libshutdown2.o(.ARM.Collect$$libshutdown$$00000010)
    __rt_lib_shutdown_signal_1               0x08000207   Thumb Code     0  libshutdown2.o(.ARM.Collect$$libshutdown$$0000000A)
    __rt_lib_shutdown_stdio_1                0x08000207   Thumb Code     0  libshutdown2.o(.ARM.Collect$$libshutdown$$00000004)
    __rt_lib_shutdown_user_alloc_1           0x08000207   Thumb Code     0  libshutdown2.o(.ARM.Collect$$libshutdown$$0000000C)
    __rt_entry                               0x08000209   Thumb Code     0  __rtentry.o(.ARM.Collect$$rtentry$$00000000)
    __rt_entry_presh_1                       0x08000209   Thumb Code     0  __rtentry2.o(.ARM.Collect$$rtentry$$00000002)
    __rt_entry_sh                            0x08000209   Thumb Code     0  __rtentry4.o(.ARM.Collect$$rtentry$$00000004)
    __rt_entry_li                            0x0800020f   Thumb Code     0  __rtentry2.o(.ARM.Collect$$rtentry$$0000000A)
    __rt_entry_postsh_1                      0x0800020f   Thumb Code     0  __rtentry2.o(.ARM.Collect$$rtentry$$00000009)
    __rt_entry_main                          0x08000213   Thumb Code     0  __rtentry2.o(.ARM.Collect$$rtentry$$0000000D)
    __rt_entry_postli_1                      0x08000213   Thumb Code     0  __rtentry2.o(.ARM.Collect$$rtentry$$0000000C)
    __rt_exit                                0x0800021b   Thumb Code     0  rtexit.o(.ARM.Collect$$rtexit$$00000000)
    __rt_exit_ls                             0x0800021d   Thumb Code     0  rtexit2.o(.ARM.Collect$$rtexit$$00000003)
    __rt_exit_prels_1                        0x0800021d   Thumb Code     0  rtexit2.o(.ARM.Collect$$rtexit$$00000002)
    __rt_exit_exit                           0x08000221   Thumb Code     0  rtexit2.o(.ARM.Collect$$rtexit$$00000004)
    Reset_Handler                            0x08000229   Thumb Code     8  startup_stm32f40_41xxx.o(.text)
    ADC_IRQHandler                           0x08000243   Thumb Code     0  startup_stm32f40_41xxx.o(.text)
    CAN1_RX0_IRQHandler                      0x08000243   Thumb Code     0  startup_stm32f40_41xxx.o(.text)
    CAN1_RX1_IRQHandler                      0x08000243   Thumb Code     0  startup_stm32f40_41xxx.o(.text)
    CAN1_SCE_IRQHandler                      0x08000243   Thumb Code     0  startup_stm32f40_41xxx.o(.text)
    CAN1_TX_IRQHandler                       0x08000243   Thumb Code     0  startup_stm32f40_41xxx.o(.text)
    CAN2_RX0_IRQHandler                      0x08000243   Thumb Code     0  startup_stm32f40_41xxx.o(.text)
    CAN2_RX1_IRQHandler                      0x08000243   Thumb Code     0  startup_stm32f40_41xxx.o(.text)
    CAN2_SCE_IRQHandler                      0x08000243   Thumb Code     0  startup_stm32f40_41xxx.o(.text)
    CAN2_TX_IRQHandler                       0x08000243   Thumb Code     0  startup_stm32f40_41xxx.o(.text)
    CRYP_IRQHandler                          0x08000243   Thumb Code     0  startup_stm32f40_41xxx.o(.text)
    DCMI_IRQHandler                          0x08000243   Thumb Code     0  startup_stm32f40_41xxx.o(.text)
    DMA1_Stream0_IRQHandler                  0x08000243   Thumb Code     0  startup_stm32f40_41xxx.o(.text)
    DMA1_Stream1_IRQHandler                  0x08000243   Thumb Code     0  startup_stm32f40_41xxx.o(.text)
    DMA1_Stream2_IRQHandler                  0x08000243   Thumb Code     0  startup_stm32f40_41xxx.o(.text)
    DMA1_Stream3_IRQHandler                  0x08000243   Thumb Code     0  startup_stm32f40_41xxx.o(.text)
    DMA1_Stream4_IRQHandler                  0x08000243   Thumb Code     0  startup_stm32f40_41xxx.o(.text)
    DMA1_Stream5_IRQHandler                  0x08000243   Thumb Code     0  startup_stm32f40_41xxx.o(.text)
    DMA1_Stream6_IRQHandler                  0x08000243   Thumb Code     0  startup_stm32f40_41xxx.o(.text)
    DMA1_Stream7_IRQHandler                  0x08000243   Thumb Code     0  startup_stm32f40_41xxx.o(.text)
    DMA2_Stream0_IRQHandler                  0x08000243   Thumb Code     0  startup_stm32f40_41xxx.o(.text)
    DMA2_Stream1_IRQHandler                  0x08000243   Thumb Code     0  startup_stm32f40_41xxx.o(.text)
    DMA2_Stream2_IRQHandler                  0x08000243   Thumb Code     0  startup_stm32f40_41xxx.o(.text)
    DMA2_Stream3_IRQHandler                  0x08000243   Thumb Code     0  startup_stm32f40_41xxx.o(.text)
    DMA2_Stream4_IRQHandler                  0x08000243   Thumb Code     0  startup_stm32f40_41xxx.o(.text)
    DMA2_Stream5_IRQHandler                  0x08000243   Thumb Code     0  startup_stm32f40_41xxx.o(.text)
    DMA2_Stream6_IRQHandler                  0x08000243   Thumb Code     0  startup_stm32f40_41xxx.o(.text)
    DMA2_Stream7_IRQHandler                  0x08000243   Thumb Code     0  startup_stm32f40_41xxx.o(.text)
    ETH_IRQHandler                           0x08000243   Thumb Code     0  startup_stm32f40_41xxx.o(.text)
    ETH_WKUP_IRQHandler                      0x08000243   Thumb Code     0  startup_stm32f40_41xxx.o(.text)
    EXTI0_IRQHandler                         0x08000243   Thumb Code     0  startup_stm32f40_41xxx.o(.text)
    EXTI15_10_IRQHandler                     0x08000243   Thumb Code     0  startup_stm32f40_41xxx.o(.text)
    EXTI1_IRQHandler                         0x08000243   Thumb Code     0  startup_stm32f40_41xxx.o(.text)
    EXTI2_IRQHandler                         0x08000243   Thumb Code     0  startup_stm32f40_41xxx.o(.text)
    EXTI3_IRQHandler                         0x08000243   Thumb Code     0  startup_stm32f40_41xxx.o(.text)
    EXTI4_IRQHandler                         0x08000243   Thumb Code     0  startup_stm32f40_41xxx.o(.text)
    EXTI9_5_IRQHandler                       0x08000243   Thumb Code     0  startup_stm32f40_41xxx.o(.text)
    FLASH_IRQHandler                         0x08000243   Thumb Code     0  startup_stm32f40_41xxx.o(.text)
    FPU_IRQHandler                           0x08000243   Thumb Code     0  startup_stm32f40_41xxx.o(.text)
    FSMC_IRQHandler                          0x08000243   Thumb Code     0  startup_stm32f40_41xxx.o(.text)
    HASH_RNG_IRQHandler                      0x08000243   Thumb Code     0  startup_stm32f40_41xxx.o(.text)
    I2C1_ER_IRQHandler                       0x08000243   Thumb Code     0  startup_stm32f40_41xxx.o(.text)
    I2C1_EV_IRQHandler                       0x08000243   Thumb Code     0  startup_stm32f40_41xxx.o(.text)
    I2C2_ER_IRQHandler                       0x08000243   Thumb Code     0  startup_stm32f40_41xxx.o(.text)
    I2C2_EV_IRQHandler                       0x08000243   Thumb Code     0  startup_stm32f40_41xxx.o(.text)
    I2C3_ER_IRQHandler                       0x08000243   Thumb Code     0  startup_stm32f40_41xxx.o(.text)
    I2C3_EV_IRQHandler                       0x08000243   Thumb Code     0  startup_stm32f40_41xxx.o(.text)
    OTG_FS_IRQHandler                        0x08000243   Thumb Code     0  startup_stm32f40_41xxx.o(.text)
    OTG_FS_WKUP_IRQHandler                   0x08000243   Thumb Code     0  startup_stm32f40_41xxx.o(.text)
    OTG_HS_EP1_IN_IRQHandler                 0x08000243   Thumb Code     0  startup_stm32f40_41xxx.o(.text)
    OTG_HS_EP1_OUT_IRQHandler                0x08000243   Thumb Code     0  startup_stm32f40_41xxx.o(.text)
    OTG_HS_IRQHandler                        0x08000243   Thumb Code     0  startup_stm32f40_41xxx.o(.text)
    OTG_HS_WKUP_IRQHandler                   0x08000243   Thumb Code     0  startup_stm32f40_41xxx.o(.text)
    PVD_IRQHandler                           0x08000243   Thumb Code     0  startup_stm32f40_41xxx.o(.text)
    RCC_IRQHandler                           0x08000243   Thumb Code     0  startup_stm32f40_41xxx.o(.text)
    RTC_Alarm_IRQHandler                     0x08000243   Thumb Code     0  startup_stm32f40_41xxx.o(.text)
    RTC_WKUP_IRQHandler                      0x08000243   Thumb Code     0  startup_stm32f40_41xxx.o(.text)
    SDIO_IRQHandler                          0x08000243   Thumb Code     0  startup_stm32f40_41xxx.o(.text)
    SPI1_IRQHandler                          0x08000243   Thumb Code     0  startup_stm32f40_41xxx.o(.text)
    SPI2_IRQHandler                          0x08000243   Thumb Code     0  startup_stm32f40_41xxx.o(.text)
    SPI3_IRQHandler                          0x08000243   Thumb Code     0  startup_stm32f40_41xxx.o(.text)
    TAMP_STAMP_IRQHandler                    0x08000243   Thumb Code     0  startup_stm32f40_41xxx.o(.text)
    TIM1_BRK_TIM9_IRQHandler                 0x08000243   Thumb Code     0  startup_stm32f40_41xxx.o(.text)
    TIM1_CC_IRQHandler                       0x08000243   Thumb Code     0  startup_stm32f40_41xxx.o(.text)
    TIM1_TRG_COM_TIM11_IRQHandler            0x08000243   Thumb Code     0  startup_stm32f40_41xxx.o(.text)
    TIM1_UP_TIM10_IRQHandler                 0x08000243   Thumb Code     0  startup_stm32f40_41xxx.o(.text)
    TIM2_IRQHandler                          0x08000243   Thumb Code     0  startup_stm32f40_41xxx.o(.text)
    TIM3_IRQHandler                          0x08000243   Thumb Code     0  startup_stm32f40_41xxx.o(.text)
    TIM4_IRQHandler                          0x08000243   Thumb Code     0  startup_stm32f40_41xxx.o(.text)
    TIM5_IRQHandler                          0x08000243   Thumb Code     0  startup_stm32f40_41xxx.o(.text)
    TIM6_DAC_IRQHandler                      0x08000243   Thumb Code     0  startup_stm32f40_41xxx.o(.text)
    TIM7_IRQHandler                          0x08000243   Thumb Code     0  startup_stm32f40_41xxx.o(.text)
    TIM8_BRK_TIM12_IRQHandler                0x08000243   Thumb Code     0  startup_stm32f40_41xxx.o(.text)
    TIM8_CC_IRQHandler                       0x08000243   Thumb Code     0  startup_stm32f40_41xxx.o(.text)
    TIM8_TRG_COM_TIM14_IRQHandler            0x08000243   Thumb Code     0  startup_stm32f40_41xxx.o(.text)
    TIM8_UP_TIM13_IRQHandler                 0x08000243   Thumb Code     0  startup_stm32f40_41xxx.o(.text)
    WWDG_IRQHandler                          0x08000243   Thumb Code     0  startup_stm32f40_41xxx.o(.text)
    __user_initial_stackheap                 0x08000245   Thumb Code     0  startup_stm32f40_41xxx.o(.text)
    rt_hw_interrupt_disable                  0x08000269   Thumb Code     8  context_rvds.o(.text)
    rt_hw_interrupt_enable                   0x08000271   Thumb Code     6  context_rvds.o(.text)
    rt_hw_context_switch                     0x08000277   Thumb Code    32  context_rvds.o(.text)
    rt_hw_context_switch_interrupt           0x08000277   Thumb Code     0  context_rvds.o(.text)
    PendSV_Handler                           0x08000297   Thumb Code   108  context_rvds.o(.text)
    rt_hw_context_switch_to                  0x08000303   Thumb Code    70  context_rvds.o(.text)
    rt_hw_interrupt_thread_switch            0x08000349   Thumb Code     2  context_rvds.o(.text)
    HardFault_Handler                        0x0800034b   Thumb Code    20  context_rvds.o(.text)
    __use_no_semihosting                     0x08000379   Thumb Code     2  use_no_semi_2.o(.text)
    __use_two_region_memory                  0x0800037b   Thumb Code     2  heapauxi.o(.text)
    __rt_heap_escrow$2region                 0x0800037d   Thumb Code     2  heapauxi.o(.text)
    __rt_heap_expand$2region                 0x0800037f   Thumb Code     2  heapauxi.o(.text)
    __I$use$semihosting                      0x08000381   Thumb Code     0  use_no_semi.o(.text)
    __use_no_semihosting_swi                 0x08000381   Thumb Code     2  use_no_semi.o(.text)
    __user_setup_stackheap                   0x08000383   Thumb Code    74  sys_stackheap_outer.o(.text)
    exit                                     0x080003cd   Thumb Code    18  exit.o(.text)
    __user_libspace                          0x080003e1   Thumb Code     8  libspace.o(.text)
    __user_perproc_libspace                  0x080003e1   Thumb Code     0  libspace.o(.text)
    __user_perthread_libspace                0x080003e1   Thumb Code     0  libspace.o(.text)
    main                                     0x080003e9   Thumb Code    14  components.o(i.$Sub$$main)
    BusFault_Handler                         0x080003f7   Thumb Code     4  stm32f4xx_it.o(i.BusFault_Handler)
    DebugMon_Handler                         0x080003fb   Thumb Code     2  stm32f4xx_it.o(i.DebugMon_Handler)
    GPIO_Init                                0x080003fd   Thumb Code   144  stm32f4xx_gpio.o(i.GPIO_Init)
    GPIO_PinAFConfig                         0x0800048d   Thumb Code    70  stm32f4xx_gpio.o(i.GPIO_PinAFConfig)
    KEY_Init                                 0x080004d5   Thumb Code    60  bsp_key.o(i.KEY_Init)
    LED_Init                                 0x08000519   Thumb Code    96  bsp_led.o(i.LED_Init)
    MemManage_Handler                        0x0800057d   Thumb Code     4  stm32f4xx_it.o(i.MemManage_Handler)
    NMI_Handler                              0x08000581   Thumb Code     2  stm32f4xx_it.o(i.NMI_Handler)
    RCC_AHB1PeriphClockCmd                   0x08000585   Thumb Code    26  stm32f4xx_rcc.o(i.RCC_AHB1PeriphClockCmd)
    RCC_APB2PeriphClockCmd                   0x080005a5   Thumb Code    26  stm32f4xx_rcc.o(i.RCC_APB2PeriphClockCmd)
    RCC_GetClocksFreq                        0x080005c5   Thumb Code   214  stm32f4xx_rcc.o(i.RCC_GetClocksFreq)
    SVC_Handler                              0x080006ad   Thumb Code     2  stm32f4xx_it.o(i.SVC_Handler)
    SysTick_Handler                          0x0800079d   Thumb Code    16  board.o(i.SysTick_Handler)
    SystemInit                               0x080007ad   Thumb Code    88  system_stm32f4xx.o(i.SystemInit)
    UART4_IRQHandler                         0x08000815   Thumb Code   246  bsp_uart.o(i.UART4_IRQHandler)
    UART5_IRQHandler                         0x08000919   Thumb Code   246  bsp_uart.o(i.UART5_IRQHandler)
    USART1_IRQHandler                        0x08000a1d   Thumb Code   246  bsp_uart.o(i.USART1_IRQHandler)
    USART2_IRQHandler                        0x08000b21   Thumb Code   246  bsp_uart.o(i.USART2_IRQHandler)
    USART3_IRQHandler                        0x08000c25   Thumb Code   246  bsp_uart.o(i.USART3_IRQHandler)
    USART6_IRQHandler                        0x08000d29   Thumb Code   246  bsp_uart.o(i.USART6_IRQHandler)
    USART_Cmd                                0x08000e2d   Thumb Code    24  stm32f4xx_usart.o(i.USART_Cmd)
    USART_GetFlagStatus                      0x08000e45   Thumb Code    26  stm32f4xx_usart.o(i.USART_GetFlagStatus)
    USART_GetITStatus                        0x08000e5f   Thumb Code    84  stm32f4xx_usart.o(i.USART_GetITStatus)
    USART_ITConfig                           0x08000eb3   Thumb Code    74  stm32f4xx_usart.o(i.USART_ITConfig)
    USART_Init                               0x08000efd   Thumb Code   204  stm32f4xx_usart.o(i.USART_Init)
    USART_ReceiveData                        0x08000fd1   Thumb Code    10  stm32f4xx_usart.o(i.USART_ReceiveData)
    USART_SendData                           0x08000fdb   Thumb Code     8  stm32f4xx_usart.o(i.USART_SendData)
    Uart1_Init                               0x08000fe5   Thumb Code   142  bsp_uart.o(i.Uart1_Init)
    Uart_Init                                0x08001081   Thumb Code    20  bsp_uart.o(i.Uart_Init)
    UsageFault_Handler                       0x08001099   Thumb Code     4  stm32f4xx_it.o(i.UsageFault_Handler)
    __rt_ffs                                 0x0800109d   Thumb Code    70  kservice.o(i.__rt_ffs)
    _sys_exit                                0x080011f1   Thumb Code     4  bsp_uart.o(i._sys_exit)
    $Super$$main                             0x080011f5   Thumb Code    96  main.o(i.main)
    main_thread_entry                        0x08001299   Thumb Code    14  components.o(i.main_thread_entry)
    rt_application_init                      0x080014ad   Thumb Code    34  components.o(i.rt_application_init)
    rt_components_board_init                 0x080014dd   Thumb Code    20  components.o(i.rt_components_board_init)
    rt_components_init                       0x080014f9   Thumb Code    20  components.o(i.rt_components_init)
    rt_enter_critical                        0x08001515   Thumb Code    28  scheduler.o(i.rt_enter_critical)
    rt_exit_critical                         0x08001535   Thumb Code    54  scheduler.o(i.rt_exit_critical)
    rt_free                                  0x08001571   Thumb Code   128  mem.o(i.rt_free)
    rt_heap_begin_get                        0x08001651   Thumb Code     4  board.o(i.rt_heap_begin_get)
    rt_heap_end_get                          0x08001659   Thumb Code     4  board.o(i.rt_heap_end_get)
    rt_hw_board_init                         0x08001661   Thumb Code   116  board.o(i.rt_hw_board_init)
    rt_hw_console_output                     0x080016e1   Thumb Code    74  board.o(i.rt_hw_console_output)
    rt_hw_hard_fault_exception               0x08001731   Thumb Code   108  cpuport.o(i.rt_hw_hard_fault_exception)
    rt_hw_stack_init                         0x0800183d   Thumb Code    74  cpuport.o(i.rt_hw_stack_init)
    rt_interrupt_enter                       0x0800188d   Thumb Code    26  irq.o(i.rt_interrupt_enter)
    rt_interrupt_leave                       0x080018ad   Thumb Code    26  irq.o(i.rt_interrupt_leave)
    rt_kprintf                               0x0800195d   Thumb Code    44  kservice.o(i.rt_kprintf)
    rt_malloc                                0x08001a1d   Thumb Code   336  mem.o(i.rt_malloc)
    rt_memset                                0x08001b89   Thumb Code    72  kservice.o(i.rt_memset)
    rt_object_allocate                       0x08001bd1   Thumb Code    74  object.o(i.rt_object_allocate)
    rt_object_delete                         0x08001c1b   Thumb Code    32  object.o(i.rt_object_delete)
    rt_object_detach                         0x08001c3b   Thumb Code    26  object.o(i.rt_object_detach)
    rt_object_get_information                0x08001c55   Thumb Code    36  object.o(i.rt_object_get_information)
    rt_object_init                           0x08001c7d   Thumb Code    60  object.o(i.rt_object_init)
    rt_object_is_systemobject                0x08001cb9   Thumb Code    18  object.o(i.rt_object_is_systemobject)
    rt_schedule                              0x08001ccd   Thumb Code   118  scheduler.o(i.rt_schedule)
    rt_schedule_insert_thread                0x08001d5d   Thumb Code    72  scheduler.o(i.rt_schedule_insert_thread)
    rt_schedule_remove_thread                0x08001dad   Thumb Code    76  scheduler.o(i.rt_schedule_remove_thread)
    rt_sem_init                              0x08001e01   Thumb Code    38  ipc.o(i.rt_sem_init)
    rt_sem_release                           0x08001e27   Thumb Code    58  ipc.o(i.rt_sem_release)
    rt_sem_take                              0x08001e61   Thumb Code   116  ipc.o(i.rt_sem_take)
    rt_show_version                          0x08001ed5   Thumb Code    38  kservice.o(i.rt_show_version)
    rt_strlen                                0x08001f85   Thumb Code    18  kservice.o(i.rt_strlen)
    rt_strncpy                               0x08001f97   Thumb Code    52  kservice.o(i.rt_strncpy)
    rt_system_heap_init                      0x08001fcd   Thumb Code   160  mem.o(i.rt_system_heap_init)
    rt_system_scheduler_init                 0x080020c5   Thumb Code    52  scheduler.o(i.rt_system_scheduler_init)
    rt_system_scheduler_start                0x08002111   Thumb Code    36  scheduler.o(i.rt_system_scheduler_start)
    rt_system_timer_init                     0x08002141   Thumb Code    24  timer.o(i.rt_system_timer_init)
    rt_system_timer_thread_init              0x0800215d   Thumb Code     2  timer.o(i.rt_system_timer_thread_init)
    rt_thread_create                         0x0800215f   Thumb Code    80  thread.o(i.rt_thread_create)
    rt_thread_exit                           0x080021b1   Thumb Code    76  thread.o(i.rt_thread_exit)
    rt_thread_idle_excute                    0x0800220d   Thumb Code   128  idle.o(i.rt_thread_idle_excute)
    rt_thread_idle_init                      0x08002291   Thumb Code    38  idle.o(i.rt_thread_idle_init)
    rt_thread_init                           0x080022cd   Thumb Code    52  thread.o(i.rt_thread_init)
    rt_thread_resume                         0x08002301   Thumb Code    60  thread.o(i.rt_thread_resume)
    rt_thread_self                           0x0800233d   Thumb Code     6  thread.o(i.rt_thread_self)
    rt_thread_startup                        0x08002349   Thumb Code    44  thread.o(i.rt_thread_startup)
    rt_thread_suspend                        0x08002375   Thumb Code    68  thread.o(i.rt_thread_suspend)
    rt_thread_timeout                        0x080023b9   Thumb Code    32  thread.o(i.rt_thread_timeout)
    rt_thread_yield                          0x080023d9   Thumb Code    92  thread.o(i.rt_thread_yield)
    rt_tick_get                              0x0800243d   Thumb Code     6  clock.o(i.rt_tick_get)
    rt_tick_increase                         0x08002449   Thumb Code    42  clock.o(i.rt_tick_increase)
    rt_timer_check                           0x08002479   Thumb Code   118  timer.o(i.rt_timer_check)
    rt_timer_control                         0x080024f5   Thumb Code    56  timer.o(i.rt_timer_control)
    rt_timer_create                          0x0800252d   Thumb Code    54  timer.o(i.rt_timer_create)
    rt_timer_detach                          0x08002563   Thumb Code    32  timer.o(i.rt_timer_detach)
    rt_timer_init                            0x08002583   Thumb Code    46  timer.o(i.rt_timer_init)
    rt_timer_start                           0x080025b1   Thumb Code   238  timer.o(i.rt_timer_start)
    rt_timer_stop                            0x080026a9   Thumb Code    48  timer.o(i.rt_timer_stop)
    rt_vsnprintf                             0x080026d9   Thumb Code   800  kservice.o(i.rt_vsnprintf)
    rtthread_startup                         0x08002a11   Thumb Code    42  components.o(i.rtthread_startup)
    _fp_init                                 0x08002b29   Thumb Code    10  fpinit.o(x$fpl$fpinit)
    __fplib_config_fpu_vfp                   0x08002b31   Thumb Code     0  fpinit.o(x$fpl$fpinit)
    __fplib_config_pureend_doubles           0x08002b31   Thumb Code     0  fpinit.o(x$fpl$fpinit)
    __lowest_bit_bitmap                      0x08002b32   Data         256  kservice.o(.constdata)
    __rt_init_rti_start                      0x08002c54   Data           4  components.o(.rti_fn.0)
    __rt_init_rti_board_start                0x08002c58   Data           4  components.o(.rti_fn.0.end)
    __rt_init_rti_board_end                  0x08002c5c   Data           4  components.o(.rti_fn.1.end)
    __rt_init_rti_end                        0x08002c60   Data           4  components.o(.rti_fn.6.end)
    Region$$Table$$Base                      0x08002c64   Number         0  anon$$obj.o(Region$$Table)
    Region$$Table$$Limit                     0x08002c84   Number         0  anon$$obj.o(Region$$Table)
    SystemCoreClock                          0x20000000   Data           4  system_stm32f4xx.o(.data)
    AHBPrescTable                            0x20000004   Data          16  system_stm32f4xx.o(.data)
    g_UART1_STA                              0x20000034   Data           8  bsp_uart.o(.data)
    g_UART2_STA                              0x2000003c   Data           8  bsp_uart.o(.data)
    g_UART3_STA                              0x20000044   Data           8  bsp_uart.o(.data)
    g_UART4_STA                              0x2000004c   Data           8  bsp_uart.o(.data)
    g_UART5_STA                              0x20000054   Data           8  bsp_uart.o(.data)
    g_UART6_STA                              0x2000005c   Data           8  bsp_uart.o(.data)
    __stdout                                 0x20000064   Data           4  bsp_uart.o(.data)
    rt_interrupt_nest                        0x2000006c   Data           1  irq.o(.data)
    rt_current_thread                        0x200000dc   Data           4  scheduler.o(.data)
    rt_current_priority                      0x200000e0   Data           1  scheduler.o(.data)
    rt_thread_ready_priority_group           0x200000e4   Data           4  scheduler.o(.data)
    rt_thread_defunct                        0x200000e8   Data           8  scheduler.o(.data)
    rt_interrupt_from_thread                 0x200000fc   Data           4  cpuport.o(.data)
    rt_interrupt_to_thread                   0x20000100   Data           4  cpuport.o(.data)
    rt_thread_switch_interrupt_flag          0x20000104   Data           4  cpuport.o(.data)
    USART1_RX_BUF                            0x2000110c   Data          64  bsp_uart.o(.bss)
    USART1_TX_BUF                            0x2000114c   Data          64  bsp_uart.o(.bss)
    USART2_RX_BUF                            0x2000118c   Data          64  bsp_uart.o(.bss)
    USART2_TX_BUF                            0x200011cc   Data          64  bsp_uart.o(.bss)
    USART3_RX_BUF                            0x2000120c   Data          64  bsp_uart.o(.bss)
    USART3_TX_BUF                            0x2000124c   Data          64  bsp_uart.o(.bss)
    USART4_RX_BUF                            0x2000128c   Data          64  bsp_uart.o(.bss)
    USART4_TX_BUF                            0x200012cc   Data          64  bsp_uart.o(.bss)
    USART5_RX_BUF                            0x2000130c   Data          64  bsp_uart.o(.bss)
    USART5_TX_BUF                            0x2000134c   Data          64  bsp_uart.o(.bss)
    USART6_RX_BUF                            0x2000138c   Data          64  bsp_uart.o(.bss)
    USART6_TX_BUF                            0x200013cc   Data          64  bsp_uart.o(.bss)
    rt_thread_priority_table                 0x2000162c   Data         256  scheduler.o(.bss)
    __libspace_start                         0x2000172c   Data          96  libspace.o(.bss)
    __temporary_stack_top$libspace           0x2000178c   Data           0  libspace.o(.bss)



==============================================================================

Memory Map of the image

  Image Entry point : 0x08000189

  Load Region LR_IROM1 (Base: 0x08000000, Size: 0x00002d90, Max: 0x00100000, ABSOLUTE)

    Execution Region ER_IROM1 (Exec base: 0x08000000, Load base: 0x08000000, Size: 0x00002c84, Max: 0x00100000, ABSOLUTE)

    Exec Addr    Load Addr    Size         Type   Attr      Idx    E Section Name        Object

    0x08000000   0x08000000   0x00000188   Data   RO            3    RESET               startup_stm32f40_41xxx.o
    0x08000188   0x08000188   0x00000008   Code   RO         5981  * !!!main             c_w.l(__main.o)
    0x08000190   0x08000190   0x00000034   Code   RO         6136    !!!scatter          c_w.l(__scatter.o)
    0x080001c4   0x080001c4   0x0000001a   Code   RO         6138    !!handler_copy      c_w.l(__scatter_copy.o)
    0x080001de   0x080001de   0x00000002   PAD
    0x080001e0   0x080001e0   0x0000001c   Code   RO         6140    !!handler_zi        c_w.l(__scatter_zi.o)
    0x080001fc   0x080001fc   0x00000002   Code   RO         6010    .ARM.Collect$$libinit$$00000000  c_w.l(libinit.o)
    0x080001fe   0x080001fe   0x00000004   Code   RO         6016    .ARM.Collect$$libinit$$00000001  c_w.l(libinit2.o)
    0x08000202   0x08000202   0x00000000   Code   RO         6019    .ARM.Collect$$libinit$$00000004  c_w.l(libinit2.o)
    0x08000202   0x08000202   0x00000000   Code   RO         6022    .ARM.Collect$$libinit$$0000000A  c_w.l(libinit2.o)
    0x08000202   0x08000202   0x00000000   Code   RO         6024    .ARM.Collect$$libinit$$0000000C  c_w.l(libinit2.o)
    0x08000202   0x08000202   0x00000000   Code   RO         6026    .ARM.Collect$$libinit$$0000000E  c_w.l(libinit2.o)
    0x08000202   0x08000202   0x00000000   Code   RO         6029    .ARM.Collect$$libinit$$00000011  c_w.l(libinit2.o)
    0x08000202   0x08000202   0x00000000   Code   RO         6031    .ARM.Collect$$libinit$$00000013  c_w.l(libinit2.o)
    0x08000202   0x08000202   0x00000000   Code   RO         6033    .ARM.Collect$$libinit$$00000015  c_w.l(libinit2.o)
    0x08000202   0x08000202   0x00000000   Code   RO         6035    .ARM.Collect$$libinit$$00000017  c_w.l(libinit2.o)
    0x08000202   0x08000202   0x00000000   Code   RO         6037    .ARM.Collect$$libinit$$00000019  c_w.l(libinit2.o)
    0x08000202   0x08000202   0x00000000   Code   RO         6039    .ARM.Collect$$libinit$$0000001B  c_w.l(libinit2.o)
    0x08000202   0x08000202   0x00000000   Code   RO         6041    .ARM.Collect$$libinit$$0000001D  c_w.l(libinit2.o)
    0x08000202   0x08000202   0x00000000   Code   RO         6043    .ARM.Collect$$libinit$$0000001F  c_w.l(libinit2.o)
    0x08000202   0x08000202   0x00000000   Code   RO         6045    .ARM.Collect$$libinit$$00000021  c_w.l(libinit2.o)
    0x08000202   0x08000202   0x00000000   Code   RO         6047    .ARM.Collect$$libinit$$00000023  c_w.l(libinit2.o)
    0x08000202   0x08000202   0x00000000   Code   RO         6049    .ARM.Collect$$libinit$$00000025  c_w.l(libinit2.o)
    0x08000202   0x08000202   0x00000000   Code   RO         6053    .ARM.Collect$$libinit$$0000002C  c_w.l(libinit2.o)
    0x08000202   0x08000202   0x00000000   Code   RO         6055    .ARM.Collect$$libinit$$0000002E  c_w.l(libinit2.o)
    0x08000202   0x08000202   0x00000000   Code   RO         6057    .ARM.Collect$$libinit$$00000030  c_w.l(libinit2.o)
    0x08000202   0x08000202   0x00000000   Code   RO         6059    .ARM.Collect$$libinit$$00000032  c_w.l(libinit2.o)
    0x08000202   0x08000202   0x00000002   Code   RO         6060    .ARM.Collect$$libinit$$00000033  c_w.l(libinit2.o)
    0x08000204   0x08000204   0x00000002   Code   RO         6078    .ARM.Collect$$libshutdown$$00000000  c_w.l(libshutdown.o)
    0x08000206   0x08000206   0x00000000   Code   RO         6088    .ARM.Collect$$libshutdown$$00000002  c_w.l(libshutdown2.o)
    0x08000206   0x08000206   0x00000000   Code   RO         6090    .ARM.Collect$$libshutdown$$00000004  c_w.l(libshutdown2.o)
    0x08000206   0x08000206   0x00000000   Code   RO         6093    .ARM.Collect$$libshutdown$$00000007  c_w.l(libshutdown2.o)
    0x08000206   0x08000206   0x00000000   Code   RO         6096    .ARM.Collect$$libshutdown$$0000000A  c_w.l(libshutdown2.o)
    0x08000206   0x08000206   0x00000000   Code   RO         6098    .ARM.Collect$$libshutdown$$0000000C  c_w.l(libshutdown2.o)
    0x08000206   0x08000206   0x00000000   Code   RO         6101    .ARM.Collect$$libshutdown$$0000000F  c_w.l(libshutdown2.o)
    0x08000206   0x08000206   0x00000002   Code   RO         6102    .ARM.Collect$$libshutdown$$00000010  c_w.l(libshutdown2.o)
    0x08000208   0x08000208   0x00000000   Code   RO         5985    .ARM.Collect$$rtentry$$00000000  c_w.l(__rtentry.o)
    0x08000208   0x08000208   0x00000000   Code   RO         5987    .ARM.Collect$$rtentry$$00000002  c_w.l(__rtentry2.o)
    0x08000208   0x08000208   0x00000006   Code   RO         5999    .ARM.Collect$$rtentry$$00000004  c_w.l(__rtentry4.o)
    0x0800020e   0x0800020e   0x00000000   Code   RO         5989    .ARM.Collect$$rtentry$$00000009  c_w.l(__rtentry2.o)
    0x0800020e   0x0800020e   0x00000004   Code   RO         5990    .ARM.Collect$$rtentry$$0000000A  c_w.l(__rtentry2.o)
    0x08000212   0x08000212   0x00000000   Code   RO         5992    .ARM.Collect$$rtentry$$0000000C  c_w.l(__rtentry2.o)
    0x08000212   0x08000212   0x00000008   Code   RO         5993    .ARM.Collect$$rtentry$$0000000D  c_w.l(__rtentry2.o)
    0x0800021a   0x0800021a   0x00000002   Code   RO         6014    .ARM.Collect$$rtexit$$00000000  c_w.l(rtexit.o)
    0x0800021c   0x0800021c   0x00000000   Code   RO         6062    .ARM.Collect$$rtexit$$00000002  c_w.l(rtexit2.o)
    0x0800021c   0x0800021c   0x00000004   Code   RO         6063    .ARM.Collect$$rtexit$$00000003  c_w.l(rtexit2.o)
    0x08000220   0x08000220   0x00000006   Code   RO         6064    .ARM.Collect$$rtexit$$00000004  c_w.l(rtexit2.o)
    0x08000226   0x08000226   0x00000002   PAD
    0x08000228   0x08000228   0x00000040   Code   RO            4    .text               startup_stm32f40_41xxx.o
    0x08000268   0x08000268   0x00000110   Code   RO         5938    .text               context_rvds.o
    0x08000378   0x08000378   0x00000002   Code   RO         5977    .text               c_w.l(use_no_semi_2.o)
    0x0800037a   0x0800037a   0x00000006   Code   RO         5979    .text               c_w.l(heapauxi.o)
    0x08000380   0x08000380   0x00000002   Code   RO         5983    .text               c_w.l(use_no_semi.o)
    0x08000382   0x08000382   0x0000004a   Code   RO         6001    .text               c_w.l(sys_stackheap_outer.o)
    0x080003cc   0x080003cc   0x00000012   Code   RO         6003    .text               c_w.l(exit.o)
    0x080003de   0x080003de   0x00000002   PAD
    0x080003e0   0x080003e0   0x00000008   Code   RO         6011    .text               c_w.l(libspace.o)
    0x080003e8   0x080003e8   0x0000000e   Code   RO         5003    i.$Sub$$main        components.o
    0x080003f6   0x080003f6   0x00000004   Code   RO         4516    i.BusFault_Handler  stm32f4xx_it.o
    0x080003fa   0x080003fa   0x00000002   Code   RO         4517    i.DebugMon_Handler  stm32f4xx_it.o
    0x080003fc   0x080003fc   0x00000090   Code   RO         1472    i.GPIO_Init         stm32f4xx_gpio.o
    0x0800048c   0x0800048c   0x00000046   Code   RO         1473    i.GPIO_PinAFConfig  stm32f4xx_gpio.o
    0x080004d2   0x080004d2   0x00000002   PAD
    0x080004d4   0x080004d4   0x00000044   Code   RO         4934    i.KEY_Init          bsp_key.o
    0x08000518   0x08000518   0x00000064   Code   RO         4777    i.LED_Init          bsp_led.o
    0x0800057c   0x0800057c   0x00000004   Code   RO         4518    i.MemManage_Handler  stm32f4xx_it.o
    0x08000580   0x08000580   0x00000002   Code   RO         4519    i.NMI_Handler       stm32f4xx_it.o
    0x08000582   0x08000582   0x00000002   PAD
    0x08000584   0x08000584   0x00000020   Code   RO         2162    i.RCC_AHB1PeriphClockCmd  stm32f4xx_rcc.o
    0x080005a4   0x080005a4   0x00000020   Code   RO         2174    i.RCC_APB2PeriphClockCmd  stm32f4xx_rcc.o
    0x080005c4   0x080005c4   0x000000e8   Code   RO         2183    i.RCC_GetClocksFreq  stm32f4xx_rcc.o
    0x080006ac   0x080006ac   0x00000002   Code   RO         4520    i.SVC_Handler       stm32f4xx_it.o
    0x080006ae   0x080006ae   0x00000002   PAD
    0x080006b0   0x080006b0   0x000000ec   Code   RO           12    i.SetSysClock       system_stm32f4xx.o
    0x0800079c   0x0800079c   0x00000010   Code   RO         4569    i.SysTick_Handler   board.o
    0x080007ac   0x080007ac   0x00000068   Code   RO           14    i.SystemInit        system_stm32f4xx.o
    0x08000814   0x08000814   0x00000104   Code   RO         4801    i.UART4_IRQHandler  bsp_uart.o
    0x08000918   0x08000918   0x00000104   Code   RO         4802    i.UART5_IRQHandler  bsp_uart.o
    0x08000a1c   0x08000a1c   0x00000104   Code   RO         4803    i.USART1_IRQHandler  bsp_uart.o
    0x08000b20   0x08000b20   0x00000104   Code   RO         4804    i.USART2_IRQHandler  bsp_uart.o
    0x08000c24   0x08000c24   0x00000104   Code   RO         4805    i.USART3_IRQHandler  bsp_uart.o
    0x08000d28   0x08000d28   0x00000104   Code   RO         4806    i.USART6_IRQHandler  bsp_uart.o
    0x08000e2c   0x08000e2c   0x00000018   Code   RO         4059    i.USART_Cmd         stm32f4xx_usart.o
    0x08000e44   0x08000e44   0x0000001a   Code   RO         4062    i.USART_GetFlagStatus  stm32f4xx_usart.o
    0x08000e5e   0x08000e5e   0x00000054   Code   RO         4063    i.USART_GetITStatus  stm32f4xx_usart.o
    0x08000eb2   0x08000eb2   0x0000004a   Code   RO         4065    i.USART_ITConfig    stm32f4xx_usart.o
    0x08000efc   0x08000efc   0x000000d4   Code   RO         4066    i.USART_Init        stm32f4xx_usart.o
    0x08000fd0   0x08000fd0   0x0000000a   Code   RO         4073    i.USART_ReceiveData  stm32f4xx_usart.o
    0x08000fda   0x08000fda   0x00000008   Code   RO         4076    i.USART_SendData    stm32f4xx_usart.o
    0x08000fe2   0x08000fe2   0x00000002   PAD
    0x08000fe4   0x08000fe4   0x0000009c   Code   RO         4807    i.Uart1_Init        bsp_uart.o
    0x08001080   0x08001080   0x00000018   Code   RO         4813    i.Uart_Init         bsp_uart.o
    0x08001098   0x08001098   0x00000004   Code   RO         4521    i.UsageFault_Handler  stm32f4xx_it.o
    0x0800109c   0x0800109c   0x0000004c   Code   RO         5326    i.__rt_ffs          kservice.o
    0x080010e8   0x080010e8   0x00000014   Code   RO         5077    i._has_defunct_thread  idle.o
    0x080010fc   0x080010fc   0x00000084   Code   RO         5716    i._rt_thread_init   thread.o
    0x08001180   0x08001180   0x00000042   Code   RO         5831    i._rt_timer_init    timer.o
    0x080011c2   0x080011c2   0x0000002e   Code   RO         5832    i._rt_timer_remove  timer.o
    0x080011f0   0x080011f0   0x00000004   Code   RO         4816    i._sys_exit         bsp_uart.o
    0x080011f4   0x080011f4   0x000000a4   Code   RO         4305    i.main              main.o
    0x08001298   0x08001298   0x0000000e   Code   RO         5004    i.main_thread_entry  components.o
    0x080012a6   0x080012a6   0x00000002   PAD
    0x080012a8   0x080012a8   0x00000078   Code   RO         5503    i.plug_holes        mem.o
    0x08001320   0x08001320   0x0000018c   Code   RO         5328    i.print_number      kservice.o
    0x080014ac   0x080014ac   0x00000030   Code   RO         5005    i.rt_application_init  components.o
    0x080014dc   0x080014dc   0x0000001c   Code   RO         5006    i.rt_components_board_init  components.o
    0x080014f8   0x080014f8   0x0000001c   Code   RO         5007    i.rt_components_init  components.o
    0x08001514   0x08001514   0x00000020   Code   RO         5635    i.rt_enter_critical  scheduler.o
    0x08001534   0x08001534   0x0000003c   Code   RO         5636    i.rt_exit_critical  scheduler.o
    0x08001570   0x08001570   0x000000e0   Code   RO         5505    i.rt_free           mem.o
    0x08001650   0x08001650   0x00000008   Code   RO         4570    i.rt_heap_begin_get  board.o
    0x08001658   0x08001658   0x00000008   Code   RO         4571    i.rt_heap_end_get   board.o
    0x08001660   0x08001660   0x00000080   Code   RO         4572    i.rt_hw_board_init  board.o
    0x080016e0   0x080016e0   0x00000050   Code   RO         4573    i.rt_hw_console_output  board.o
    0x08001730   0x08001730   0x0000010c   Code   RO         5944    i.rt_hw_hard_fault_exception  cpuport.o
    0x0800183c   0x0800183c   0x00000050   Code   RO         5945    i.rt_hw_stack_init  cpuport.o
    0x0800188c   0x0800188c   0x00000020   Code   RO         5299    i.rt_interrupt_enter  irq.o
    0x080018ac   0x080018ac   0x00000020   Code   RO         5301    i.rt_interrupt_leave  irq.o
    0x080018cc   0x080018cc   0x00000014   Code   RO         5124    i.rt_ipc_list_resume  ipc.o
    0x080018e0   0x080018e0   0x0000006c   Code   RO         5126    i.rt_ipc_list_suspend  ipc.o
    0x0800194c   0x0800194c   0x00000010   Code   RO         5127    i.rt_ipc_object_init  ipc.o
    0x0800195c   0x0800195c   0x00000030   Code   RO         5332    i.rt_kprintf        kservice.o
    0x0800198c   0x0800198c   0x00000006   Code   RO         5128    i.rt_list_init      ipc.o
    0x08001992   0x08001992   0x00000006   Code   RO         5637    i.rt_list_init      scheduler.o
    0x08001998   0x08001998   0x00000006   Code   RO         5833    i.rt_list_init      timer.o
    0x0800199e   0x0800199e   0x0000000e   Code   RO         5565    i.rt_list_insert_after  object.o
    0x080019ac   0x080019ac   0x0000000e   Code   RO         5717    i.rt_list_insert_after  thread.o
    0x080019ba   0x080019ba   0x0000000e   Code   RO         5834    i.rt_list_insert_after  timer.o
    0x080019c8   0x080019c8   0x0000000e   Code   RO         5129    i.rt_list_insert_before  ipc.o
    0x080019d6   0x080019d6   0x00000010   Code   RO         5130    i.rt_list_isempty   ipc.o
    0x080019e6   0x080019e6   0x00000010   Code   RO         5835    i.rt_list_isempty   timer.o
    0x080019f6   0x080019f6   0x00000012   Code   RO         5566    i.rt_list_remove    object.o
    0x08001a08   0x08001a08   0x00000012   Code   RO         5718    i.rt_list_remove    thread.o
    0x08001a1a   0x08001a1a   0x00000002   PAD
    0x08001a1c   0x08001a1c   0x0000016c   Code   RO         5506    i.rt_malloc         mem.o
    0x08001b88   0x08001b88   0x00000048   Code   RO         5338    i.rt_memset         kservice.o
    0x08001bd0   0x08001bd0   0x0000004a   Code   RO         5567    i.rt_object_allocate  object.o
    0x08001c1a   0x08001c1a   0x00000020   Code   RO         5568    i.rt_object_delete  object.o
    0x08001c3a   0x08001c3a   0x0000001a   Code   RO         5569    i.rt_object_detach  object.o
    0x08001c54   0x08001c54   0x00000028   Code   RO         5571    i.rt_object_get_information  object.o
    0x08001c7c   0x08001c7c   0x0000003c   Code   RO         5572    i.rt_object_init    object.o
    0x08001cb8   0x08001cb8   0x00000012   Code   RO         5573    i.rt_object_is_systemobject  object.o
    0x08001cca   0x08001cca   0x00000002   PAD
    0x08001ccc   0x08001ccc   0x00000090   Code   RO         5638    i.rt_schedule       scheduler.o
    0x08001d5c   0x08001d5c   0x00000050   Code   RO         5639    i.rt_schedule_insert_thread  scheduler.o
    0x08001dac   0x08001dac   0x00000054   Code   RO         5640    i.rt_schedule_remove_thread  scheduler.o
    0x08001e00   0x08001e00   0x00000026   Code   RO         5143    i.rt_sem_init       ipc.o
    0x08001e26   0x08001e26   0x0000003a   Code   RO         5144    i.rt_sem_release    ipc.o
    0x08001e60   0x08001e60   0x00000074   Code   RO         5145    i.rt_sem_take       ipc.o
    0x08001ed4   0x08001ed4   0x000000b0   Code   RO         5340    i.rt_show_version   kservice.o
    0x08001f84   0x08001f84   0x00000012   Code   RO         5346    i.rt_strlen         kservice.o
    0x08001f96   0x08001f96   0x00000034   Code   RO         5348    i.rt_strncpy        kservice.o
    0x08001fca   0x08001fca   0x00000002   PAD
    0x08001fcc   0x08001fcc   0x000000f8   Code   RO         5509    i.rt_system_heap_init  mem.o
    0x080020c4   0x080020c4   0x0000004c   Code   RO         5641    i.rt_system_scheduler_init  scheduler.o
    0x08002110   0x08002110   0x00000030   Code   RO         5642    i.rt_system_scheduler_start  scheduler.o
    0x08002140   0x08002140   0x0000001c   Code   RO         5836    i.rt_system_timer_init  timer.o
    0x0800215c   0x0800215c   0x00000002   Code   RO         5837    i.rt_system_timer_thread_init  timer.o
    0x0800215e   0x0800215e   0x00000050   Code   RO         5720    i.rt_thread_create  thread.o
    0x080021ae   0x080021ae   0x00000002   PAD
    0x080021b0   0x080021b0   0x00000054   Code   RO         5724    i.rt_thread_exit    thread.o
    0x08002204   0x08002204   0x00000008   Code   RO         5078    i.rt_thread_idle_entry  idle.o
    0x0800220c   0x0800220c   0x00000084   Code   RO         5079    i.rt_thread_idle_excute  idle.o
    0x08002290   0x08002290   0x0000003c   Code   RO         5081    i.rt_thread_idle_init  idle.o
    0x080022cc   0x080022cc   0x00000034   Code   RO         5726    i.rt_thread_init    thread.o
    0x08002300   0x08002300   0x0000003c   Code   RO         5727    i.rt_thread_resume  thread.o
    0x0800233c   0x0800233c   0x0000000c   Code   RO         5728    i.rt_thread_self    thread.o
    0x08002348   0x08002348   0x0000002c   Code   RO         5730    i.rt_thread_startup  thread.o
    0x08002374   0x08002374   0x00000044   Code   RO         5731    i.rt_thread_suspend  thread.o
    0x080023b8   0x080023b8   0x00000020   Code   RO         5732    i.rt_thread_timeout  thread.o
    0x080023d8   0x080023d8   0x00000064   Code   RO         5733    i.rt_thread_yield   thread.o
    0x0800243c   0x0800243c   0x0000000c   Code   RO         4961    i.rt_tick_get       clock.o
    0x08002448   0x08002448   0x00000030   Code   RO         4962    i.rt_tick_increase  clock.o
    0x08002478   0x08002478   0x0000007c   Code   RO         5838    i.rt_timer_check    timer.o
    0x080024f4   0x080024f4   0x00000038   Code   RO         5839    i.rt_timer_control  timer.o
    0x0800252c   0x0800252c   0x00000036   Code   RO         5840    i.rt_timer_create   timer.o
    0x08002562   0x08002562   0x00000020   Code   RO         5842    i.rt_timer_detach   timer.o
    0x08002582   0x08002582   0x0000002e   Code   RO         5843    i.rt_timer_init     timer.o
    0x080025b0   0x080025b0   0x000000f8   Code   RO         5846    i.rt_timer_start    timer.o
    0x080026a8   0x080026a8   0x00000030   Code   RO         5847    i.rt_timer_stop     timer.o
    0x080026d8   0x080026d8   0x00000328   Code   RO         5351    i.rt_vsnprintf      kservice.o
    0x08002a00   0x08002a00   0x00000004   Code   RO         5008    i.rti_board_end     components.o
    0x08002a04   0x08002a04   0x00000004   Code   RO         5009    i.rti_board_start   components.o
    0x08002a08   0x08002a08   0x00000004   Code   RO         5010    i.rti_end           components.o
    0x08002a0c   0x08002a0c   0x00000004   Code   RO         5011    i.rti_start         components.o
    0x08002a10   0x08002a10   0x0000002a   Code   RO         5012    i.rtthread_startup  components.o
    0x08002a3a   0x08002a3a   0x00000026   Code   RO         5353    i.skip_atoi         kservice.o
    0x08002a60   0x08002a60   0x00000064   Code   RO         4306    i.swtmr1_callback   main.o
    0x08002ac4   0x08002ac4   0x00000064   Code   RO         4307    i.swtmr2_callback   main.o
    0x08002b28   0x08002b28   0x0000000a   Code   RO         6070    x$fpl$fpinit        fz_wm.l(fpinit.o)
    0x08002b32   0x08002b32   0x00000122   Data   RO         5355    .constdata          kservice.o
    0x08002c54   0x08002c54   0x00000004   Data   RO         5013    .rti_fn.0           components.o
    0x08002c58   0x08002c58   0x00000004   Data   RO         5014    .rti_fn.0.end       components.o
    0x08002c5c   0x08002c5c   0x00000004   Data   RO         5015    .rti_fn.1.end       components.o
    0x08002c60   0x08002c60   0x00000004   Data   RO         5016    .rti_fn.6.end       components.o
    0x08002c64   0x08002c64   0x00000020   Data   RO         6134    Region$$Table       anon$$obj.o


    Execution Region RW_IRAM1 (Exec base: 0x20000000, Load base: 0x08002c84, Size: 0x00001d90, Max: 0x00020000, ABSOLUTE)

    Exec Addr    Load Addr    Size         Type   Attr      Idx    E Section Name        Object

    0x20000000   0x08002c84   0x00000014   Data   RW           15    .data               system_stm32f4xx.o
    0x20000014   0x08002c98   0x00000010   Data   RW         2215    .data               stm32f4xx_rcc.o
    0x20000024   0x08002ca8   0x00000010   Data   RW         4308    .data               main.o
    0x20000034   0x08002cb8   0x00000034   Data   RW         4820    .data               bsp_uart.o
    0x20000068   0x08002cec   0x00000004   Data   RW         4964    .data               clock.o
    0x2000006c   0x08002cf0   0x00000001   Data   RW         5302    .data               irq.o
    0x2000006d   0x08002cf1   0x00000003   PAD
    0x20000070   0x08002cf4   0x00000018   Data   RW         5511    .data               mem.o
    0x20000088   0x08002d0c   0x00000050   Data   RW         5575    .data               object.o
    0x200000d8   0x08002d5c   0x00000018   Data   RW         5644    .data               scheduler.o
    0x200000f0   0x08002d74   0x0000000c   Data   RW         5848    .data               timer.o
    0x200000fc   0x08002d80   0x00000010   Data   RW         5946    .data               cpuport.o
    0x2000010c        -       0x00001000   Zero   RW         4574    .bss                board.o
    0x2000110c        -       0x00000300   Zero   RW         4819    .bss                bsp_uart.o
    0x2000140c        -       0x00000180   Zero   RW         5082    .bss                idle.o
    0x2000158c        -       0x00000080   Zero   RW         5354    .bss                kservice.o
    0x2000160c        -       0x00000020   Zero   RW         5510    .bss                mem.o
    0x2000162c        -       0x00000100   Zero   RW         5643    .bss                scheduler.o
    0x2000172c        -       0x00000060   Zero   RW         6012    .bss                c_w.l(libspace.o)
    0x2000178c   0x08002d90   0x00000004   PAD
    0x20001790        -       0x00000200   Zero   RW            2    HEAP                startup_stm32f40_41xxx.o
    0x20001990        -       0x00000400   Zero   RW            1    STACK               startup_stm32f40_41xxx.o


==============================================================================

Image component sizes


      Code (inc. data)   RO Data    RW Data    ZI Data      Debug   Object Name

       240         26          0          0       4096     276253   board.o
        68          8          0          0          0        583   bsp_key.o
       100          4          0          0          0        607   bsp_led.o
      1744        102          0         52        768      10545   bsp_uart.o
        60         12          0          4          0       1429   clock.o
       190         30         16          0          0       6916   components.o
       272         26          0          0          0        872   context_rvds.o
       348        166          0         16          0       4014   cpuport.o
       220         30          0          0        384       5646   idle.o
       392          0          0          0          0       8745   ipc.o
        64         12          0          1          0       1966   irq.o
      1684        164        290          0        128       9768   kservice.o
       364        188          0         16          0     235603   main.o
       956        224          0         24         32       4460   mem.o
       282          4          0         80          0       8628   object.o
       530         88          0         24        256       8906   scheduler.o
        64         26        392          0       1536        948   startup_stm32f40_41xxx.o
       214          0          0          0          0       2079   stm32f4xx_gpio.o
        18          0          0          0          0       3055   stm32f4xx_it.o
       296         30          0         16          0       4446   stm32f4xx_rcc.o
       438          8          0          0          0       6097   stm32f4xx_usart.o
       340         32          0         20          0     262737   system_stm32f4xx.o
       696         30          0          0          0      11311   thread.o
       786         20          0         12          0      12990   timer.o

    ----------------------------------------------------------------------
     10384       1230        730        268       7200     888604   Object Totals
         0          0         32          0          0          0   (incl. Generated)
        18          0          0          3          0          0   (incl. Padding)

    ----------------------------------------------------------------------

      Code (inc. data)   RO Data    RW Data    ZI Data      Debug   Library Member Name

         8          0          0          0          0         68   __main.o
         0          0          0          0          0          0   __rtentry.o
        12          0          0          0          0          0   __rtentry2.o
         6          0          0          0          0          0   __rtentry4.o
        52          8          0          0          0          0   __scatter.o
        26          0          0          0          0          0   __scatter_copy.o
        28          0          0          0          0          0   __scatter_zi.o
        18          0          0          0          0         80   exit.o
         6          0          0          0          0        152   heapauxi.o
         2          0          0          0          0          0   libinit.o
         6          0          0          0          0          0   libinit2.o
         2          0          0          0          0          0   libshutdown.o
         2          0          0          0          0          0   libshutdown2.o
         8          4          0          0         96         68   libspace.o
         2          0          0          0          0          0   rtexit.o
        10          0          0          0          0          0   rtexit2.o
        74          0          0          0          0         80   sys_stackheap_outer.o
         2          0          0          0          0         68   use_no_semi.o
         2          0          0          0          0         68   use_no_semi_2.o
        10          0          0          0          0        116   fpinit.o

    ----------------------------------------------------------------------
       282         12          0          0        100        700   Library Totals
         6          0          0          0          4          0   (incl. Padding)

    ----------------------------------------------------------------------

      Code (inc. data)   RO Data    RW Data    ZI Data      Debug   Library Name

       266         12          0          0         96        584   c_w.l
        10          0          0          0          0        116   fz_wm.l

    ----------------------------------------------------------------------
       282         12          0          0        100        700   Library Totals

    ----------------------------------------------------------------------

==============================================================================


      Code (inc. data)   RO Data    RW Data    ZI Data      Debug   

     10666       1242        730        268       7300     877348   Grand Totals
     10666       1242        730        268       7300     877348   ELF Image Totals
     10666       1242        730        268          0          0   ROM Totals

==============================================================================

    Total RO  Size (Code + RO Data)                11396 (  11.13kB)
    Total RW  Size (RW Data + ZI Data)              7568 (   7.39kB)
    Total ROM Size (Code + RO Data + RW Data)      11664 (  11.39kB)

==============================================================================

