Component: ARM Compiler 5.06 update 6 (build 750) Tool: armlink [4d35ed]

==============================================================================

Section Cross References

    startup_stm32f40_41xxx.o(STACK) refers (Special) to heapauxi.o(.text) for __use_two_region_memory
    startup_stm32f40_41xxx.o(HEAP) refers (Special) to heapauxi.o(.text) for __use_two_region_memory
    startup_stm32f40_41xxx.o(RESET) refers (Special) to heapauxi.o(.text) for __use_two_region_memory
    startup_stm32f40_41xxx.o(RESET) refers to startup_stm32f40_41xxx.o(STACK) for __initial_sp
    startup_stm32f40_41xxx.o(RESET) refers to startup_stm32f40_41xxx.o(.text) for Reset_Handler
    startup_stm32f40_41xxx.o(RESET) refers to stm32f4xx_it.o(i.NMI_Handler) for NMI_Handler
    startup_stm32f40_41xxx.o(RESET) refers to context_rvds.o(.text) for HardFault_Handler
    startup_stm32f40_41xxx.o(RESET) refers to stm32f4xx_it.o(i.MemManage_Handler) for MemManage_Handler
    startup_stm32f40_41xxx.o(RESET) refers to stm32f4xx_it.o(i.BusFault_Handler) for BusFault_Handler
    startup_stm32f40_41xxx.o(RESET) refers to stm32f4xx_it.o(i.UsageFault_Handler) for UsageFault_Handler
    startup_stm32f40_41xxx.o(RESET) refers to stm32f4xx_it.o(i.SVC_Handler) for SVC_Handler
    startup_stm32f40_41xxx.o(RESET) refers to stm32f4xx_it.o(i.DebugMon_Handler) for DebugMon_Handler
    startup_stm32f40_41xxx.o(RESET) refers to board.o(i.SysTick_Handler) for SysTick_Handler
    startup_stm32f40_41xxx.o(RESET) refers to bsp_uart.o(i.USART1_IRQHandler) for USART1_IRQHandler
    startup_stm32f40_41xxx.o(RESET) refers to bsp_uart.o(i.USART2_IRQHandler) for USART2_IRQHandler
    startup_stm32f40_41xxx.o(RESET) refers to bsp_uart.o(i.USART3_IRQHandler) for USART3_IRQHandler
    startup_stm32f40_41xxx.o(RESET) refers to bsp_uart.o(i.UART4_IRQHandler) for UART4_IRQHandler
    startup_stm32f40_41xxx.o(RESET) refers to bsp_uart.o(i.UART5_IRQHandler) for UART5_IRQHandler
    startup_stm32f40_41xxx.o(RESET) refers to bsp_uart.o(i.USART6_IRQHandler) for USART6_IRQHandler
    startup_stm32f40_41xxx.o(.text) refers (Special) to heapauxi.o(.text) for __use_two_region_memory
    startup_stm32f40_41xxx.o(.text) refers to system_stm32f4xx.o(i.SystemInit) for SystemInit
    startup_stm32f40_41xxx.o(.text) refers to __main.o(!!!main) for __main
    startup_stm32f40_41xxx.o(.text) refers to startup_stm32f40_41xxx.o(HEAP) for Heap_Mem
    startup_stm32f40_41xxx.o(.text) refers to startup_stm32f40_41xxx.o(STACK) for Stack_Mem
    system_stm32f4xx.o(i.SystemCoreClockUpdate) refers to system_stm32f4xx.o(.data) for SystemCoreClock
    system_stm32f4xx.o(i.SystemInit) refers to system_stm32f4xx.o(i.SetSysClock) for SetSysClock
    stm32f4xx_adc.o(i.ADC_DeInit) refers to stm32f4xx_rcc.o(i.RCC_APB2PeriphResetCmd) for RCC_APB2PeriphResetCmd
    stm32f4xx_can.o(i.CAN_DeInit) refers to stm32f4xx_rcc.o(i.RCC_APB1PeriphResetCmd) for RCC_APB1PeriphResetCmd
    stm32f4xx_can.o(i.CAN_GetITStatus) refers to stm32f4xx_can.o(i.CheckITStatus) for CheckITStatus
    stm32f4xx_dac.o(i.DAC_DeInit) refers to stm32f4xx_rcc.o(i.RCC_APB1PeriphResetCmd) for RCC_APB1PeriphResetCmd
    stm32f4xx_dma2d.o(i.DMA2D_DeInit) refers to stm32f4xx_rcc.o(i.RCC_AHB1PeriphResetCmd) for RCC_AHB1PeriphResetCmd
    stm32f4xx_flash.o(i.FLASH_EraseAllBank1Sectors) refers to stm32f4xx_flash.o(i.FLASH_WaitForLastOperation) for FLASH_WaitForLastOperation
    stm32f4xx_flash.o(i.FLASH_EraseAllBank2Sectors) refers to stm32f4xx_flash.o(i.FLASH_WaitForLastOperation) for FLASH_WaitForLastOperation
    stm32f4xx_flash.o(i.FLASH_EraseAllSectors) refers to stm32f4xx_flash.o(i.FLASH_WaitForLastOperation) for FLASH_WaitForLastOperation
    stm32f4xx_flash.o(i.FLASH_EraseSector) refers to stm32f4xx_flash.o(i.FLASH_WaitForLastOperation) for FLASH_WaitForLastOperation
    stm32f4xx_flash.o(i.FLASH_OB_Launch) refers to stm32f4xx_flash.o(i.FLASH_WaitForLastOperation) for FLASH_WaitForLastOperation
    stm32f4xx_flash.o(i.FLASH_OB_PCROP1Config) refers to stm32f4xx_flash.o(i.FLASH_WaitForLastOperation) for FLASH_WaitForLastOperation
    stm32f4xx_flash.o(i.FLASH_OB_PCROPConfig) refers to stm32f4xx_flash.o(i.FLASH_WaitForLastOperation) for FLASH_WaitForLastOperation
    stm32f4xx_flash.o(i.FLASH_OB_RDPConfig) refers to stm32f4xx_flash.o(i.FLASH_WaitForLastOperation) for FLASH_WaitForLastOperation
    stm32f4xx_flash.o(i.FLASH_OB_UserConfig) refers to stm32f4xx_flash.o(i.FLASH_WaitForLastOperation) for FLASH_WaitForLastOperation
    stm32f4xx_flash.o(i.FLASH_OB_WRP1Config) refers to stm32f4xx_flash.o(i.FLASH_WaitForLastOperation) for FLASH_WaitForLastOperation
    stm32f4xx_flash.o(i.FLASH_OB_WRPConfig) refers to stm32f4xx_flash.o(i.FLASH_WaitForLastOperation) for FLASH_WaitForLastOperation
    stm32f4xx_flash.o(i.FLASH_ProgramByte) refers to stm32f4xx_flash.o(i.FLASH_WaitForLastOperation) for FLASH_WaitForLastOperation
[...]
    ..\\..\\Libraries\\FWlib\\src\\stm32f4xx_ltdc.c 0x00000000   Number         0  stm32f4xx_ltdc.o ABSOLUTE
    ..\\..\\Libraries\\FWlib\\src\\stm32f4xx_pwr.c 0x00000000   Number         0  stm32f4xx_pwr.o ABSOLUTE
    ..\\..\\Libraries\\FWlib\\src\\stm32f4xx_rcc.c 0x00000000   Number         0  stm32f4xx_rcc.o ABSOLUTE
    ..\\..\\Libraries\\FWlib\\src\\stm32f4xx_rng.c 0x00000000   Number         0  stm32f4xx_rng.o ABSOLUTE
    ..\\..\\Libraries\\FWlib\\src\\stm32f4xx_rtc.c 0x00000000   Number         0  stm32f4xx_rtc.o ABSOLUTE
    ..\\..\\Libraries\\FWlib\\src\\stm32f4xx_sai.c 0x00000000   Number         0  stm32f4xx_sai.o ABSOLUTE
    ..\\..\\Libraries\\FWlib\\src\\stm32f4xx_sdio.c 0x00000000   Number         0  stm32f4xx_sdio.o ABSOLUTE
    ..\\..\\Libraries\\FWlib\\src\\stm32f4xx_spi.c 0x00000000   Number         0  stm32f4xx_spi.o ABSOLUTE
    ..\\..\\Libraries\\FWlib\\src\\stm32f4xx_syscfg.c 0x00000000   Number         0  stm32f4xx_syscfg.o ABSOLUTE
    ..\\..\\Libraries\\FWlib\\src\\stm32f4xx_tim.c 0x00000000   Number         0  stm32f4xx_tim.o ABSOLUTE
    ..\\..\\Libraries\\FWlib\\src\\stm32f4xx_usart.c 0x00000000   Number         0  stm32f4xx_usart.o ABSOLUTE
    ..\\..\\Libraries\\FWlib\\src\\stm32f4xx_wwdg.c 0x00000000   Number         0  stm32f4xx_wwdg.o ABSOLUTE
    ..\\..\\User\\board.c                    0x00000000   Number         0  board.o ABSOLUTE
    ..\\..\\User\\main.c                     0x00000000   Number         0  main.o ABSOLUTE
    ..\\..\\User\\stm32f4xx_it.c             0x00000000   Number         0  stm32f4xx_it.o ABSOLUTE
    dc.s                                     0x00000000   Number         0  dc.o ABSOLUTE
    RESET                                    0x08000000   Section      392  startup_stm32f40_41xxx.o(RESET)
    !!!main                                  0x08000188   Section        8  __main.o(!!!main)
    !!!scatter                               0x08000190   Section       52  __scatter.o(!!!scatter)
    !!dczerorl2                              0x080001c4   Section       90  __dczerorl2.o(!!dczerorl2)
    !!handler_zi                             0x08000220   Section       28  __scatter_zi.o(!!handler_zi)
    .ARM.Collect$$libinit$$00000000          0x0800023c   Section        2  libinit.o(.ARM.Collect$$libinit$$00000000)
    .ARM.Collect$$libinit$$00000001          0x0800023e   Section        4  libinit2.o(.ARM.Collect$$libinit$$00000001)
    .ARM.Collect$$libinit$$00000004          0x08000242   Section        0  libinit2.o(.ARM.Collect$$libinit$$00000004)
    .ARM.Collect$$libinit$$0000000A          0x08000242   Section        0  libinit2.o(.ARM.Collect$$libinit$$0000000A)
    .ARM.Collect$$libinit$$0000000C          0x08000242   Section        0  libinit2.o(.ARM.Collect$$libinit$$0000000C)
    .ARM.Collect$$libinit$$0000000E          0x08000242   Section        0  libinit2.o(.ARM.Collect$$libinit$$0000000E)
    .ARM.Collect$$libinit$$00000011          0x08000242   Section        0  libinit2.o(.ARM.Collect$$libinit$$00000011)
    .ARM.Collect$$libinit$$00000013          0x08000242   Section        0  libinit2.o(.ARM.Collect$$libinit$$00000013)
    .ARM.Collect$$libinit$$00000015          0x08000242   Section        0  libinit2.o(.ARM.Collect$$libinit$$00000015)
    .ARM.Collect$$libinit$$00000017          0x08000242   Section        0  libinit2.o(.ARM.Collect$$libinit$$00000017)
    .ARM.Collect$$libinit$$00000019          0x08000242   Section        0  libinit2.o(.ARM.Collect$$libinit$$00000019)
    .ARM.Collect$$libinit$$0000001B          0x08000242   Section        0  libinit2.o(.ARM.Collect$$libinit$$0000001B)
    .ARM.Collect$$libinit$$0000001D          0x08000242   Section        0  libinit2.o(.ARM.Collect$$libinit$$0000001D)
    .ARM.Collect$$libinit$$0000001F          0x08000242   Section        0  libinit2.o(.ARM.Collect$$libinit$$0000001F)
    .ARM.Collect$$libinit$$00000021          0x08000242   Section        0  libinit2.o(.ARM.Collect$$libinit$$00000021)
    .ARM.Collect$$libinit$$00000023          0x08000242   Section        0  libinit2.o(.ARM.Collect$$libinit$$00000023)
    .ARM.Collect$$libinit$$00000025          0x08000242   Section        0  libinit2.o(.ARM.Collect$$libinit$$00000025)
    .ARM.Collect$$libinit$$0000002C          0x08000242   Section        0  libinit2.o(.ARM.Collect$$libinit$$0000002C)
    .ARM.Collect$$libinit$$0000002E          0x08000242   Section        0  libinit2.o(.ARM.Collect$$libinit$$0000002E)
    .ARM.Collect$$libinit$$00000030          0x08000242   Section        0  libinit2.o(.ARM.Collect$$libinit$$00000030)
    .ARM.Collect$$libinit$$00000032          0x08000242   Section        0  libinit2.o(.ARM.Collect$$libinit$$00000032)
    .ARM.Collect$$libinit$$00000033          0x08000242   Section        2  libinit2.o(.ARM.Collect$$libinit$$00000033)
    .ARM.Collect$$libshutdown$$00000000      0x08000244   Section        2  libshutdown.o(.ARM.Collect$$libshutdown$$00000000)
    .ARM.Collect$$libshutdown$$00000002      0x08000246   Section        0  libshutdown2.o(.ARM.Collect$$libshutdown$$00000002)
    .ARM.Collect$$libshutdown$$00000004      0x08000246   Section        0  libshutdown2.o(.ARM.Collect$$libshutdown$$00000004)
    .ARM.Collect$$libshutdown$$00000007      0x08000246   Section        0  libshutdown2.o(.ARM.Collect$$libshutdown$$00000007)
    .ARM.Collect$$libshutdown$$0000000A      0x08000246   Section        0  libshutdown2.o(.ARM.Collect$$libshutdown$$0000000A)
    .ARM.Collect$$libshutdown$$0000000C      0x08000246   Section        0  libshutdown2.o(.ARM.Collect$$libshutdown$$0000000C)
    .ARM.Collect$$libshutdown$$0000000F      0x08000246   Section        0  libshutdown2.o(.ARM.Collect$$libshutdown$$0000000F)
    .ARM.Collect$$libshutdown$$00000010      0x08000246   Section        2  libshutdown2.o(.ARM.Collect$$libshutdown$$00000010)
    .ARM.Collect$$rtentry$$00000000          0x08000248   Section        0  __rtentry.o(.ARM.Collect$$rtentry$$00000000)
    .ARM.Collect$$rtentry$$00000002          0x08000248   Section        0  __rtentry2.o(.ARM.Collect$$rtentry$$00000002)
    .ARM.Collect$$rtentry$$00000004          0x08000248   Section        6  __rtentry4.o(.ARM.Collect$$rtentry$$00000004)
    .ARM.Collect$$rtentry$$00000009          0x0800024e   Section        0  __rtentry2.o(.ARM.Collect$$rtentry$$00000009)
    .ARM.Collect$$rtentry$$0000000A          0x0800024e   Section        4  __rtentry2.o(.ARM.Collect$$rtentry$$0000000A)
    .ARM.Collect$$rtentry$$0000000C          0x08000252   Section        0  __rtentry2.o(.ARM.Collect$$rtentry$$0000000C)
    .ARM.Collect$$rtentry$$0000000D          0x08000252   Section        8  __rtentry2.o(.ARM.Collect$$rtentry$$0000000D)
    .ARM.Collect$$rtexit$$00000000           0x0800025a   Section        2  rtexit.o(.ARM.Collect$$rtexit$$00000000)
    .ARM.Collect$$rtexit$$00000002           0x0800025c   Section        0  rtexit2.o(.ARM.Collect$$rtexit$$00000002)
    .ARM.Collect$$rtexit$$00000003           0x0800025c   Section        4  rtexit2.o(.ARM.Collect$$rtexit$$00000003)
    .ARM.Collect$$rtexit$$00000004           0x08000260   Section        6  rtexit2.o(.ARM.Collect$$rtexit$$00000004)
    .text                                    0x08000268   Section       64  startup_stm32f40_41xxx.o(.text)
    $v0                                      0x08000268   Number         0  startup_stm32f40_41xxx.o(.text)
    .text                                    0x080002a8   Section      272  context_rvds.o(.text)
    $v0                                      0x080002a8   Number         0  context_rvds.o(.text)
    .text                                    0x080003b8   Section        2  use_no_semi_2.o(.text)
    .text                                    0x080003ba   Section        0  heapauxi.o(.text)
    .text                                    0x080003c0   Section        2  use_no_semi.o(.text)
    .text                                    0x080003c2   Section       74  sys_stackheap_outer.o(.text)
    .text                                    0x0800040c   Section        0  exit.o(.text)
    .text                                    0x08000420   Section        8  libspace.o(.text)
    i.$Sub$$main                             0x08000428   Section        0  components.o(i.$Sub$$main)
    i.BusFault_Handler                       0x08000436   Section        0  stm32f4xx_it.o(i.BusFault_Handler)
    i.DebugMon_Handler                       0x0800043a   Section        0  stm32f4xx_it.o(i.DebugMon_Handler)
    i.GPIO_Init                              0x0800043c   Section        0  stm32f4xx_gpio.o(i.GPIO_Init)
    i.GPIO_PinAFConfig                       0x080004cc   Section        0  stm32f4xx_gpio.o(i.GPIO_PinAFConfig)
    i.GPIO_ReadInputDataBit                  0x08000512   Section        0  stm32f4xx_gpio.o(i.GPIO_ReadInputDataBit)
    i.KEY_Init                               0x08000524   Section        0  bsp_key.o(i.KEY_Init)
    i.KEY_Scan                               0x08000568   Section        0  bsp_key.o(i.KEY_Scan)
    i.LED_Init                               0x08000630   Section        0  bsp_led.o(i.LED_Init)
    i.MemManage_Handler                      0x08000694   Section        0  stm32f4xx_it.o(i.MemManage_Handler)
    i.NMI_Handler                            0x08000698   Section        0  stm32f4xx_it.o(i.NMI_Handler)
    i.RCC_AHB1PeriphClockCmd                 0x0800069c   Section        0  stm32f4xx_rcc.o(i.RCC_AHB1PeriphClockCmd)
    i.RCC_APB2PeriphClockCmd                 0x080006bc   Section        0  stm32f4xx_rcc.o(i.RCC_APB2PeriphClockCmd)
    i.RCC_GetClocksFreq                      0x080006dc   Section        0  stm32f4xx_rcc.o(i.RCC_GetClocksFreq)
    i.SVC_Handler                            0x080007c4   Section        0  stm32f4xx_it.o(i.SVC_Handler)
    i.SetSysClock                            0x080007c8   Section        0  system_stm32f4xx.o(i.SetSysClock)
    SetSysClock                              0x080007c9   Thumb Code   220  system_stm32f4xx.o(i.SetSysClock)
    i.SysTick_Handler                        0x080008b4   Section        0  board.o(i.SysTick_Handler)
    i.SystemInit                             0x080008c4   Section        0  system_stm32f4xx.o(i.SystemInit)
    i.UART4_IRQHandler                       0x0800092c   Section        0  bsp_uart.o(i.UART4_IRQHandler)
    i.UART5_IRQHandler                       0x08000a30   Section        0  bsp_uart.o(i.UART5_IRQHandler)
    i.USART1_IRQHandler                      0x08000b34   Section        0  bsp_uart.o(i.USART1_IRQHandler)
    i.USART2_IRQHandler                      0x08000c38   Section        0  bsp_uart.o(i.USART2_IRQHandler)
    i.USART3_IRQHandler                      0x08000d3c   Section        0  bsp_uart.o(i.USART3_IRQHandler)
    i.USART6_IRQHandler                      0x08000e40   Section        0  bsp_uart.o(i.USART6_IRQHandler)
    i.USART_Cmd                              0x08000f44   Section        0  stm32f4xx_usart.o(i.USART_Cmd)
    i.USART_GetFlagStatus                    0x08000f5c   Section        0  stm32f4xx_usart.o(i.USART_GetFlagStatus)
    i.USART_GetITStatus                      0x08000f76   Section        0  stm32f4xx_usart.o(i.USART_GetITStatus)
    i.USART_ITConfig                         0x08000fca   Section        0  stm32f4xx_usart.o(i.USART_ITConfig)
    i.USART_Init                             0x08001014   Section        0  stm32f4xx_usart.o(i.USART_Init)
    i.USART_ReceiveData                      0x080010e8   Section        0  stm32f4xx_usart.o(i.USART_ReceiveData)
    i.USART_SendData                         0x080010f2   Section        0  stm32f4xx_usart.o(i.USART_SendData)
    i.Uart1_Init                             0x080010fc   Section        0  bsp_uart.o(i.Uart1_Init)
    i.Uart_Init                              0x08001198   Section        0  bsp_uart.o(i.Uart_Init)
    i.UsageFault_Handler                     0x080011b0   Section        0  stm32f4xx_it.o(i.UsageFault_Handler)
    i.__rt_ffs                               0x080011b4   Section        0  kservice.o(i.__rt_ffs)
    i._has_defunct_thread                    0x08001200   Section        0  idle.o(i._has_defunct_thread)
    _has_defunct_thread                      0x08001201   Thumb Code    16  idle.o(i._has_defunct_thread)
    i._rt_thread_init                        0x08001214   Section        0  thread.o(i._rt_thread_init)
    _rt_thread_init                          0x08001215   Thumb Code   124  thread.o(i._rt_thread_init)
    i._rt_timer_init                         0x08001298   Section        0  timer.o(i._rt_timer_init)
    _rt_timer_init                           0x08001299   Thumb Code    66  timer.o(i._rt_timer_init)
    i._rt_timer_remove                       0x080012da   Section        0  timer.o(i._rt_timer_remove)
    _rt_timer_remove                         0x080012db   Thumb Code    46  timer.o(i._rt_timer_remove)
    i._sys_exit                              0x08001308   Section        0  bsp_uart.o(i._sys_exit)
    i.main                                   0x0800130c   Section        0  main.o(i.main)
    i.main_thread_entry                      0x080013ec   Section        0  components.o(i.main_thread_entry)
    i.plug_holes                             0x080013fc   Section        0  mem.o(i.plug_holes)
    plug_holes                               0x080013fd   Thumb Code   108  mem.o(i.plug_holes)
    i.print_number                           0x08001474   Section        0  kservice.o(i.print_number)
    print_number                             0x08001475   Thumb Code   388  kservice.o(i.print_number)
    i.receive_thread_entry                   0x08001600   Section        0  main.o(i.receive_thread_entry)
    receive_thread_entry                     0x08001601   Thumb Code    56  main.o(i.receive_thread_entry)
    i.rt_application_init                    0x08001674   Section        0  components.o(i.rt_application_init)
    i.rt_components_board_init               0x080016a4   Section        0  components.o(i.rt_components_board_init)
    i.rt_components_init                     0x080016c0   Section        0  components.o(i.rt_components_init)
    i.rt_enter_critical                      0x080016dc   Section        0  scheduler.o(i.rt_enter_critical)
    i.rt_exit_critical                       0x080016fc   Section        0  scheduler.o(i.rt_exit_critical)
    i.rt_free                                0x08001738   Section        0  mem.o(i.rt_free)
    i.rt_heap_begin_get                      0x08001818   Section        0  board.o(i.rt_heap_begin_get)
    i.rt_heap_end_get                        0x08001820   Section        0  board.o(i.rt_heap_end_get)
    i.rt_hw_board_init                       0x08001828   Section        0  board.o(i.rt_hw_board_init)
    i.rt_hw_console_output                   0x080018a8   Section        0  board.o(i.rt_hw_console_output)
    i.rt_hw_hard_fault_exception             0x080018f8   Section        0  cpuport.o(i.rt_hw_hard_fault_exception)
    i.rt_hw_stack_init                       0x08001a04   Section        0  cpuport.o(i.rt_hw_stack_init)
    i.rt_interrupt_enter                     0x08001a54   Section        0  irq.o(i.rt_interrupt_enter)
    i.rt_interrupt_leave                     0x08001a74   Section        0  irq.o(i.rt_interrupt_leave)
    i.rt_ipc_list_resume                     0x08001a94   Section        0  ipc.o(i.rt_ipc_list_resume)
    rt_ipc_list_resume                       0x08001a95   Thumb Code    20  ipc.o(i.rt_ipc_list_resume)
    i.rt_ipc_list_suspend                    0x08001aa8   Section        0  ipc.o(i.rt_ipc_list_suspend)
    rt_ipc_list_suspend                      0x08001aa9   Thumb Code   108  ipc.o(i.rt_ipc_list_suspend)
    i.rt_ipc_object_init                     0x08001b14   Section        0  ipc.o(i.rt_ipc_object_init)
    rt_ipc_object_init                       0x08001b15   Thumb Code    16  ipc.o(i.rt_ipc_object_init)
    i.rt_kprintf                             0x08001b24   Section        0  kservice.o(i.rt_kprintf)
    i.rt_list_init                           0x08001b54   Section        0  ipc.o(i.rt_list_init)
    rt_list_init                             0x08001b55   Thumb Code     6  ipc.o(i.rt_list_init)
    i.rt_list_init                           0x08001b5a   Section        0  scheduler.o(i.rt_list_init)
    rt_list_init                             0x08001b5b   Thumb Code     6  scheduler.o(i.rt_list_init)
    i.rt_list_init                           0x08001b60   Section        0  timer.o(i.rt_list_init)
    rt_list_init                             0x08001b61   Thumb Code     6  timer.o(i.rt_list_init)
    i.rt_list_insert_after                   0x08001b66   Section        0  object.o(i.rt_list_insert_after)
    rt_list_insert_after                     0x08001b67   Thumb Code    14  object.o(i.rt_list_insert_after)
    i.rt_list_insert_after                   0x08001b74   Section        0  thread.o(i.rt_list_insert_after)
    rt_list_insert_after                     0x08001b75   Thumb Code    14  thread.o(i.rt_list_insert_after)
    i.rt_list_insert_after                   0x08001b82   Section        0  timer.o(i.rt_list_insert_after)
    rt_list_insert_after                     0x08001b83   Thumb Code    14  timer.o(i.rt_list_insert_after)
    i.rt_list_insert_before                  0x08001b90   Section        0  ipc.o(i.rt_list_insert_before)
    rt_list_insert_before                    0x08001b91   Thumb Code    14  ipc.o(i.rt_list_insert_before)
    i.rt_list_isempty                        0x08001b9e   Section        0  ipc.o(i.rt_list_isempty)
    rt_list_isempty                          0x08001b9f   Thumb Code    16  ipc.o(i.rt_list_isempty)
    i.rt_list_isempty                        0x08001bae   Section        0  timer.o(i.rt_list_isempty)
    rt_list_isempty                          0x08001baf   Thumb Code    16  timer.o(i.rt_list_isempty)
    i.rt_list_remove                         0x08001bbe   Section        0  object.o(i.rt_list_remove)
    rt_list_remove                           0x08001bbf   Thumb Code    18  object.o(i.rt_list_remove)
    i.rt_list_remove                         0x08001bd0   Section        0  thread.o(i.rt_list_remove)
    rt_list_remove                           0x08001bd1   Thumb Code    18  thread.o(i.rt_list_remove)
    i.rt_malloc                              0x08001be4   Section        0  mem.o(i.rt_malloc)
    i.rt_mb_create                           0x08001d50   Section        0  ipc.o(i.rt_mb_create)
    i.rt_mb_recv                             0x08001da2   Section        0  ipc.o(i.rt_mb_recv)
    i.rt_mb_send                             0x08001e96   Section        0  ipc.o(i.rt_mb_send)
    i.rt_mb_send_wait                        0x08001ea8   Section        0  ipc.o(i.rt_mb_send_wait)
    i.rt_memset                              0x08001f9e   Section        0  kservice.o(i.rt_memset)
    i.rt_object_allocate                     0x08001fe6   Section        0  object.o(i.rt_object_allocate)
    i.rt_object_delete                       0x08002030   Section        0  object.o(i.rt_object_delete)
    i.rt_object_detach                       0x08002050   Section        0  object.o(i.rt_object_detach)
    i.rt_object_get_information              0x0800206c   Section        0  object.o(i.rt_object_get_information)
    i.rt_object_init                         0x08002094   Section        0  object.o(i.rt_object_init)
    i.rt_object_is_systemobject              0x080020d0   Section        0  object.o(i.rt_object_is_systemobject)
    i.rt_schedule                            0x080020e4   Section        0  scheduler.o(i.rt_schedule)
    i.rt_schedule_insert_thread              0x08002174   Section        0  scheduler.o(i.rt_schedule_insert_thread)
    i.rt_schedule_remove_thread              0x080021c4   Section        0  scheduler.o(i.rt_schedule_remove_thread)
    i.rt_sem_init                            0x08002218   Section        0  ipc.o(i.rt_sem_init)
    i.rt_sem_release                         0x0800223e   Section        0  ipc.o(i.rt_sem_release)
    i.rt_sem_take                            0x08002278   Section        0  ipc.o(i.rt_sem_take)
    i.rt_show_version                        0x080022ec   Section        0  kservice.o(i.rt_show_version)
    i.rt_strlen                              0x0800239c   Section        0  kservice.o(i.rt_strlen)
    i.rt_strncpy                             0x080023ae   Section        0  kservice.o(i.rt_strncpy)
    i.rt_system_heap_init                    0x080023e4   Section        0  mem.o(i.rt_system_heap_init)
    i.rt_system_scheduler_init               0x080024dc   Section        0  scheduler.o(i.rt_system_scheduler_init)
    i.rt_system_scheduler_start              0x08002528   Section        0  scheduler.o(i.rt_system_scheduler_start)
    i.rt_system_timer_init                   0x08002558   Section        0  timer.o(i.rt_system_timer_init)
    i.rt_system_timer_thread_init            0x08002574   Section        0  timer.o(i.rt_system_timer_thread_init)
    i.rt_thread_create                       0x08002576   Section        0  thread.o(i.rt_thread_create)
    i.rt_thread_delay                        0x080025c6   Section        0  thread.o(i.rt_thread_delay)
    i.rt_thread_exit                         0x080025d4   Section        0  thread.o(i.rt_thread_exit)
    i.rt_thread_idle_entry                   0x08002628   Section        0  idle.o(i.rt_thread_idle_entry)
    rt_thread_idle_entry                     0x08002629   Thumb Code     8  idle.o(i.rt_thread_idle_entry)
    i.rt_thread_idle_excute                  0x08002630   Section        0  idle.o(i.rt_thread_idle_excute)
    i.rt_thread_idle_init                    0x080026b4   Section        0  idle.o(i.rt_thread_idle_init)
    i.rt_thread_init                         0x080026f0   Section        0  thread.o(i.rt_thread_init)
    i.rt_thread_resume                       0x08002724   Section        0  thread.o(i.rt_thread_resume)
    i.rt_thread_self                         0x08002760   Section        0  thread.o(i.rt_thread_self)
    i.rt_thread_sleep                        0x0800276c   Section        0  thread.o(i.rt_thread_sleep)
    i.rt_thread_startup                      0x080027b0   Section        0  thread.o(i.rt_thread_startup)
    i.rt_thread_suspend                      0x080027dc   Section        0  thread.o(i.rt_thread_suspend)
    i.rt_thread_timeout                      0x08002820   Section        0  thread.o(i.rt_thread_timeout)
    i.rt_thread_yield                        0x08002840   Section        0  thread.o(i.rt_thread_yield)
    i.rt_tick_get                            0x080028a4   Section        0  clock.o(i.rt_tick_get)
    i.rt_tick_increase                       0x080028b0   Section        0  clock.o(i.rt_tick_increase)
    i.rt_timer_check                         0x080028e0   Section        0  timer.o(i.rt_timer_check)
    i.rt_timer_control                       0x0800295c   Section        0  timer.o(i.rt_timer_control)
    i.rt_timer_detach                        0x08002994   Section        0  timer.o(i.rt_timer_detach)
    i.rt_timer_init                          0x080029b4   Section        0  timer.o(i.rt_timer_init)
    i.rt_timer_start                         0x080029e4   Section        0  timer.o(i.rt_timer_start)
    i.rt_timer_stop                          0x08002adc   Section        0  timer.o(i.rt_timer_stop)
    i.rt_vsnprintf                           0x08002b0c   Section        0  kservice.o(i.rt_vsnprintf)
    i.rti_board_end                          0x08002e34   Section        0  components.o(i.rti_board_end)
    rti_board_end                            0x08002e35   Thumb Code     4  components.o(i.rti_board_end)
    i.rti_board_start                        0x08002e38   Section        0  components.o(i.rti_board_start)
    rti_board_start                          0x08002e39   Thumb Code     4  components.o(i.rti_board_start)
    i.rti_end                                0x08002e3c   Section        0  components.o(i.rti_end)
    rti_end                                  0x08002e3d   Thumb Code     4  components.o(i.rti_end)
    i.rti_start                              0x08002e40   Section        0  components.o(i.rti_start)
    rti_start                                0x08002e41   Thumb Code     4  components.o(i.rti_start)
    i.rtthread_startup                       0x08002e44   Section        0  components.o(i.rtthread_startup)
    i.send_thread_entry                      0x08002e70   Section        0  main.o(i.send_thread_entry)
    send_thread_entry                        0x08002e71   Thumb Code    98  main.o(i.send_thread_entry)
    i.skip_atoi                              0x08002f28   Section        0  kservice.o(i.skip_atoi)
    skip_atoi                                0x08002f29   Thumb Code    38  kservice.o(i.skip_atoi)
    x$fpl$fpinit                             0x08002f4e   Section       10  fpinit.o(x$fpl$fpinit)
    $v0                                      0x08002f4e   Number         0  fpinit.o(x$fpl$fpinit)
    .constdata                               0x08002f58   Section      290  kservice.o(.constdata)
    small_digits                             0x08003058   Data          17  kservice.o(.constdata)
    large_digits                             0x08003069   Data          17  kservice.o(.constdata)
    .rti_fn.0                                0x0800307c   Section        4  components.o(.rti_fn.0)
    __tagsym$$used                           0x0800307c   Number         0  components.o(.rti_fn.0)
    .rti_fn.0.end                            0x08003080   Section        4  components.o(.rti_fn.0.end)
    __tagsym$$used                           0x08003080   Number         0  components.o(.rti_fn.0.end)
    .rti_fn.1.end                            0x08003084   Section        4  components.o(.rti_fn.1.end)
    __tagsym$$used                           0x08003084   Number         0  components.o(.rti_fn.1.end)
    .rti_fn.6.end                            0x08003088   Section        4  components.o(.rti_fn.6.end)
    __tagsym$$used                           0x08003088   Number         0  components.o(.rti_fn.6.end)
    .data                                    0x20000000   Section       20  system_stm32f4xx.o(.data)
    .data                                    0x20000014   Section       16  stm32f4xx_rcc.o(.data)
    APBAHBPrescTable                         0x20000014   Data          16  stm32f4xx_rcc.o(.data)
    .data                                    0x20000024   Section       56  main.o(.data)
    receive_thread                           0x20000024   Data           4  main.o(.data)
    send_thread                              0x20000028   Data           4  main.o(.data)
    test_mail                                0x2000002c   Data           4  main.o(.data)
    .data                                    0x2000005c   Section       52  bsp_uart.o(.data)
    .data                                    0x20000090   Section        1  bsp_key.o(.data)
    key_up                                   0x20000090   Data           1  bsp_key.o(.data)
    .data                                    0x20000094   Section        4  clock.o(.data)
    rt_tick                                  0x20000094   Data           4  clock.o(.data)
    .data                                    0x20000098   Section        1  irq.o(.data)
    .data                                    0x2000009c   Section       24  mem.o(.data)
    heap_ptr                                 0x2000009c   Data           4  mem.o(.data)
    heap_end                                 0x200000a0   Data           4  mem.o(.data)
    lfree                                    0x200000a4   Data           4  mem.o(.data)
    mem_size_aligned                         0x200000a8   Data           4  mem.o(.data)
    used_mem                                 0x200000ac   Data           4  mem.o(.data)
    max_mem                                  0x200000b0   Data           4  mem.o(.data)
    .data                                    0x200000b4   Section       80  object.o(.data)
    rt_object_container                      0x200000b4   Data          80  object.o(.data)
    .data                                    0x20000104   Section       24  scheduler.o(.data)
    rt_scheduler_lock_nest                   0x20000104   Data           2  scheduler.o(.data)
    .data                                    0x2000011c   Section       12  timer.o(.data)
    rt_timer_list                            0x2000011c   Data           8  timer.o(.data)
    random_nr                                0x20000124   Data           4  timer.o(.data)
    .data                                    0x20000128   Section       16  cpuport.o(.data)
    rt_exception_hook                        0x20000134   Data           4  cpuport.o(.data)
    .bss                                     0x20000138   Section     4096  board.o(.bss)
    rt_heap                                  0x20000138   Data        4096  board.o(.bss)
    .bss                                     0x20001138   Section      768  bsp_uart.o(.bss)
    .bss                                     0x20001438   Section      384  idle.o(.bss)
    idle                                     0x20001438   Data         128  idle.o(.bss)
    rt_thread_stack                          0x200014b8   Data         256  idle.o(.bss)
    .bss                                     0x200015b8   Section      128  kservice.o(.bss)
    rt_log_buf                               0x200015b8   Data         128  kservice.o(.bss)
    .bss                                     0x20001638   Section       32  mem.o(.bss)
    heap_sem                                 0x20001638   Data          32  mem.o(.bss)
    .bss                                     0x20001658   Section      256  scheduler.o(.bss)
    .bss                                     0x20001758   Section       96  libspace.o(.bss)
    HEAP                                     0x200017b8   Section      512  startup_stm32f40_41xxx.o(HEAP)
    Heap_Mem                                 0x200017b8   Data         512  startup_stm32f40_41xxx.o(HEAP)
    STACK                                    0x200019b8   Section     1024  startup_stm32f40_41xxx.o(STACK)
    Stack_Mem                                0x200019b8   Data        1024  startup_stm32f40_41xxx.o(STACK)
    __initial_sp                             0x20001db8   Data           0  startup_stm32f40_41xxx.o(STACK)

    Global Symbols

    Symbol Name                              Value     Ov Type        Size  Object(Section)

    BuildAttributes$$THM_ISAv4$E$P$D$K$B$S$7EM$VFPi3$EXTD16$VFPS$VFMA$PE$A:L22UL41UL21$X:L11$S22US41US21$IEEE1$IW$USESV6$~STKCKD$USESV7$~SHL$OSPACE$ROPI$EBA8$UX$STANDARDLIB$REQ8$PRES8$EABIv2 0x00000000   Number         0  anon$$obj.o ABSOLUTE
    __ARM_use_no_argv                        0x00000000   Number         0  main.o ABSOLUTE
    __ARM_exceptions_init                     - Undefined Weak Reference
    __alloca_initialize                       - Undefined Weak Reference
    __arm_preinit_                            - Undefined Weak Reference
    __cpp_initialize__aeabi_                  - Undefined Weak Reference
    __cxa_finalize                            - Undefined Weak Reference
    __rt_locale                               - Undefined Weak Reference
    __sigvec_lookup                           - Undefined Weak Reference
    _atexit_init                              - Undefined Weak Reference
    _call_atexit_fns                          - Undefined Weak Reference
    _clock_init                               - Undefined Weak Reference
    _fp_trap_init                             - Undefined Weak Reference
    _fp_trap_shutdown                         - Undefined Weak Reference
    _get_lc_collate                           - Undefined Weak Reference
    _get_lc_ctype                             - Undefined Weak Reference
    _get_lc_monetary                          - Undefined Weak Reference
    _get_lc_numeric                           - Undefined Weak Reference
    _get_lc_time                              - Undefined Weak Reference
    _getenv_init                              - Undefined Weak Reference
    _handle_redirection                       - Undefined Weak Reference
    _init_alloc                               - Undefined Weak Reference
    _init_user_alloc                          - Undefined Weak Reference
    _initio                                   - Undefined Weak Reference
    _rand_init                                - Undefined Weak Reference
    _signal_finish                            - Undefined Weak Reference
    _signal_init                              - Undefined Weak Reference
    _terminate_alloc                          - Undefined Weak Reference
    _terminate_user_alloc                     - Undefined Weak Reference
    _terminateio                              - Undefined Weak Reference
    __Vectors_Size                           0x00000188   Number         0  startup_stm32f40_41xxx.o ABSOLUTE
    __Vectors                                0x08000000   Data           4  startup_stm32f40_41xxx.o(RESET)
    __Vectors_End                            0x08000188   Data           0  startup_stm32f40_41xxx.o(RESET)
    __main                                   0x08000189   Thumb Code     8  __main.o(!!!main)
    __scatterload                            0x08000191   Thumb Code     0  __scatter.o(!!!scatter)
    __scatterload_rt2                        0x08000191   Thumb Code    44  __scatter.o(!!!scatter)
    __scatterload_rt2_thumb_only             0x08000191   Thumb Code     0  __scatter.o(!!!scatter)
    __scatterload_null                       0x0800019f   Thumb Code     0  __scatter.o(!!!scatter)
    __decompress                             0x080001c5   Thumb Code    90  __dczerorl2.o(!!dczerorl2)
    __decompress1                            0x080001c5   Thumb Code     0  __dczerorl2.o(!!dczerorl2)
    __scatterload_zeroinit                   0x08000221   Thumb Code    28  __scatter_zi.o(!!handler_zi)
    __rt_lib_init                            0x0800023d   Thumb Code     0  libinit.o(.ARM.Collect$$libinit$$00000000)
    __rt_lib_init_fp_1                       0x0800023f   Thumb Code     0  libinit2.o(.ARM.Collect$$libinit$$00000001)
    __rt_lib_init_alloca_1                   0x08000243   Thumb Code     0  libinit2.o(.ARM.Collect$$libinit$$0000002E)
    __rt_lib_init_argv_1                     0x08000243   Thumb Code     0  libinit2.o(.ARM.Collect$$libinit$$0000002C)
    __rt_lib_init_atexit_1                   0x08000243   Thumb Code     0  libinit2.o(.ARM.Collect$$libinit$$0000001B)
    __rt_lib_init_clock_1                    0x08000243   Thumb Code     0  libinit2.o(.ARM.Collect$$libinit$$00000021)
    __rt_lib_init_cpp_1                      0x08000243   Thumb Code     0  libinit2.o(.ARM.Collect$$libinit$$00000032)
    __rt_lib_init_exceptions_1               0x08000243   Thumb Code     0  libinit2.o(.ARM.Collect$$libinit$$00000030)
    __rt_lib_init_fp_trap_1                  0x08000243   Thumb Code     0  libinit2.o(.ARM.Collect$$libinit$$0000001F)
    __rt_lib_init_getenv_1                   0x08000243   Thumb Code     0  libinit2.o(.ARM.Collect$$libinit$$00000023)
    __rt_lib_init_heap_1                     0x08000243   Thumb Code     0  libinit2.o(.ARM.Collect$$libinit$$0000000A)
    __rt_lib_init_lc_collate_1               0x08000243   Thumb Code     0  libinit2.o(.ARM.Collect$$libinit$$00000011)
    __rt_lib_init_lc_ctype_1                 0x08000243   Thumb Code     0  libinit2.o(.ARM.Collect$$libinit$$00000013)
    __rt_lib_init_lc_monetary_1              0x08000243   Thumb Code     0  libinit2.o(.ARM.Collect$$libinit$$00000015)
    __rt_lib_init_lc_numeric_1               0x08000243   Thumb Code     0  libinit2.o(.ARM.Collect$$libinit$$00000017)
    __rt_lib_init_lc_time_1                  0x08000243   Thumb Code     0  libinit2.o(.ARM.Collect$$libinit$$00000019)
    __rt_lib_init_preinit_1                  0x08000243   Thumb Code     0  libinit2.o(.ARM.Collect$$libinit$$00000004)
    __rt_lib_init_rand_1                     0x08000243   Thumb Code     0  libinit2.o(.ARM.Collect$$libinit$$0000000E)
    __rt_lib_init_return                     0x08000243   Thumb Code     0  libinit2.o(.ARM.Collect$$libinit$$00000033)
    __rt_lib_init_signal_1                   0x08000243   Thumb Code     0  libinit2.o(.ARM.Collect$$libinit$$0000001D)
    __rt_lib_init_stdio_1                    0x08000243   Thumb Code     0  libinit2.o(.ARM.Collect$$libinit$$00000025)
    __rt_lib_init_user_alloc_1               0x08000243   Thumb Code     0  libinit2.o(.ARM.Collect$$libinit$$0000000C)
    __rt_lib_shutdown                        0x08000245   Thumb Code     0  libshutdown.o(.ARM.Collect$$libshutdown$$00000000)
    __rt_lib_shutdown_cpp_1                  0x08000247   Thumb Code     0  libshutdown2.o(.ARM.Collect$$libshutdown$$00000002)
    __rt_lib_shutdown_fp_trap_1              0x08000247   Thumb Code     0  libshutdown2.o(.ARM.Collect$$libshutdown$$00000007)
    __rt_lib_shutdown_heap_1                 0x08000247   Thumb Code     0  libshutdown2.o(.ARM.Collect$$libshutdown$$0000000F)
    __rt_lib_shutdown_return                 0x08000247   Thumb Code     0  libshutdown2.o(.ARM.Collect$$libshutdown$$00000010)
    __rt_lib_shutdown_signal_1               0x08000247   Thumb Code     0  libshutdown2.o(.ARM.Collect$$libshutdown$$0000000A)
    __rt_lib_shutdown_stdio_1                0x08000247   Thumb Code     0  libshutdown2.o(.ARM.Collect$$libshutdown$$00000004)
    __rt_lib_shutdown_user_alloc_1           0x08000247   Thumb Code     0  libshutdown2.o(.ARM.Collect$$libshutdown$$0000000C)
    __rt_entry                               0x08000249   Thumb Code     0  __rtentry.o(.ARM.Collect$$rtentry$$00000000)
    __rt_entry_presh_1                       0x08000249   Thumb Code     0  __rtentry2.o(.ARM.Collect$$rtentry$$00000002)
    __rt_entry_sh                            0x08000249   Thumb Code     0  __rtentry4.o(.ARM.Collect$$rtentry$$00000004)
    __rt_entry_li                            0x0800024f   Thumb Code     0  __rtentry2.o(.ARM.Collect$$rtentry$$0000000A)
    __rt_entry_postsh_1                      0x0800024f   Thumb Code     0  __rtentry2.o(.ARM.Collect$$rtentry$$00000009)
    __rt_entry_main                          0x08000253   Thumb Code     0  __rtentry2.o(.ARM.Collect$$rtentry$$0000000D)
    __rt_entry_postli_1                      0x08000253   Thumb Code     0  __rtentry2.o(.ARM.Collect$$rtentry$$0000000C)
    __rt_exit                                0x0800025b   Thumb Code     0  rtexit.o(.ARM.Collect$$rtexit$$00000000)
    __rt_exit_ls                             0x0800025d   Thumb Code     0  rtexit2.o(.ARM.Collect$$rtexit$$00000003)
    __rt_exit_prels_1                        0x0800025d   Thumb Code     0  rtexit2.o(.ARM.Collect$$rtexit$$00000002)
    __rt_exit_exit                           0x08000261   Thumb Code     0  rtexit2.o(.ARM.Collect$$rtexit$$00000004)
    Reset_Handler                            0x08000269   Thumb Code     8  startup_stm32f40_41xxx.o(.text)
    ADC_IRQHandler                           0x08000283   Thumb Code     0  startup_stm32f40_41xxx.o(.text)
    CAN1_RX0_IRQHandler                      0x08000283   Thumb Code     0  startup_stm32f40_41xxx.o(.text)
    CAN1_RX1_IRQHandler                      0x08000283   Thumb Code     0  startup_stm32f40_41xxx.o(.text)
    CAN1_SCE_IRQHandler                      0x08000283   Thumb Code     0  startup_stm32f40_41xxx.o(.text)
    CAN1_TX_IRQHandler                       0x08000283   Thumb Code     0  startup_stm32f40_41xxx.o(.text)
    CAN2_RX0_IRQHandler                      0x08000283   Thumb Code     0  startup_stm32f40_41xxx.o(.text)
    CAN2_RX1_IRQHandler                      0x08000283   Thumb Code     0  startup_stm32f40_41xxx.o(.text)
    CAN2_SCE_IRQHandler                      0x08000283   Thumb Code     0  startup_stm32f40_41xxx.o(.text)
    CAN2_TX_IRQHandler                       0x08000283   Thumb Code     0  startup_stm32f40_41xxx.o(.text)
    CRYP_IRQHandler                          0x08000283   Thumb Code     0  startup_stm32f40_41xxx.o(.text)
    DCMI_IRQHandler                          0x08000283   Thumb Code     0  startup_stm32f40_41xxx.o(.text)
    DMA1_Stream0_IRQHandler                  0x08000283   Thumb Code     0  startup_stm32f40_41xxx.o(.text)
    DMA1_Stream1_IRQHandler                  0x08000283   Thumb Code     0  startup_stm32f40_41xxx.o(.text)
    DMA1_Stream2_IRQHandler                  0x08000283   Thumb Code     0  startup_stm32f40_41xxx.o(.text)
    DMA1_Stream3_IRQHandler                  0x08000283   Thumb Code     0  startup_stm32f40_41xxx.o(.text)
    DMA1_Stream4_IRQHandler                  0x08000283   Thumb Code     0  startup_stm32f40_41xxx.o(.text)
    DMA1_Stream5_IRQHandler                  0x08000283   Thumb Code     0  startup_stm32f40_41xxx.o(.text)
    DMA1_Stream6_IRQHandler                  0x08000283   Thumb Code     0  startup_stm32f40_41xxx.o(.text)
    DMA1_Stream7_IRQHandler                  0x08000283   Thumb Code     0  startup_stm32f40_41xxx.o(.text)
    DMA2_Stream0_IRQHandler                  0x08000283   Thumb Code     0  startup_stm32f40_41xxx.o(.text)
    DMA2_Stream1_IRQHandler                  0x08000283   Thumb Code     0  startup_stm32f40_41xxx.o(.text)
    DMA2_Stream2_IRQHandler                  0x08000283   Thumb Code     0  startup_stm32f40_41xxx.o(.text)
    DMA2_Stream3_IRQHandler                  0x08000283   Thumb Code     0  startup_stm32f40_41xxx.o(.text)
    DMA2_Stream4_IRQHandler                  0x08000283   Thumb Code     0  startup_stm32f40_41xxx.o(.text)
    DMA2_Stream5_IRQHandler                  0x08000283   Thumb Code     0  startup_stm32f40_41xxx.o(.text)
    DMA2_Stream6_IRQHandler                  0x08000283   Thumb Code     0  startup_stm32f40_41xxx.o(.text)
    DMA2_Stream7_IRQHandler                  0x08000283   Thumb Code     0  startup_stm32f40_41xxx.o(.text)
    ETH_IRQHandler                           0x08000283   Thumb Code     0  startup_stm32f40_41xxx.o(.text)
    ETH_WKUP_IRQHandler                      0x08000283   Thumb Code     0  startup_stm32f40_41xxx.o(.text)
    EXTI0_IRQHandler                         0x08000283   Thumb Code     0  startup_stm32f40_41xxx.o(.text)
    EXTI15_10_IRQHandler                     0x08000283   Thumb Code     0  startup_stm32f40_41xxx.o(.text)
    EXTI1_IRQHandler                         0x08000283   Thumb Code     0  startup_stm32f40_41xxx.o(.text)
    EXTI2_IRQHandler                         0x08000283   Thumb Code     0  startup_stm32f40_41xxx.o(.text)
    EXTI3_IRQHandler                         0x08000283   Thumb Code     0  startup_stm32f40_41xxx.o(.text)
    EXTI4_IRQHandler                         0x08000283   Thumb Code     0  startup_stm32f40_41xxx.o(.text)
    EXTI9_5_IRQHandler                       0x08000283   Thumb Code     0  startup_stm32f40_41xxx.o(.text)
    FLASH_IRQHandler                         0x08000283   Thumb Code     0  startup_stm32f40_41xxx.o(.text)
    FPU_IRQHandler                           0x08000283   Thumb Code     0  startup_stm32f40_41xxx.o(.text)
    FSMC_IRQHandler                          0x08000283   Thumb Code     0  startup_stm32f40_41xxx.o(.text)
    HASH_RNG_IRQHandler                      0x08000283   Thumb Code     0  startup_stm32f40_41xxx.o(.text)
    I2C1_ER_IRQHandler                       0x08000283   Thumb Code     0  startup_stm32f40_41xxx.o(.text)
    I2C1_EV_IRQHandler                       0x08000283   Thumb Code     0  startup_stm32f40_41xxx.o(.text)
    I2C2_ER_IRQHandler                       0x08000283   Thumb Code     0  startup_stm32f40_41xxx.o(.text)
    I2C2_EV_IRQHandler                       0x08000283   Thumb Code     0  startup_stm32f40_41xxx.o(.text)
    I2C3_ER_IRQHandler                       0x08000283   Thumb Code     0  startup_stm32f40_41xxx.o(.text)
    I2C3_EV_IRQHandler                       0x08000283   Thumb Code     0  startup_stm32f40_41xxx.o(.text)
    OTG_FS_IRQHandler                        0x08000283   Thumb Code     0  startup_stm32f40_41xxx.o(.text)
    OTG_FS_WKUP_IRQHandler                   0x08000283   Thumb Code     0  startup_stm32f40_41xxx.o(.text)
    OTG_HS_EP1_IN_IRQHandler                 0x08000283   Thumb Code     0  startup_stm32f40_41xxx.o(.text)
    OTG_HS_EP1_OUT_IRQHandler                0x08000283   Thumb Code     0  startup_stm32f40_41xxx.o(.text)
    OTG_HS_IRQHandler                        0x08000283   Thumb Code     0  startup_stm32f40_41xxx.o(.text)
    OTG_HS_WKUP_IRQHandler                   0x08000283   Thumb Code     0  startup_stm32f40_41xxx.o(.text)
    PVD_IRQHandler                           0x08000283   Thumb Code     0  startup_stm32f40_41xxx.o(.text)
    RCC_IRQHandler                           0x08000283   Thumb Code     0  startup_stm32f40_41xxx.o(.text)
    RTC_Alarm_IRQHandler                     0x08000283   Thumb Code     0  startup_stm32f40_41xxx.o(.text)
    RTC_WKUP_IRQHandler                      0x08000283   Thumb Code     0  startup_stm32f40_41xxx.o(.text)
    SDIO_IRQHandler                          0x08000283   Thumb Code     0  startup_stm32f40_41xxx.o(.text)
    SPI1_IRQHandler                          0x08000283   Thumb Code     0  startup_stm32f40_41xxx.o(.text)
    SPI2_IRQHandler                          0x08000283   Thumb Code     0  startup_stm32f40_41xxx.o(.text)
    SPI3_IRQHandler                          0x08000283   Thumb Code     0  startup_stm32f40_41xxx.o(.text)
    TAMP_STAMP_IRQHandler                    0x08000283   Thumb Code     0  startup_stm32f40_41xxx.o(.text)
    TIM1_BRK_TIM9_IRQHandler                 0x08000283   Thumb Code     0  startup_stm32f40_41xxx.o(.text)
    TIM1_CC_IRQHandler                       0x08000283   Thumb Code     0  startup_stm32f40_41xxx.o(.text)
    TIM1_TRG_COM_TIM11_IRQHandler            0x08000283   Thumb Code     0  startup_stm32f40_41xxx.o(.text)
    TIM1_UP_TIM10_IRQHandler                 0x08000283   Thumb Code     0  startup_stm32f40_41xxx.o(.text)
    TIM2_IRQHandler                          0x08000283   Thumb Code     0  startup_stm32f40_41xxx.o(.text)
    TIM3_IRQHandler                          0x08000283   Thumb Code     0  startup_stm32f40_41xxx.o(.text)
    TIM4_IRQHandler                          0x08000283   Thumb Code     0  startup_stm32f40_41xxx.o(.text)
    TIM5_IRQHandler                          0x08000283   Thumb Code     0  startup_stm32f40_41xxx.o(.text)
    TIM6_DAC_IRQHandler                      0x08000283   Thumb Code     0  startup_stm32f40_41xxx.o(.text)
    TIM7_IRQHandler                          0x08000283   Thumb Code     0  startup_stm32f40_41xxx.o(.text)
    TIM8_BRK_TIM12_IRQHandler                0x08000283   Thumb Code     0  startup_stm32f40_41xxx.o(.text)
    TIM8_CC_IRQHandler                       0x08000283   Thumb Code     0  startup_stm32f40_41xxx.o(.text)
    TIM8_TRG_COM_TIM14_IRQHandler            0x08000283   Thumb Code     0  startup_stm32f40_41xxx.o(.text)
    TIM8_UP_TIM13_IRQHandler                 0x08000283   Thumb Code     0  startup_stm32f40_41xxx.o(.text)
    WWDG_IRQHandler                          0x08000283   Thumb Code     0  startup_stm32f40_41xxx.o(.text)
    __user_initial_stackheap                 0x08000285   Thumb Code     0  startup_stm32f40_41xxx.o(.text)
    rt_hw_interrupt_disable                  0x080002a9   Thumb Code     8  context_rvds.o(.text)
    rt_hw_interrupt_enable                   0x080002b1   Thumb Code     6  context_rvds.o(.text)
    rt_hw_context_switch                     0x080002b7   Thumb Code    32  context_rvds.o(.text)
    rt_hw_context_switch_interrupt           0x080002b7   Thumb Code     0  context_rvds.o(.text)
    PendSV_Handler                           0x080002d7   Thumb Code   108  context_rvds.o(.text)
    rt_hw_context_switch_to                  0x08000343   Thumb Code    70  context_rvds.o(.text)
    rt_hw_interrupt_thread_switch            0x08000389   Thumb Code     2  context_rvds.o(.text)
    HardFault_Handler                        0x0800038b   Thumb Code    20  context_rvds.o(.text)
    __use_no_semihosting                     0x080003b9   Thumb Code     2  use_no_semi_2.o(.text)
    __use_two_region_memory                  0x080003bb   Thumb Code     2  heapauxi.o(.text)
    __rt_heap_escrow$2region                 0x080003bd   Thumb Code     2  heapauxi.o(.text)
    __rt_heap_expand$2region                 0x080003bf   Thumb Code     2  heapauxi.o(.text)
    __I$use$semihosting                      0x080003c1   Thumb Code     0  use_no_semi.o(.text)
    __use_no_semihosting_swi                 0x080003c1   Thumb Code     2  use_no_semi.o(.text)
    __user_setup_stackheap                   0x080003c3   Thumb Code    74  sys_stackheap_outer.o(.text)
    exit                                     0x0800040d   Thumb Code    18  exit.o(.text)
    __user_libspace                          0x08000421   Thumb Code     8  libspace.o(.text)
    __user_perproc_libspace                  0x08000421   Thumb Code     0  libspace.o(.text)
    __user_perthread_libspace                0x08000421   Thumb Code     0  libspace.o(.text)
    main                                     0x08000429   Thumb Code    14  components.o(i.$Sub$$main)
    BusFault_Handler                         0x08000437   Thumb Code     4  stm32f4xx_it.o(i.BusFault_Handler)
    DebugMon_Handler                         0x0800043b   Thumb Code     2  stm32f4xx_it.o(i.DebugMon_Handler)
    GPIO_Init                                0x0800043d   Thumb Code   144  stm32f4xx_gpio.o(i.GPIO_Init)
    GPIO_PinAFConfig                         0x080004cd   Thumb Code    70  stm32f4xx_gpio.o(i.GPIO_PinAFConfig)
    GPIO_ReadInputDataBit                    0x08000513   Thumb Code    18  stm32f4xx_gpio.o(i.GPIO_ReadInputDataBit)
    KEY_Init                                 0x08000525   Thumb Code    60  bsp_key.o(i.KEY_Init)
    KEY_Scan                                 0x08000569   Thumb Code   188  bsp_key.o(i.KEY_Scan)
    LED_Init                                 0x08000631   Thumb Code    96  bsp_led.o(i.LED_Init)
    MemManage_Handler                        0x08000695   Thumb Code     4  stm32f4xx_it.o(i.MemManage_Handler)
    NMI_Handler                              0x08000699   Thumb Code     2  stm32f4xx_it.o(i.NMI_Handler)
    RCC_AHB1PeriphClockCmd                   0x0800069d   Thumb Code    26  stm32f4xx_rcc.o(i.RCC_AHB1PeriphClockCmd)
    RCC_APB2PeriphClockCmd                   0x080006bd   Thumb Code    26  stm32f4xx_rcc.o(i.RCC_APB2PeriphClockCmd)
    RCC_GetClocksFreq                        0x080006dd   Thumb Code   214  stm32f4xx_rcc.o(i.RCC_GetClocksFreq)
    SVC_Handler                              0x080007c5   Thumb Code     2  stm32f4xx_it.o(i.SVC_Handler)
    SysTick_Handler                          0x080008b5   Thumb Code    16  board.o(i.SysTick_Handler)
    SystemInit                               0x080008c5   Thumb Code    88  system_stm32f4xx.o(i.SystemInit)
    UART4_IRQHandler                         0x0800092d   Thumb Code   246  bsp_uart.o(i.UART4_IRQHandler)
    UART5_IRQHandler                         0x08000a31   Thumb Code   246  bsp_uart.o(i.UART5_IRQHandler)
    USART1_IRQHandler                        0x08000b35   Thumb Code   246  bsp_uart.o(i.USART1_IRQHandler)
    USART2_IRQHandler                        0x08000c39   Thumb Code   246  bsp_uart.o(i.USART2_IRQHandler)
    USART3_IRQHandler                        0x08000d3d   Thumb Code   246  bsp_uart.o(i.USART3_IRQHandler)
    USART6_IRQHandler                        0x08000e41   Thumb Code   246  bsp_uart.o(i.USART6_IRQHandler)
    USART_Cmd                                0x08000f45   Thumb Code    24  stm32f4xx_usart.o(i.USART_Cmd)
    USART_GetFlagStatus                      0x08000f5d   Thumb Code    26  stm32f4xx_usart.o(i.USART_GetFlagStatus)
    USART_GetITStatus                        0x08000f77   Thumb Code    84  stm32f4xx_usart.o(i.USART_GetITStatus)
    USART_ITConfig                           0x08000fcb   Thumb Code    74  stm32f4xx_usart.o(i.USART_ITConfig)
    USART_Init                               0x08001015   Thumb Code   204  stm32f4xx_usart.o(i.USART_Init)
    USART_ReceiveData                        0x080010e9   Thumb Code    10  stm32f4xx_usart.o(i.USART_ReceiveData)
    USART_SendData                           0x080010f3   Thumb Code     8  stm32f4xx_usart.o(i.USART_SendData)
    Uart1_Init                               0x080010fd   Thumb Code   142  bsp_uart.o(i.Uart1_Init)
    Uart_Init                                0x08001199   Thumb Code    20  bsp_uart.o(i.Uart_Init)
    UsageFault_Handler                       0x080011b1   Thumb Code     4  stm32f4xx_it.o(i.UsageFault_Handler)
    __rt_ffs                                 0x080011b5   Thumb Code    70  kservice.o(i.__rt_ffs)
    _sys_exit                                0x08001309   Thumb Code     4  bsp_uart.o(i._sys_exit)
    $Super$$main                             0x0800130d   Thumb Code   144  main.o(i.main)
    main_thread_entry                        0x080013ed   Thumb Code    14  components.o(i.main_thread_entry)
    rt_application_init                      0x08001675   Thumb Code    34  components.o(i.rt_application_init)
    rt_components_board_init                 0x080016a5   Thumb Code    20  components.o(i.rt_components_board_init)
    rt_components_init                       0x080016c1   Thumb Code    20  components.o(i.rt_components_init)
    rt_enter_critical                        0x080016dd   Thumb Code    28  scheduler.o(i.rt_enter_critical)
    rt_exit_critical                         0x080016fd   Thumb Code    54  scheduler.o(i.rt_exit_critical)
    rt_free                                  0x08001739   Thumb Code   128  mem.o(i.rt_free)
    rt_heap_begin_get                        0x08001819   Thumb Code     4  board.o(i.rt_heap_begin_get)
    rt_heap_end_get                          0x08001821   Thumb Code     4  board.o(i.rt_heap_end_get)
    rt_hw_board_init                         0x08001829   Thumb Code   116  board.o(i.rt_hw_board_init)
    rt_hw_console_output                     0x080018a9   Thumb Code    74  board.o(i.rt_hw_console_output)
    rt_hw_hard_fault_exception               0x080018f9   Thumb Code   108  cpuport.o(i.rt_hw_hard_fault_exception)
    rt_hw_stack_init                         0x08001a05   Thumb Code    74  cpuport.o(i.rt_hw_stack_init)
    rt_interrupt_enter                       0x08001a55   Thumb Code    26  irq.o(i.rt_interrupt_enter)
    rt_interrupt_leave                       0x08001a75   Thumb Code    26  irq.o(i.rt_interrupt_leave)
    rt_kprintf                               0x08001b25   Thumb Code    44  kservice.o(i.rt_kprintf)
    rt_malloc                                0x08001be5   Thumb Code   336  mem.o(i.rt_malloc)
    rt_mb_create                             0x08001d51   Thumb Code    82  ipc.o(i.rt_mb_create)
    rt_mb_recv                               0x08001da3   Thumb Code   244  ipc.o(i.rt_mb_recv)
    rt_mb_send                               0x08001e97   Thumb Code    18  ipc.o(i.rt_mb_send)
    rt_mb_send_wait                          0x08001ea9   Thumb Code   246  ipc.o(i.rt_mb_send_wait)
    rt_memset                                0x08001f9f   Thumb Code    72  kservice.o(i.rt_memset)
    rt_object_allocate                       0x08001fe7   Thumb Code    74  object.o(i.rt_object_allocate)
    rt_object_delete                         0x08002031   Thumb Code    32  object.o(i.rt_object_delete)
    rt_object_detach                         0x08002051   Thumb Code    26  object.o(i.rt_object_detach)
    rt_object_get_information                0x0800206d   Thumb Code    36  object.o(i.rt_object_get_information)
    rt_object_init                           0x08002095   Thumb Code    60  object.o(i.rt_object_init)
    rt_object_is_systemobject                0x080020d1   Thumb Code    18  object.o(i.rt_object_is_systemobject)
    rt_schedule                              0x080020e5   Thumb Code   118  scheduler.o(i.rt_schedule)
    rt_schedule_insert_thread                0x08002175   Thumb Code    72  scheduler.o(i.rt_schedule_insert_thread)
    rt_schedule_remove_thread                0x080021c5   Thumb Code    76  scheduler.o(i.rt_schedule_remove_thread)
    rt_sem_init                              0x08002219   Thumb Code    38  ipc.o(i.rt_sem_init)
    rt_sem_release                           0x0800223f   Thumb Code    58  ipc.o(i.rt_sem_release)
    rt_sem_take                              0x08002279   Thumb Code   116  ipc.o(i.rt_sem_take)
    rt_show_version                          0x080022ed   Thumb Code    38  kservice.o(i.rt_show_version)
    rt_strlen                                0x0800239d   Thumb Code    18  kservice.o(i.rt_strlen)
    rt_strncpy                               0x080023af   Thumb Code    52  kservice.o(i.rt_strncpy)
    rt_system_heap_init                      0x080023e5   Thumb Code   160  mem.o(i.rt_system_heap_init)
    rt_system_scheduler_init                 0x080024dd   Thumb Code    52  scheduler.o(i.rt_system_scheduler_init)
    rt_system_scheduler_start                0x08002529   Thumb Code    36  scheduler.o(i.rt_system_scheduler_start)
    rt_system_timer_init                     0x08002559   Thumb Code    24  timer.o(i.rt_system_timer_init)
    rt_system_timer_thread_init              0x08002575   Thumb Code     2  timer.o(i.rt_system_timer_thread_init)
    rt_thread_create                         0x08002577   Thumb Code    80  thread.o(i.rt_thread_create)
    rt_thread_delay                          0x080025c7   Thumb Code    12  thread.o(i.rt_thread_delay)
    rt_thread_exit                           0x080025d5   Thumb Code    76  thread.o(i.rt_thread_exit)
    rt_thread_idle_excute                    0x08002631   Thumb Code   128  idle.o(i.rt_thread_idle_excute)
    rt_thread_idle_init                      0x080026b5   Thumb Code    38  idle.o(i.rt_thread_idle_init)
    rt_thread_init                           0x080026f1   Thumb Code    52  thread.o(i.rt_thread_init)
    rt_thread_resume                         0x08002725   Thumb Code    60  thread.o(i.rt_thread_resume)
    rt_thread_self                           0x08002761   Thumb Code     6  thread.o(i.rt_thread_self)
    rt_thread_sleep                          0x0800276d   Thumb Code    62  thread.o(i.rt_thread_sleep)
    rt_thread_startup                        0x080027b1   Thumb Code    44  thread.o(i.rt_thread_startup)
    rt_thread_suspend                        0x080027dd   Thumb Code    68  thread.o(i.rt_thread_suspend)
    rt_thread_timeout                        0x08002821   Thumb Code    32  thread.o(i.rt_thread_timeout)
    rt_thread_yield                          0x08002841   Thumb Code    92  thread.o(i.rt_thread_yield)
    rt_tick_get                              0x080028a5   Thumb Code     6  clock.o(i.rt_tick_get)
    rt_tick_increase                         0x080028b1   Thumb Code    42  clock.o(i.rt_tick_increase)
    rt_timer_check                           0x080028e1   Thumb Code   118  timer.o(i.rt_timer_check)
    rt_timer_control                         0x0800295d   Thumb Code    56  timer.o(i.rt_timer_control)
    rt_timer_detach                          0x08002995   Thumb Code    32  timer.o(i.rt_timer_detach)
    rt_timer_init                            0x080029b5   Thumb Code    46  timer.o(i.rt_timer_init)
    rt_timer_start                           0x080029e5   Thumb Code   238  timer.o(i.rt_timer_start)
    rt_timer_stop                            0x08002add   Thumb Code    48  timer.o(i.rt_timer_stop)
    rt_vsnprintf                             0x08002b0d   Thumb Code   800  kservice.o(i.rt_vsnprintf)
    rtthread_startup                         0x08002e45   Thumb Code    42  components.o(i.rtthread_startup)
    _fp_init                                 0x08002f4f   Thumb Code    10  fpinit.o(x$fpl$fpinit)
    __fplib_config_fpu_vfp                   0x08002f57   Thumb Code     0  fpinit.o(x$fpl$fpinit)
    __fplib_config_pureend_doubles           0x08002f57   Thumb Code     0  fpinit.o(x$fpl$fpinit)
    __lowest_bit_bitmap                      0x08002f58   Data         256  kservice.o(.constdata)
    __rt_init_rti_start                      0x0800307c   Data           4  components.o(.rti_fn.0)
    __rt_init_rti_board_start                0x08003080   Data           4  components.o(.rti_fn.0.end)
    __rt_init_rti_board_end                  0x08003084   Data           4  components.o(.rti_fn.1.end)
    __rt_init_rti_end                        0x08003088   Data           4  components.o(.rti_fn.6.end)
    Region$$Table$$Base                      0x0800308c   Number         0  anon$$obj.o(Region$$Table)
    Region$$Table$$Limit                     0x080030ac   Number         0  anon$$obj.o(Region$$Table)
    SystemCoreClock                          0x20000000   Data           4  system_stm32f4xx.o(.data)
    AHBPrescTable                            0x20000004   Data          16  system_stm32f4xx.o(.data)
    test_str1                                0x20000030   Data          22  main.o(.data)
    test_str2                                0x20000046   Data          22  main.o(.data)
    g_UART1_STA                              0x2000005c   Data           8  bsp_uart.o(.data)
    g_UART2_STA                              0x20000064   Data           8  bsp_uart.o(.data)
    g_UART3_STA                              0x2000006c   Data           8  bsp_uart.o(.data)
    g_UART4_STA                              0x20000074   Data           8  bsp_uart.o(.data)
    g_UART5_STA                              0x2000007c   Data           8  bsp_uart.o(.data)
    g_UART6_STA                              0x20000084   Data           8  bsp_uart.o(.data)
    __stdout                                 0x2000008c   Data           4  bsp_uart.o(.data)
    rt_interrupt_nest                        0x20000098   Data           1  irq.o(.data)
    rt_current_thread                        0x20000108   Data           4  scheduler.o(.data)
    rt_current_priority                      0x2000010c   Data           1  scheduler.o(.data)
    rt_thread_ready_priority_group           0x20000110   Data           4  scheduler.o(.data)
    rt_thread_defunct                        0x20000114   Data           8  scheduler.o(.data)
    rt_interrupt_from_thread                 0x20000128   Data           4  cpuport.o(.data)
    rt_interrupt_to_thread                   0x2000012c   Data           4  cpuport.o(.data)
    rt_thread_switch_interrupt_flag          0x20000130   Data           4  cpuport.o(.data)
    USART1_RX_BUF                            0x20001138   Data          64  bsp_uart.o(.bss)
    USART1_TX_BUF                            0x20001178   Data          64  bsp_uart.o(.bss)
    USART2_RX_BUF                            0x200011b8   Data          64  bsp_uart.o(.bss)
    USART2_TX_BUF                            0x200011f8   Data          64  bsp_uart.o(.bss)
    USART3_RX_BUF                            0x20001238   Data          64  bsp_uart.o(.bss)
    USART3_TX_BUF                            0x20001278   Data          64  bsp_uart.o(.bss)
    USART4_RX_BUF                            0x200012b8   Data          64  bsp_uart.o(.bss)
    USART4_TX_BUF                            0x200012f8   Data          64  bsp_uart.o(.bss)
    USART5_RX_BUF                            0x20001338   Data          64  bsp_uart.o(.bss)
    USART5_TX_BUF                            0x20001378   Data          64  bsp_uart.o(.bss)
    USART6_RX_BUF                            0x200013b8   Data          64  bsp_uart.o(.bss)
    USART6_TX_BUF                            0x200013f8   Data          64  bsp_uart.o(.bss)
    rt_thread_priority_table                 0x20001658   Data         256  scheduler.o(.bss)
    __libspace_start                         0x20001758   Data          96  libspace.o(.bss)
    __temporary_stack_top$libspace           0x200017b8   Data           0  libspace.o(.bss)



==============================================================================

Memory Map of the image

  Image Entry point : 0x08000189

  Load Region LR_IROM1 (Base: 0x08000000, Size: 0x000031e4, Max: 0x00100000, ABSOLUTE, COMPRESSED[0x00003108])

    Execution Region ER_IROM1 (Exec base: 0x08000000, Load base: 0x08000000, Size: 0x000030ac, Max: 0x00100000, ABSOLUTE)

    Exec Addr    Load Addr    Size         Type   Attr      Idx    E Section Name        Object

    0x08000000   0x08000000   0x00000188   Data   RO            3    RESET               startup_stm32f40_41xxx.o
    0x08000188   0x08000188   0x00000008   Code   RO         5982  * !!!main             c_w.l(__main.o)
    0x08000190   0x08000190   0x00000034   Code   RO         6139    !!!scatter          c_w.l(__scatter.o)
    0x080001c4   0x080001c4   0x0000005a   Code   RO         6137    !!dczerorl2         c_w.l(__dczerorl2.o)
    0x0800021e   0x0800021e   0x00000002   PAD
    0x08000220   0x08000220   0x0000001c   Code   RO         6141    !!handler_zi        c_w.l(__scatter_zi.o)
    0x0800023c   0x0800023c   0x00000002   Code   RO         6011    .ARM.Collect$$libinit$$00000000  c_w.l(libinit.o)
    0x0800023e   0x0800023e   0x00000004   Code   RO         6017    .ARM.Collect$$libinit$$00000001  c_w.l(libinit2.o)
    0x08000242   0x08000242   0x00000000   Code   RO         6020    .ARM.Collect$$libinit$$00000004  c_w.l(libinit2.o)
    0x08000242   0x08000242   0x00000000   Code   RO         6023    .ARM.Collect$$libinit$$0000000A  c_w.l(libinit2.o)
    0x08000242   0x08000242   0x00000000   Code   RO         6025    .ARM.Collect$$libinit$$0000000C  c_w.l(libinit2.o)
    0x08000242   0x08000242   0x00000000   Code   RO         6027    .ARM.Collect$$libinit$$0000000E  c_w.l(libinit2.o)
    0x08000242   0x08000242   0x00000000   Code   RO         6030    .ARM.Collect$$libinit$$00000011  c_w.l(libinit2.o)
    0x08000242   0x08000242   0x00000000   Code   RO         6032    .ARM.Collect$$libinit$$00000013  c_w.l(libinit2.o)
    0x08000242   0x08000242   0x00000000   Code   RO         6034    .ARM.Collect$$libinit$$00000015  c_w.l(libinit2.o)
    0x08000242   0x08000242   0x00000000   Code   RO         6036    .ARM.Collect$$libinit$$00000017  c_w.l(libinit2.o)
    0x08000242   0x08000242   0x00000000   Code   RO         6038    .ARM.Collect$$libinit$$00000019  c_w.l(libinit2.o)
    0x08000242   0x08000242   0x00000000   Code   RO         6040    .ARM.Collect$$libinit$$0000001B  c_w.l(libinit2.o)
    0x08000242   0x08000242   0x00000000   Code   RO         6042    .ARM.Collect$$libinit$$0000001D  c_w.l(libinit2.o)
    0x08000242   0x08000242   0x00000000   Code   RO         6044    .ARM.Collect$$libinit$$0000001F  c_w.l(libinit2.o)
    0x08000242   0x08000242   0x00000000   Code   RO         6046    .ARM.Collect$$libinit$$00000021  c_w.l(libinit2.o)
    0x08000242   0x08000242   0x00000000   Code   RO         6048    .ARM.Collect$$libinit$$00000023  c_w.l(libinit2.o)
    0x08000242   0x08000242   0x00000000   Code   RO         6050    .ARM.Collect$$libinit$$00000025  c_w.l(libinit2.o)
    0x08000242   0x08000242   0x00000000   Code   RO         6054    .ARM.Collect$$libinit$$0000002C  c_w.l(libinit2.o)
    0x08000242   0x08000242   0x00000000   Code   RO         6056    .ARM.Collect$$libinit$$0000002E  c_w.l(libinit2.o)
    0x08000242   0x08000242   0x00000000   Code   RO         6058    .ARM.Collect$$libinit$$00000030  c_w.l(libinit2.o)
    0x08000242   0x08000242   0x00000000   Code   RO         6060    .ARM.Collect$$libinit$$00000032  c_w.l(libinit2.o)
    0x08000242   0x08000242   0x00000002   Code   RO         6061    .ARM.Collect$$libinit$$00000033  c_w.l(libinit2.o)
    0x08000244   0x08000244   0x00000002   Code   RO         6079    .ARM.Collect$$libshutdown$$00000000  c_w.l(libshutdown.o)
    0x08000246   0x08000246   0x00000000   Code   RO         6089    .ARM.Collect$$libshutdown$$00000002  c_w.l(libshutdown2.o)
    0x08000246   0x08000246   0x00000000   Code   RO         6091    .ARM.Collect$$libshutdown$$00000004  c_w.l(libshutdown2.o)
    0x08000246   0x08000246   0x00000000   Code   RO         6094    .ARM.Collect$$libshutdown$$00000007  c_w.l(libshutdown2.o)
    0x08000246   0x08000246   0x00000000   Code   RO         6097    .ARM.Collect$$libshutdown$$0000000A  c_w.l(libshutdown2.o)
    0x08000246   0x08000246   0x00000000   Code   RO         6099    .ARM.Collect$$libshutdown$$0000000C  c_w.l(libshutdown2.o)
    0x08000246   0x08000246   0x00000000   Code   RO         6102    .ARM.Collect$$libshutdown$$0000000F  c_w.l(libshutdown2.o)
    0x08000246   0x08000246   0x00000002   Code   RO         6103    .ARM.Collect$$libshutdown$$00000010  c_w.l(libshutdown2.o)
    0x08000248   0x08000248   0x00000000   Code   RO         5986    .ARM.Collect$$rtentry$$00000000  c_w.l(__rtentry.o)
    0x08000248   0x08000248   0x00000000   Code   RO         5988    .ARM.Collect$$rtentry$$00000002  c_w.l(__rtentry2.o)
    0x08000248   0x08000248   0x00000006   Code   RO         6000    .ARM.Collect$$rtentry$$00000004  c_w.l(__rtentry4.o)
    0x0800024e   0x0800024e   0x00000000   Code   RO         5990    .ARM.Collect$$rtentry$$00000009  c_w.l(__rtentry2.o)
    0x0800024e   0x0800024e   0x00000004   Code   RO         5991    .ARM.Collect$$rtentry$$0000000A  c_w.l(__rtentry2.o)
    0x08000252   0x08000252   0x00000000   Code   RO         5993    .ARM.Collect$$rtentry$$0000000C  c_w.l(__rtentry2.o)
    0x08000252   0x08000252   0x00000008   Code   RO         5994    .ARM.Collect$$rtentry$$0000000D  c_w.l(__rtentry2.o)
    0x0800025a   0x0800025a   0x00000002   Code   RO         6015    .ARM.Collect$$rtexit$$00000000  c_w.l(rtexit.o)
    0x0800025c   0x0800025c   0x00000000   Code   RO         6063    .ARM.Collect$$rtexit$$00000002  c_w.l(rtexit2.o)
    0x0800025c   0x0800025c   0x00000004   Code   RO         6064    .ARM.Collect$$rtexit$$00000003  c_w.l(rtexit2.o)
    0x08000260   0x08000260   0x00000006   Code   RO         6065    .ARM.Collect$$rtexit$$00000004  c_w.l(rtexit2.o)
    0x08000266   0x08000266   0x00000002   PAD
    0x08000268   0x08000268   0x00000040   Code   RO            4    .text               startup_stm32f40_41xxx.o
    0x080002a8   0x080002a8   0x00000110   Code   RO         5939    .text               context_rvds.o
    0x080003b8   0x080003b8   0x00000002   Code   RO         5978    .text               c_w.l(use_no_semi_2.o)
    0x080003ba   0x080003ba   0x00000006   Code   RO         5980    .text               c_w.l(heapauxi.o)
    0x080003c0   0x080003c0   0x00000002   Code   RO         5984    .text               c_w.l(use_no_semi.o)
    0x080003c2   0x080003c2   0x0000004a   Code   RO         6002    .text               c_w.l(sys_stackheap_outer.o)
    0x0800040c   0x0800040c   0x00000012   Code   RO         6004    .text               c_w.l(exit.o)
    0x0800041e   0x0800041e   0x00000002   PAD
    0x08000420   0x08000420   0x00000008   Code   RO         6012    .text               c_w.l(libspace.o)
    0x08000428   0x08000428   0x0000000e   Code   RO         5004    i.$Sub$$main        components.o
    0x08000436   0x08000436   0x00000004   Code   RO         4517    i.BusFault_Handler  stm32f4xx_it.o
    0x0800043a   0x0800043a   0x00000002   Code   RO         4518    i.DebugMon_Handler  stm32f4xx_it.o
    0x0800043c   0x0800043c   0x00000090   Code   RO         1472    i.GPIO_Init         stm32f4xx_gpio.o
    0x080004cc   0x080004cc   0x00000046   Code   RO         1473    i.GPIO_PinAFConfig  stm32f4xx_gpio.o
    0x08000512   0x08000512   0x00000012   Code   RO         1476    i.GPIO_ReadInputDataBit  stm32f4xx_gpio.o
    0x08000524   0x08000524   0x00000044   Code   RO         4935    i.KEY_Init          bsp_key.o
    0x08000568   0x08000568   0x000000c8   Code   RO         4936    i.KEY_Scan          bsp_key.o
    0x08000630   0x08000630   0x00000064   Code   RO         4778    i.LED_Init          bsp_led.o
    0x08000694   0x08000694   0x00000004   Code   RO         4519    i.MemManage_Handler  stm32f4xx_it.o
    0x08000698   0x08000698   0x00000002   Code   RO         4520    i.NMI_Handler       stm32f4xx_it.o
    0x0800069a   0x0800069a   0x00000002   PAD
    0x0800069c   0x0800069c   0x00000020   Code   RO         2162    i.RCC_AHB1PeriphClockCmd  stm32f4xx_rcc.o
    0x080006bc   0x080006bc   0x00000020   Code   RO         2174    i.RCC_APB2PeriphClockCmd  stm32f4xx_rcc.o
    0x080006dc   0x080006dc   0x000000e8   Code   RO         2183    i.RCC_GetClocksFreq  stm32f4xx_rcc.o
    0x080007c4   0x080007c4   0x00000002   Code   RO         4521    i.SVC_Handler       stm32f4xx_it.o
    0x080007c6   0x080007c6   0x00000002   PAD
    0x080007c8   0x080007c8   0x000000ec   Code   RO           12    i.SetSysClock       system_stm32f4xx.o
    0x080008b4   0x080008b4   0x00000010   Code   RO         4570    i.SysTick_Handler   board.o
    0x080008c4   0x080008c4   0x00000068   Code   RO           14    i.SystemInit        system_stm32f4xx.o
    0x0800092c   0x0800092c   0x00000104   Code   RO         4802    i.UART4_IRQHandler  bsp_uart.o
    0x08000a30   0x08000a30   0x00000104   Code   RO         4803    i.UART5_IRQHandler  bsp_uart.o
    0x08000b34   0x08000b34   0x00000104   Code   RO         4804    i.USART1_IRQHandler  bsp_uart.o
    0x08000c38   0x08000c38   0x00000104   Code   RO         4805    i.USART2_IRQHandler  bsp_uart.o
    0x08000d3c   0x08000d3c   0x00000104   Code   RO         4806    i.USART3_IRQHandler  bsp_uart.o
    0x08000e40   0x08000e40   0x00000104   Code   RO         4807    i.USART6_IRQHandler  bsp_uart.o
    0x08000f44   0x08000f44   0x00000018   Code   RO         4059    i.USART_Cmd         stm32f4xx_usart.o
    0x08000f5c   0x08000f5c   0x0000001a   Code   RO         4062    i.USART_GetFlagStatus  stm32f4xx_usart.o
    0x08000f76   0x08000f76   0x00000054   Code   RO         4063    i.USART_GetITStatus  stm32f4xx_usart.o
    0x08000fca   0x08000fca   0x0000004a   Code   RO         4065    i.USART_ITConfig    stm32f4xx_usart.o
    0x08001014   0x08001014   0x000000d4   Code   RO         4066    i.USART_Init        stm32f4xx_usart.o
    0x080010e8   0x080010e8   0x0000000a   Code   RO         4073    i.USART_ReceiveData  stm32f4xx_usart.o
    0x080010f2   0x080010f2   0x00000008   Code   RO         4076    i.USART_SendData    stm32f4xx_usart.o
    0x080010fa   0x080010fa   0x00000002   PAD
    0x080010fc   0x080010fc   0x0000009c   Code   RO         4808    i.Uart1_Init        bsp_uart.o
    0x08001198   0x08001198   0x00000018   Code   RO         4814    i.Uart_Init         bsp_uart.o
    0x080011b0   0x080011b0   0x00000004   Code   RO         4522    i.UsageFault_Handler  stm32f4xx_it.o
    0x080011b4   0x080011b4   0x0000004c   Code   RO         5327    i.__rt_ffs          kservice.o
    0x08001200   0x08001200   0x00000014   Code   RO         5078    i._has_defunct_thread  idle.o
    0x08001214   0x08001214   0x00000084   Code   RO         5717    i._rt_thread_init   thread.o
    0x08001298   0x08001298   0x00000042   Code   RO         5832    i._rt_timer_init    timer.o
    0x080012da   0x080012da   0x0000002e   Code   RO         5833    i._rt_timer_remove  timer.o
    0x08001308   0x08001308   0x00000004   Code   RO         4817    i._sys_exit         bsp_uart.o
    0x0800130c   0x0800130c   0x000000e0   Code   RO         4305    i.main              main.o
    0x080013ec   0x080013ec   0x0000000e   Code   RO         5005    i.main_thread_entry  components.o
    0x080013fa   0x080013fa   0x00000002   PAD
    0x080013fc   0x080013fc   0x00000078   Code   RO         5504    i.plug_holes        mem.o
    0x08001474   0x08001474   0x0000018c   Code   RO         5329    i.print_number      kservice.o
    0x08001600   0x08001600   0x00000074   Code   RO         4306    i.receive_thread_entry  main.o
    0x08001674   0x08001674   0x00000030   Code   RO         5006    i.rt_application_init  components.o
    0x080016a4   0x080016a4   0x0000001c   Code   RO         5007    i.rt_components_board_init  components.o
    0x080016c0   0x080016c0   0x0000001c   Code   RO         5008    i.rt_components_init  components.o
    0x080016dc   0x080016dc   0x00000020   Code   RO         5636    i.rt_enter_critical  scheduler.o
    0x080016fc   0x080016fc   0x0000003c   Code   RO         5637    i.rt_exit_critical  scheduler.o
    0x08001738   0x08001738   0x000000e0   Code   RO         5506    i.rt_free           mem.o
    0x08001818   0x08001818   0x00000008   Code   RO         4571    i.rt_heap_begin_get  board.o
    0x08001820   0x08001820   0x00000008   Code   RO         4572    i.rt_heap_end_get   board.o
    0x08001828   0x08001828   0x00000080   Code   RO         4573    i.rt_hw_board_init  board.o
    0x080018a8   0x080018a8   0x00000050   Code   RO         4574    i.rt_hw_console_output  board.o
    0x080018f8   0x080018f8   0x0000010c   Code   RO         5945    i.rt_hw_hard_fault_exception  cpuport.o
    0x08001a04   0x08001a04   0x00000050   Code   RO         5946    i.rt_hw_stack_init  cpuport.o
    0x08001a54   0x08001a54   0x00000020   Code   RO         5300    i.rt_interrupt_enter  irq.o
    0x08001a74   0x08001a74   0x00000020   Code   RO         5302    i.rt_interrupt_leave  irq.o
    0x08001a94   0x08001a94   0x00000014   Code   RO         5125    i.rt_ipc_list_resume  ipc.o
    0x08001aa8   0x08001aa8   0x0000006c   Code   RO         5127    i.rt_ipc_list_suspend  ipc.o
    0x08001b14   0x08001b14   0x00000010   Code   RO         5128    i.rt_ipc_object_init  ipc.o
    0x08001b24   0x08001b24   0x00000030   Code   RO         5333    i.rt_kprintf        kservice.o
    0x08001b54   0x08001b54   0x00000006   Code   RO         5129    i.rt_list_init      ipc.o
    0x08001b5a   0x08001b5a   0x00000006   Code   RO         5638    i.rt_list_init      scheduler.o
    0x08001b60   0x08001b60   0x00000006   Code   RO         5834    i.rt_list_init      timer.o
    0x08001b66   0x08001b66   0x0000000e   Code   RO         5566    i.rt_list_insert_after  object.o
    0x08001b74   0x08001b74   0x0000000e   Code   RO         5718    i.rt_list_insert_after  thread.o
    0x08001b82   0x08001b82   0x0000000e   Code   RO         5835    i.rt_list_insert_after  timer.o
    0x08001b90   0x08001b90   0x0000000e   Code   RO         5130    i.rt_list_insert_before  ipc.o
    0x08001b9e   0x08001b9e   0x00000010   Code   RO         5131    i.rt_list_isempty   ipc.o
    0x08001bae   0x08001bae   0x00000010   Code   RO         5836    i.rt_list_isempty   timer.o
    0x08001bbe   0x08001bbe   0x00000012   Code   RO         5567    i.rt_list_remove    object.o
    0x08001bd0   0x08001bd0   0x00000012   Code   RO         5719    i.rt_list_remove    thread.o
    0x08001be2   0x08001be2   0x00000002   PAD
    0x08001be4   0x08001be4   0x0000016c   Code   RO         5507    i.rt_malloc         mem.o
    0x08001d50   0x08001d50   0x00000052   Code   RO         5133    i.rt_mb_create      ipc.o
    0x08001da2   0x08001da2   0x000000f4   Code   RO         5137    i.rt_mb_recv        ipc.o
    0x08001e96   0x08001e96   0x00000012   Code   RO         5138    i.rt_mb_send        ipc.o
    0x08001ea8   0x08001ea8   0x000000f6   Code   RO         5139    i.rt_mb_send_wait   ipc.o
    0x08001f9e   0x08001f9e   0x00000048   Code   RO         5339    i.rt_memset         kservice.o
    0x08001fe6   0x08001fe6   0x0000004a   Code   RO         5568    i.rt_object_allocate  object.o
    0x08002030   0x08002030   0x00000020   Code   RO         5569    i.rt_object_delete  object.o
    0x08002050   0x08002050   0x0000001a   Code   RO         5570    i.rt_object_detach  object.o
    0x0800206a   0x0800206a   0x00000002   PAD
    0x0800206c   0x0800206c   0x00000028   Code   RO         5572    i.rt_object_get_information  object.o
    0x08002094   0x08002094   0x0000003c   Code   RO         5573    i.rt_object_init    object.o
    0x080020d0   0x080020d0   0x00000012   Code   RO         5574    i.rt_object_is_systemobject  object.o
    0x080020e2   0x080020e2   0x00000002   PAD
    0x080020e4   0x080020e4   0x00000090   Code   RO         5639    i.rt_schedule       scheduler.o
    0x08002174   0x08002174   0x00000050   Code   RO         5640    i.rt_schedule_insert_thread  scheduler.o
    0x080021c4   0x080021c4   0x00000054   Code   RO         5641    i.rt_schedule_remove_thread  scheduler.o
    0x08002218   0x08002218   0x00000026   Code   RO         5144    i.rt_sem_init       ipc.o
    0x0800223e   0x0800223e   0x0000003a   Code   RO         5145    i.rt_sem_release    ipc.o
    0x08002278   0x08002278   0x00000074   Code   RO         5146    i.rt_sem_take       ipc.o
    0x080022ec   0x080022ec   0x000000b0   Code   RO         5341    i.rt_show_version   kservice.o
    0x0800239c   0x0800239c   0x00000012   Code   RO         5347    i.rt_strlen         kservice.o
    0x080023ae   0x080023ae   0x00000034   Code   RO         5349    i.rt_strncpy        kservice.o
    0x080023e2   0x080023e2   0x00000002   PAD
    0x080023e4   0x080023e4   0x000000f8   Code   RO         5510    i.rt_system_heap_init  mem.o
    0x080024dc   0x080024dc   0x0000004c   Code   RO         5642    i.rt_system_scheduler_init  scheduler.o
    0x08002528   0x08002528   0x00000030   Code   RO         5643    i.rt_system_scheduler_start  scheduler.o
    0x08002558   0x08002558   0x0000001c   Code   RO         5837    i.rt_system_timer_init  timer.o
    0x08002574   0x08002574   0x00000002   Code   RO         5838    i.rt_system_timer_thread_init  timer.o
    0x08002576   0x08002576   0x00000050   Code   RO         5721    i.rt_thread_create  thread.o
    0x080025c6   0x080025c6   0x0000000c   Code   RO         5722    i.rt_thread_delay   thread.o
    0x080025d2   0x080025d2   0x00000002   PAD
    0x080025d4   0x080025d4   0x00000054   Code   RO         5725    i.rt_thread_exit    thread.o
    0x08002628   0x08002628   0x00000008   Code   RO         5079    i.rt_thread_idle_entry  idle.o
    0x08002630   0x08002630   0x00000084   Code   RO         5080    i.rt_thread_idle_excute  idle.o
    0x080026b4   0x080026b4   0x0000003c   Code   RO         5082    i.rt_thread_idle_init  idle.o
    0x080026f0   0x080026f0   0x00000034   Code   RO         5727    i.rt_thread_init    thread.o
    0x08002724   0x08002724   0x0000003c   Code   RO         5728    i.rt_thread_resume  thread.o
    0x08002760   0x08002760   0x0000000c   Code   RO         5729    i.rt_thread_self    thread.o
    0x0800276c   0x0800276c   0x00000044   Code   RO         5730    i.rt_thread_sleep   thread.o
    0x080027b0   0x080027b0   0x0000002c   Code   RO         5731    i.rt_thread_startup  thread.o
    0x080027dc   0x080027dc   0x00000044   Code   RO         5732    i.rt_thread_suspend  thread.o
    0x08002820   0x08002820   0x00000020   Code   RO         5733    i.rt_thread_timeout  thread.o
    0x08002840   0x08002840   0x00000064   Code   RO         5734    i.rt_thread_yield   thread.o
    0x080028a4   0x080028a4   0x0000000c   Code   RO         4962    i.rt_tick_get       clock.o
    0x080028b0   0x080028b0   0x00000030   Code   RO         4963    i.rt_tick_increase  clock.o
    0x080028e0   0x080028e0   0x0000007c   Code   RO         5839    i.rt_timer_check    timer.o
    0x0800295c   0x0800295c   0x00000038   Code   RO         5840    i.rt_timer_control  timer.o
    0x08002994   0x08002994   0x00000020   Code   RO         5843    i.rt_timer_detach   timer.o
    0x080029b4   0x080029b4   0x0000002e   Code   RO         5844    i.rt_timer_init     timer.o
    0x080029e2   0x080029e2   0x00000002   PAD
    0x080029e4   0x080029e4   0x000000f8   Code   RO         5847    i.rt_timer_start    timer.o
    0x08002adc   0x08002adc   0x00000030   Code   RO         5848    i.rt_timer_stop     timer.o
    0x08002b0c   0x08002b0c   0x00000328   Code   RO         5352    i.rt_vsnprintf      kservice.o
    0x08002e34   0x08002e34   0x00000004   Code   RO         5009    i.rti_board_end     components.o
    0x08002e38   0x08002e38   0x00000004   Code   RO         5010    i.rti_board_start   components.o
    0x08002e3c   0x08002e3c   0x00000004   Code   RO         5011    i.rti_end           components.o
    0x08002e40   0x08002e40   0x00000004   Code   RO         5012    i.rti_start         components.o
    0x08002e44   0x08002e44   0x0000002a   Code   RO         5013    i.rtthread_startup  components.o
    0x08002e6e   0x08002e6e   0x00000002   PAD
    0x08002e70   0x08002e70   0x000000b8   Code   RO         4307    i.send_thread_entry  main.o
    0x08002f28   0x08002f28   0x00000026   Code   RO         5354    i.skip_atoi         kservice.o
    0x08002f4e   0x08002f4e   0x0000000a   Code   RO         6071    x$fpl$fpinit        fz_wm.l(fpinit.o)
    0x08002f58   0x08002f58   0x00000122   Data   RO         5356    .constdata          kservice.o
    0x0800307a   0x0800307a   0x00000002   PAD
    0x0800307c   0x0800307c   0x00000004   Data   RO         5014    .rti_fn.0           components.o
    0x08003080   0x08003080   0x00000004   Data   RO         5015    .rti_fn.0.end       components.o
    0x08003084   0x08003084   0x00000004   Data   RO         5016    .rti_fn.1.end       components.o
    0x08003088   0x08003088   0x00000004   Data   RO         5017    .rti_fn.6.end       components.o
    0x0800308c   0x0800308c   0x00000020   Data   RO         6135    Region$$Table       anon$$obj.o


    Execution Region RW_IRAM1 (Exec base: 0x20000000, Load base: 0x080030ac, Size: 0x00001db8, Max: 0x00020000, ABSOLUTE, COMPRESSED[0x0000005c])

    Exec Addr    Load Addr    Size         Type   Attr      Idx    E Section Name        Object

    0x20000000   COMPRESSED   0x00000014   Data   RW           15    .data               system_stm32f4xx.o
    0x20000014   COMPRESSED   0x00000010   Data   RW         2215    .data               stm32f4xx_rcc.o
    0x20000024   COMPRESSED   0x00000038   Data   RW         4308    .data               main.o
    0x2000005c   COMPRESSED   0x00000034   Data   RW         4821    .data               bsp_uart.o
    0x20000090   COMPRESSED   0x00000001   Data   RW         4937    .data               bsp_key.o
    0x20000091   COMPRESSED   0x00000003   PAD
    0x20000094   COMPRESSED   0x00000004   Data   RW         4965    .data               clock.o
    0x20000098   COMPRESSED   0x00000001   Data   RW         5303    .data               irq.o
    0x20000099   COMPRESSED   0x00000003   PAD
    0x2000009c   COMPRESSED   0x00000018   Data   RW         5512    .data               mem.o
    0x200000b4   COMPRESSED   0x00000050   Data   RW         5576    .data               object.o
    0x20000104   COMPRESSED   0x00000018   Data   RW         5645    .data               scheduler.o
    0x2000011c   COMPRESSED   0x0000000c   Data   RW         5849    .data               timer.o
    0x20000128   COMPRESSED   0x00000010   Data   RW         5947    .data               cpuport.o
    0x20000138        -       0x00001000   Zero   RW         4575    .bss                board.o
    0x20001138        -       0x00000300   Zero   RW         4820    .bss                bsp_uart.o
    0x20001438        -       0x00000180   Zero   RW         5083    .bss                idle.o
    0x200015b8        -       0x00000080   Zero   RW         5355    .bss                kservice.o
    0x20001638        -       0x00000020   Zero   RW         5511    .bss                mem.o
    0x20001658        -       0x00000100   Zero   RW         5644    .bss                scheduler.o
    0x20001758        -       0x00000060   Zero   RW         6013    .bss                c_w.l(libspace.o)
    0x200017b8        -       0x00000200   Zero   RW            2    HEAP                startup_stm32f40_41xxx.o
    0x200019b8        -       0x00000400   Zero   RW            1    STACK               startup_stm32f40_41xxx.o


==============================================================================

Image component sizes


      Code (inc. data)   RO Data    RW Data    ZI Data      Debug   Object Name

       240         26          0          0       4096     276253   board.o
       268         20          0          1          0       1346   bsp_key.o
       100          4          0          0          0        607   bsp_led.o
      1744        102          0         52        768      10545   bsp_uart.o
        60         12          0          4          0       1429   clock.o
       190         30         16          0          0       6916   components.o
       272         26          0          0          0        872   context_rvds.o
       348        166          0         16          0       4014   cpuport.o
       220         30          0          0        384       5646   idle.o
       982          0          0          0          0      12328   ipc.o
        64         12          0          1          0       1966   irq.o
      1684        164        290          0        128       9768   kservice.o
       524        226          0         56          0     236205   main.o
       956        224          0         24         32       4460   mem.o
       282          4          0         80          0       8628   object.o
       530         88          0         24        256       8906   scheduler.o
        64         26        392          0       1536        948   startup_stm32f40_41xxx.o
       232          0          0          0          0       2783   stm32f4xx_gpio.o
        18          0          0          0          0       3055   stm32f4xx_it.o
       296         30          0         16          0       4446   stm32f4xx_rcc.o
       438          8          0          0          0       6097   stm32f4xx_usart.o
       340         32          0         20          0     262737   system_stm32f4xx.o
       776         36          0          0          0      12635   thread.o
       732         20          0         12          0      12052   timer.o

    ----------------------------------------------------------------------
     11382       1286        732        312       7200     894642   Object Totals
         0          0         32          0          0          0   (incl. Generated)
        22          0          2          6          0          0   (incl. Padding)

    ----------------------------------------------------------------------

      Code (inc. data)   RO Data    RW Data    ZI Data      Debug   Library Member Name

        90          0          0          0          0          0   __dczerorl2.o
         8          0          0          0          0         68   __main.o
         0          0          0          0          0          0   __rtentry.o
        12          0          0          0          0          0   __rtentry2.o
         6          0          0          0          0          0   __rtentry4.o
        52          8          0          0          0          0   __scatter.o
        28          0          0          0          0          0   __scatter_zi.o
        18          0          0          0          0         80   exit.o
         6          0          0          0          0        152   heapauxi.o
         2          0          0          0          0          0   libinit.o
         6          0          0          0          0          0   libinit2.o
         2          0          0          0          0          0   libshutdown.o
         2          0          0          0          0          0   libshutdown2.o
         8          4          0          0         96         68   libspace.o
         2          0          0          0          0          0   rtexit.o
        10          0          0          0          0          0   rtexit2.o
        74          0          0          0          0         80   sys_stackheap_outer.o
         2          0          0          0          0         68   use_no_semi.o
         2          0          0          0          0         68   use_no_semi_2.o
        10          0          0          0          0        116   fpinit.o

    ----------------------------------------------------------------------
       346         12          0          0         96        700   Library Totals
         6          0          0          0          0          0   (incl. Padding)

    ----------------------------------------------------------------------

      Code (inc. data)   RO Data    RW Data    ZI Data      Debug   Library Name

       330         12          0          0         96        584   c_w.l
        10          0          0          0          0        116   fz_wm.l

    ----------------------------------------------------------------------
       346         12          0          0         96        700   Library Totals

    ----------------------------------------------------------------------

==============================================================================


      Code (inc. data)   RO Data    RW Data    ZI Data      Debug   

     11728       1298        732        312       7296     882686   Grand Totals
     11728       1298        732         92       7296     882686   ELF Image Totals (compressed)
     11728       1298        732         92          0          0   ROM Totals

==============================================================================

    Total RO  Size (Code + RO Data)                12460 (  12.17kB)
    Total RW  Size (RW Data + ZI Data)              7608 (   7.43kB)
    Total ROM Size (Code + RO Data + RW Data)      12552 (  12.26kB)

==============================================================================

