Component: ARM Compiler 5.06 update 6 (build 750) Tool: armlink [4d35ed]

==============================================================================

Section Cross References

    startup_stm32f40_41xxx.o(STACK) refers (Special) to heapauxi.o(.text) for __use_two_region_memory
    startup_stm32f40_41xxx.o(HEAP) refers (Special) to heapauxi.o(.text) for __use_two_region_memory
    startup_stm32f40_41xxx.o(RESET) refers (Special) to heapauxi.o(.text) for __use_two_region_memory
    startup_stm32f40_41xxx.o(RESET) refers to startup_stm32f40_41xxx.o(STACK) for __initial_sp
    startup_stm32f40_41xxx.o(RESET) refers to startup_stm32f40_41xxx.o(.text) for Reset_Handler
    startup_stm32f40_41xxx.o(RESET) refers to stm32f4xx_it.o(i.NMI_Handler) for NMI_Handler
    startup_stm32f40_41xxx.o(RESET) refers to context_rvds.o(.text) for HardFault_Handler
    startup_stm32f40_41xxx.o(RESET) refers to stm32f4xx_it.o(i.MemManage_Handler) for MemManage_Handler
    startup_stm32f40_41xxx.o(RESET) refers to stm32f4xx_it.o(i.BusFault_Handler) for BusFault_Handler
    startup_stm32f40_41xxx.o(RESET) refers to stm32f4xx_it.o(i.UsageFault_Handler) for UsageFault_Handler
    startup_stm32f40_41xxx.o(RESET) refers to stm32f4xx_it.o(i.SVC_Handler) for SVC_Handler
    startup_stm32f40_41xxx.o(RESET) refers to stm32f4xx_it.o(i.DebugMon_Handler) for DebugMon_Handler
    startup_stm32f40_41xxx.o(RESET) refers to board.o(i.SysTick_Handler) for SysTick_Handler
    startup_stm32f40_41xxx.o(.text) refers (Special) to heapauxi.o(.text) for __use_two_region_memory
    startup_stm32f40_41xxx.o(.text) refers to system_stm32f4xx.o(i.SystemInit) for SystemInit
    startup_stm32f40_41xxx.o(.text) refers to __main.o(!!!main) for __main
    startup_stm32f40_41xxx.o(.text) refers to startup_stm32f40_41xxx.o(HEAP) for Heap_Mem
    startup_stm32f40_41xxx.o(.text) refers to startup_stm32f40_41xxx.o(STACK) for Stack_Mem
    system_stm32f4xx.o(i.SystemCoreClockUpdate) refers to system_stm32f4xx.o(.data) for SystemCoreClock
    system_stm32f4xx.o(i.SystemInit) refers to system_stm32f4xx.o(i.SetSysClock) for SetSysClock
    stm32f4xx_adc.o(i.ADC_DeInit) refers to stm32f4xx_rcc.o(i.RCC_APB2PeriphResetCmd) for RCC_APB2PeriphResetCmd
    stm32f4xx_can.o(i.CAN_DeInit) refers to stm32f4xx_rcc.o(i.RCC_APB1PeriphResetCmd) for RCC_APB1PeriphResetCmd
    stm32f4xx_can.o(i.CAN_GetITStatus) refers to stm32f4xx_can.o(i.CheckITStatus) for CheckITStatus
    stm32f4xx_dac.o(i.DAC_DeInit) refers to stm32f4xx_rcc.o(i.RCC_APB1PeriphResetCmd) for RCC_APB1PeriphResetCmd
    stm32f4xx_dma2d.o(i.DMA2D_DeInit) refers to stm32f4xx_rcc.o(i.RCC_AHB1PeriphResetCmd) for RCC_AHB1PeriphResetCmd
    stm32f4xx_flash.o(i.FLASH_EraseAllBank1Sectors) refers to stm32f4xx_flash.o(i.FLASH_WaitForLastOperation) for FLASH_WaitForLastOperation
    stm32f4xx_flash.o(i.FLASH_EraseAllBank2Sectors) refers to stm32f4xx_flash.o(i.FLASH_WaitForLastOperation) for FLASH_WaitForLastOperation
    stm32f4xx_flash.o(i.FLASH_EraseAllSectors) refers to stm32f4xx_flash.o(i.FLASH_WaitForLastOperation) for FLASH_WaitForLastOperation
    stm32f4xx_flash.o(i.FLASH_EraseSector) refers to stm32f4xx_flash.o(i.FLASH_WaitForLastOperation) for FLASH_WaitForLastOperation
    stm32f4xx_flash.o(i.FLASH_OB_Launch) refers to stm32f4xx_flash.o(i.FLASH_WaitForLastOperation) for FLASH_WaitForLastOperation
    stm32f4xx_flash.o(i.FLASH_OB_PCROP1Config) refers to stm32f4xx_flash.o(i.FLASH_WaitForLastOperation) for FLASH_WaitForLastOperation
    stm32f4xx_flash.o(i.FLASH_OB_PCROPConfig) refers to stm32f4xx_flash.o(i.FLASH_WaitForLastOperation) for FLASH_WaitForLastOperation
    stm32f4xx_flash.o(i.FLASH_OB_RDPConfig) refers to stm32f4xx_flash.o(i.FLASH_WaitForLastOperation) for FLASH_WaitForLastOperation
    stm32f4xx_flash.o(i.FLASH_OB_UserConfig) refers to stm32f4xx_flash.o(i.FLASH_WaitForLastOperation) for FLASH_WaitForLastOperation
    stm32f4xx_flash.o(i.FLASH_OB_WRP1Config) refers to stm32f4xx_flash.o(i.FLASH_WaitForLastOperation) for FLASH_WaitForLastOperation
    stm32f4xx_flash.o(i.FLASH_OB_WRPConfig) refers to stm32f4xx_flash.o(i.FLASH_WaitForLastOperation) for FLASH_WaitForLastOperation
    stm32f4xx_flash.o(i.FLASH_ProgramByte) refers to stm32f4xx_flash.o(i.FLASH_WaitForLastOperation) for FLASH_WaitForLastOperation
    stm32f4xx_flash.o(i.FLASH_ProgramDoubleWord) refers to stm32f4xx_flash.o(i.FLASH_WaitForLastOperation) for FLASH_WaitForLastOperation
    stm32f4xx_flash.o(i.FLASH_ProgramHalfWord) refers to stm32f4xx_flash.o(i.FLASH_WaitForLastOperation) for FLASH_WaitForLastOperation
    stm32f4xx_flash.o(i.FLASH_ProgramWord) refers to stm32f4xx_flash.o(i.FLASH_WaitForLastOperation) for FLASH_WaitForLastOperation
    stm32f4xx_flash.o(i.FLASH_WaitForLastOperation) refers to stm32f4xx_flash.o(i.FLASH_GetStatus) for FLASH_GetStatus
    stm32f4xx_gpio.o(i.GPIO_DeInit) refers to stm32f4xx_rcc.o(i.RCC_AHB1PeriphResetCmd) for RCC_AHB1PeriphResetCmd
[...]
    Removing stm32f4xx_tim.o(i.TIM_SetCompare2), (4 bytes).
    Removing stm32f4xx_tim.o(i.TIM_SetCompare3), (4 bytes).
    Removing stm32f4xx_tim.o(i.TIM_SetCompare4), (4 bytes).
    Removing stm32f4xx_tim.o(i.TIM_SetCounter), (4 bytes).
    Removing stm32f4xx_tim.o(i.TIM_SetIC1Prescaler), (18 bytes).
    Removing stm32f4xx_tim.o(i.TIM_SetIC2Prescaler), (26 bytes).
    Removing stm32f4xx_tim.o(i.TIM_SetIC3Prescaler), (18 bytes).
    Removing stm32f4xx_tim.o(i.TIM_SetIC4Prescaler), (26 bytes).
    Removing stm32f4xx_tim.o(i.TIM_TIxExternalClockConfig), (62 bytes).
    Removing stm32f4xx_tim.o(i.TIM_TimeBaseInit), (132 bytes).
    Removing stm32f4xx_tim.o(i.TIM_TimeBaseStructInit), (18 bytes).
    Removing stm32f4xx_tim.o(i.TIM_UpdateDisableConfig), (24 bytes).
    Removing stm32f4xx_tim.o(i.TIM_UpdateRequestConfig), (24 bytes).
    Removing stm32f4xx_usart.o(.rev16_text), (4 bytes).
    Removing stm32f4xx_usart.o(.revsh_text), (4 bytes).
    Removing stm32f4xx_usart.o(i.USART_ClearFlag), (18 bytes).
    Removing stm32f4xx_usart.o(i.USART_ClearITPendingBit), (30 bytes).
    Removing stm32f4xx_usart.o(i.USART_ClockInit), (32 bytes).
    Removing stm32f4xx_usart.o(i.USART_ClockStructInit), (12 bytes).
    Removing stm32f4xx_usart.o(i.USART_Cmd), (24 bytes).
    Removing stm32f4xx_usart.o(i.USART_DMACmd), (18 bytes).
    Removing stm32f4xx_usart.o(i.USART_DeInit), (240 bytes).
    Removing stm32f4xx_usart.o(i.USART_GetFlagStatus), (26 bytes).
    Removing stm32f4xx_usart.o(i.USART_GetITStatus), (84 bytes).
    Removing stm32f4xx_usart.o(i.USART_HalfDuplexCmd), (24 bytes).
    Removing stm32f4xx_usart.o(i.USART_ITConfig), (74 bytes).
    Removing stm32f4xx_usart.o(i.USART_Init), (212 bytes).
    Removing stm32f4xx_usart.o(i.USART_IrDACmd), (24 bytes).
    Removing stm32f4xx_usart.o(i.USART_IrDAConfig), (18 bytes).
    Removing stm32f4xx_usart.o(i.USART_LINBreakDetectLengthConfig), (18 bytes).
    Removing stm32f4xx_usart.o(i.USART_LINCmd), (24 bytes).
    Removing stm32f4xx_usart.o(i.USART_OneBitMethodCmd), (24 bytes).
    Removing stm32f4xx_usart.o(i.USART_OverSampling8Cmd), (22 bytes).
    Removing stm32f4xx_usart.o(i.USART_ReceiveData), (10 bytes).
    Removing stm32f4xx_usart.o(i.USART_ReceiverWakeUpCmd), (24 bytes).
    Removing stm32f4xx_usart.o(i.USART_SendBreak), (10 bytes).
    Removing stm32f4xx_usart.o(i.USART_SendData), (8 bytes).
    Removing stm32f4xx_usart.o(i.USART_SetAddress), (18 bytes).
    Removing stm32f4xx_usart.o(i.USART_SetGuardTime), (16 bytes).
    Removing stm32f4xx_usart.o(i.USART_SetPrescaler), (16 bytes).
    Removing stm32f4xx_usart.o(i.USART_SmartCardCmd), (24 bytes).
    Removing stm32f4xx_usart.o(i.USART_SmartCardNACKCmd), (24 bytes).
    Removing stm32f4xx_usart.o(i.USART_StructInit), (24 bytes).
    Removing stm32f4xx_usart.o(i.USART_WakeUpConfig), (18 bytes).
    Removing stm32f4xx_wwdg.o(.rev16_text), (4 bytes).
    Removing stm32f4xx_wwdg.o(.revsh_text), (4 bytes).
    Removing stm32f4xx_wwdg.o(i.WWDG_ClearFlag), (12 bytes).
    Removing stm32f4xx_wwdg.o(i.WWDG_DeInit), (22 bytes).
    Removing stm32f4xx_wwdg.o(i.WWDG_Enable), (16 bytes).
    Removing stm32f4xx_wwdg.o(i.WWDG_EnableIT), (12 bytes).
    Removing stm32f4xx_wwdg.o(i.WWDG_GetFlagStatus), (20 bytes).
    Removing stm32f4xx_wwdg.o(i.WWDG_SetCounter), (16 bytes).
    Removing stm32f4xx_wwdg.o(i.WWDG_SetPrescaler), (24 bytes).
    Removing stm32f4xx_wwdg.o(i.WWDG_SetWindowValue), (40 bytes).
    Removing main.o(.rev16_text), (4 bytes).
    Removing main.o(.revsh_text), (4 bytes).
    Removing stm32f4xx_it.o(.rev16_text), (4 bytes).
    Removing stm32f4xx_it.o(.revsh_text), (4 bytes).
    Removing board.o(.rev16_text), (4 bytes).
    Removing board.o(.revsh_text), (4 bytes).
    Removing bsp_led.o(.rev16_text), (4 bytes).
    Removing bsp_led.o(.revsh_text), (4 bytes).
    Removing clock.o(i.rt_system_tick_init), (2 bytes).
    Removing clock.o(i.rt_tick_from_millisecond), (32 bytes).
    Removing clock.o(i.rt_tick_set), (28 bytes).
    Removing idle.o(i.rt_thread_idle_gethandler), (8 bytes).
    Removing ipc.o(i.rt_ipc_list_resume), (20 bytes).
    Removing ipc.o(i.rt_ipc_list_resume_all), (50 bytes).
    Removing ipc.o(i.rt_ipc_list_suspend), (108 bytes).
    Removing ipc.o(i.rt_ipc_object_init), (16 bytes).
    Removing ipc.o(i.rt_list_init), (6 bytes).
    Removing ipc.o(i.rt_list_insert_before), (14 bytes).
    Removing ipc.o(i.rt_list_isempty), (16 bytes).
    Removing ipc.o(i.rt_mb_control), (66 bytes).
    Removing ipc.o(i.rt_mb_detach), (30 bytes).
    Removing ipc.o(i.rt_mb_init), (62 bytes).
    Removing ipc.o(i.rt_mb_recv), (244 bytes).
    Removing ipc.o(i.rt_mb_send), (18 bytes).
    Removing ipc.o(i.rt_mb_send_wait), (246 bytes).
    Removing ipc.o(i.rt_sem_control), (54 bytes).
    Removing ipc.o(i.rt_sem_detach), (22 bytes).
    Removing ipc.o(i.rt_sem_init), (38 bytes).
    Removing ipc.o(i.rt_sem_release), (58 bytes).
    Removing ipc.o(i.rt_sem_take), (116 bytes).
    Removing ipc.o(i.rt_sem_trytake), (14 bytes).
    Removing irq.o(i.rt_interrupt_get_nest), (12 bytes).
    Removing kservice.o(i._rt_errno), (36 bytes).
    Removing kservice.o(i.rt_get_errno), (36 bytes).
    Removing kservice.o(i.rt_kputs), (18 bytes).
    Removing kservice.o(i.rt_memcmp), (38 bytes).
    Removing kservice.o(i.rt_memcpy), (124 bytes).
    Removing kservice.o(i.rt_memmove), (66 bytes).
    Removing kservice.o(i.rt_set_errno), (40 bytes).
    Removing kservice.o(i.rt_snprintf), (38 bytes).
    Removing kservice.o(i.rt_sprintf), (34 bytes).
    Removing kservice.o(i.rt_strcasecmp), (48 bytes).
    Removing kservice.o(i.rt_strcmp), (28 bytes).
    Removing kservice.o(i.rt_strncmp), (40 bytes).
    Removing kservice.o(i.rt_strnlen), (24 bytes).
    Removing kservice.o(i.rt_strstr), (58 bytes).
    Removing kservice.o(i.rt_vsprintf), (22 bytes).
    Removing kservice.o(.data), (4 bytes).
    Removing object.o(i.rt_object_find), (86 bytes).
    Removing object.o(i.rt_system_object_init), (2 bytes).
    Removing scheduler.o(i.rt_critical_level), (12 bytes).
    Removing thread.o(i.rt_thread_control), (106 bytes).
    Removing thread.o(i.rt_thread_detach), (76 bytes).
    Removing thread.o(i.rt_thread_find), (82 bytes).
    Removing timer.o(i.rt_timer_list_next_timeout), (28 bytes).
    Removing timer.o(i.rt_timer_next_timeout_tick), (16 bytes).
    Removing cpuport.o(i.rt_hw_cpu_shutdown), (28 bytes).
    Removing cpuport.o(i.rt_hw_exception_install), (12 bytes).

742 unused section(s) (total 28346 bytes) removed from the image.

==============================================================================

Image Symbol Table

    Local Symbols

    Symbol Name                              Value     Ov Type        Size  Object(Section)

    ../clib/angel/boardlib.s                 0x00000000   Number         0  boardinit1.o ABSOLUTE
    ../clib/angel/boardlib.s                 0x00000000   Number         0  boardshut.o ABSOLUTE
    ../clib/angel/boardlib.s                 0x00000000   Number         0  boardinit3.o ABSOLUTE
    ../clib/angel/boardlib.s                 0x00000000   Number         0  boardinit2.o ABSOLUTE
    ../clib/angel/handlers.s                 0x00000000   Number         0  __scatter_zi.o ABSOLUTE
    ../clib/angel/handlers.s                 0x00000000   Number         0  __scatter_copy.o ABSOLUTE
    ../clib/angel/kernel.s                   0x00000000   Number         0  __rtentry4.o ABSOLUTE
    ../clib/angel/kernel.s                   0x00000000   Number         0  __rtentry2.o ABSOLUTE
    ../clib/angel/kernel.s                   0x00000000   Number         0  __rtentry.o ABSOLUTE
    ../clib/angel/kernel.s                   0x00000000   Number         0  rtexit2.o ABSOLUTE
    ../clib/angel/kernel.s                   0x00000000   Number         0  rtexit.o ABSOLUTE
    ../clib/angel/rt.s                       0x00000000   Number         0  rt_raise.o ABSOLUTE
    ../clib/angel/scatter.s                  0x00000000   Number         0  __scatter.o ABSOLUTE
    ../clib/angel/startup.s                  0x00000000   Number         0  __main.o ABSOLUTE
    ../clib/angel/sys.s                      0x00000000   Number         0  sys_stackheap_outer.o ABSOLUTE
    ../clib/angel/sys.s                      0x00000000   Number         0  indicate_semi.o ABSOLUTE
    ../clib/angel/sys.s                      0x00000000   Number         0  use_no_semi.o ABSOLUTE
    ../clib/angel/sys.s                      0x00000000   Number         0  libspace.o ABSOLUTE
    ../clib/angel/sysapp.c                   0x00000000   Number         0  sys_exit.o ABSOLUTE
    ../clib/angel/sysapp.c                   0x00000000   Number         0  sys_command.o ABSOLUTE
    ../clib/angel/sysapp.c                   0x00000000   Number         0  sys_wrch.o ABSOLUTE
    ../clib/armsys.c                         0x00000000   Number         0  _get_argv_nomalloc.o ABSOLUTE
    ../clib/armsys.c                         0x00000000   Number         0  no_argv.o ABSOLUTE
    ../clib/armsys.c                         0x00000000   Number         0  argv_veneer.o ABSOLUTE
    ../clib/armsys.c                         0x00000000   Number         0  argv_veneer.o ABSOLUTE
    ../clib/heapalloc.c                      0x00000000   Number         0  hrguard.o ABSOLUTE
    ../clib/heapaux.c                        0x00000000   Number         0  heapauxi.o ABSOLUTE
    ../clib/libinit.s                        0x00000000   Number         0  libshutdown2.o ABSOLUTE
    ../clib/libinit.s                        0x00000000   Number         0  libinit2.o ABSOLUTE
    ../clib/libinit.s                        0x00000000   Number         0  libinit.o ABSOLUTE
    ../clib/libinit.s                        0x00000000   Number         0  libshutdown.o ABSOLUTE
    ../clib/signal.c                         0x00000000   Number         0  defsig_cppl_inner.o ABSOLUTE
    ../clib/signal.c                         0x00000000   Number         0  defsig_rtmem_inner.o ABSOLUTE
    ../clib/signal.c                         0x00000000   Number         0  defsig_exit.o ABSOLUTE
    ../clib/signal.c                         0x00000000   Number         0  defsig_rtmem_formal.o ABSOLUTE
    ../clib/signal.c                         0x00000000   Number         0  defsig_rtmem_outer.o ABSOLUTE
    ../clib/signal.c                         0x00000000   Number         0  defsig_other.o ABSOLUTE
    ../clib/signal.c                         0x00000000   Number         0  defsig_segv_inner.o ABSOLUTE
    ../clib/signal.c                         0x00000000   Number         0  defsig_pvfn_inner.o ABSOLUTE
    ../clib/signal.c                         0x00000000   Number         0  defsig_stak_inner.o ABSOLUTE
    ../clib/signal.c                         0x00000000   Number         0  defsig_rtred_inner.o ABSOLUTE
    ../clib/signal.c                         0x00000000   Number         0  defsig_fpe_inner.o ABSOLUTE
    ../clib/signal.c                         0x00000000   Number         0  defsig_abrt_inner.o ABSOLUTE
    ../clib/signal.c                         0x00000000   Number         0  __raise.o ABSOLUTE
    ../clib/signal.c                         0x00000000   Number         0  defsig_general.o ABSOLUTE
    ../clib/signal.s                         0x00000000   Number         0  defsig.o ABSOLUTE
    ../clib/stdlib.c                         0x00000000   Number         0  exit.o ABSOLUTE
    ../fplib/fpinit.s                        0x00000000   Number         0  fpinit.o ABSOLUTE
    ..\..\Bsp\bsp_led.c                      0x00000000   Number         0  bsp_led.o ABSOLUTE
    ..\..\Libraries\CMSIS\startup\startup_stm32f40_41xxx.s 0x00000000   Number         0  startup_stm32f40_41xxx.o ABSOLUTE
    ..\..\Libraries\CMSIS\system_stm32f4xx.c 0x00000000   Number         0  system_stm32f4xx.o ABSOLUTE
    ..\..\Libraries\FWlib\src\misc.c         0x00000000   Number         0  misc.o ABSOLUTE
    ..\..\Libraries\FWlib\src\stm32f4xx_adc.c 0x00000000   Number         0  stm32f4xx_adc.o ABSOLUTE
    ..\..\Libraries\FWlib\src\stm32f4xx_can.c 0x00000000   Number         0  stm32f4xx_can.o ABSOLUTE
    ..\..\Libraries\FWlib\src\stm32f4xx_dac.c 0x00000000   Number         0  stm32f4xx_dac.o ABSOLUTE
    ..\..\Libraries\FWlib\src\stm32f4xx_dbgmcu.c 0x00000000   Number         0  stm32f4xx_dbgmcu.o ABSOLUTE
    ..\..\Libraries\FWlib\src\stm32f4xx_dcmi.c 0x00000000   Number         0  stm32f4xx_dcmi.o ABSOLUTE
    ..\..\Libraries\FWlib\src\stm32f4xx_dma.c 0x00000000   Number         0  stm32f4xx_dma.o ABSOLUTE
    ..\..\Libraries\FWlib\src\stm32f4xx_dma2d.c 0x00000000   Number         0  stm32f4xx_dma2d.o ABSOLUTE
    ..\..\Libraries\FWlib\src\stm32f4xx_exti.c 0x00000000   Number         0  stm32f4xx_exti.o ABSOLUTE
    ..\..\Libraries\FWlib\src\stm32f4xx_flash.c 0x00000000   Number         0  stm32f4xx_flash.o ABSOLUTE
    ..\..\Libraries\FWlib\src\stm32f4xx_flash_ramfunc.c 0x00000000   Number         0  stm32f4xx_flash_ramfunc.o ABSOLUTE
    ..\..\Libraries\FWlib\src\stm32f4xx_gpio.c 0x00000000   Number         0  stm32f4xx_gpio.o ABSOLUTE
    ..\..\Libraries\FWlib\src\stm32f4xx_i2c.c 0x00000000   Number         0  stm32f4xx_i2c.o ABSOLUTE
    ..\..\Libraries\FWlib\src\stm32f4xx_iwdg.c 0x00000000   Number         0  stm32f4xx_iwdg.o ABSOLUTE
    ..\..\Libraries\FWlib\src\stm32f4xx_ltdc.c 0x00000000   Number         0  stm32f4xx_ltdc.o ABSOLUTE
    ..\..\Libraries\FWlib\src\stm32f4xx_pwr.c 0x00000000   Number         0  stm32f4xx_pwr.o ABSOLUTE
    ..\..\Libraries\FWlib\src\stm32f4xx_rcc.c 0x00000000   Number         0  stm32f4xx_rcc.o ABSOLUTE
    ..\..\Libraries\FWlib\src\stm32f4xx_rng.c 0x00000000   Number         0  stm32f4xx_rng.o ABSOLUTE
    ..\..\Libraries\FWlib\src\stm32f4xx_rtc.c 0x00000000   Number         0  stm32f4xx_rtc.o ABSOLUTE
    ..\..\Libraries\FWlib\src\stm32f4xx_sai.c 0x00000000   Number         0  stm32f4xx_sai.o ABSOLUTE
    ..\..\Libraries\FWlib\src\stm32f4xx_sdio.c 0x00000000   Number         0  stm32f4xx_sdio.o ABSOLUTE
    ..\..\Libraries\FWlib\src\stm32f4xx_spi.c 0x00000000   Number         0  stm32f4xx_spi.o ABSOLUTE
    ..\..\Libraries\FWlib\src\stm32f4xx_syscfg.c 0x00000000   Number         0  stm32f4xx_syscfg.o ABSOLUTE
    ..\..\Libraries\FWlib\src\stm32f4xx_tim.c 0x00000000   Number         0  stm32f4xx_tim.o ABSOLUTE
    ..\..\Libraries\FWlib\src\stm32f4xx_usart.c 0x00000000   Number         0  stm32f4xx_usart.o ABSOLUTE
    ..\..\Libraries\FWlib\src\stm32f4xx_wwdg.c 0x00000000   Number         0  stm32f4xx_wwdg.o ABSOLUTE
    ..\..\RT-Thread\3.0.3\libcpu\arm\cortex-m4\context_rvds.S 0x00000000   Number         0  context_rvds.o ABSOLUTE
    ..\..\RT-Thread\3.0.3\libcpu\arm\cortex-m4\cpuport.c 0x00000000   Number         0  cpuport.o ABSOLUTE
    ..\..\RT-Thread\3.0.3\src\clock.c        0x00000000   Number         0  clock.o ABSOLUTE
    ..\..\RT-Thread\3.0.3\src\components.c   0x00000000   Number         0  components.o ABSOLUTE
    ..\..\RT-Thread\3.0.3\src\device.c       0x00000000   Number         0  device.o ABSOLUTE
    ..\..\RT-Thread\3.0.3\src\idle.c         0x00000000   Number         0  idle.o ABSOLUTE
    ..\..\RT-Thread\3.0.3\src\ipc.c          0x00000000   Number         0  ipc.o ABSOLUTE
    ..\..\RT-Thread\3.0.3\src\irq.c          0x00000000   Number         0  irq.o ABSOLUTE
    ..\..\RT-Thread\3.0.3\src\kservice.c     0x00000000   Number         0  kservice.o ABSOLUTE
    ..\..\RT-Thread\3.0.3\src\mem.c          0x00000000   Number         0  mem.o ABSOLUTE
    ..\..\RT-Thread\3.0.3\src\memheap.c      0x00000000   Number         0  memheap.o ABSOLUTE
    ..\..\RT-Thread\3.0.3\src\mempool.c      0x00000000   Number         0  mempool.o ABSOLUTE
    ..\..\RT-Thread\3.0.3\src\object.c       0x00000000   Number         0  object.o ABSOLUTE
    ..\..\RT-Thread\3.0.3\src\scheduler.c    0x00000000   Number         0  scheduler.o ABSOLUTE
    ..\..\RT-Thread\3.0.3\src\signal.c       0x00000000   Number         0  signal.o ABSOLUTE
    ..\..\RT-Thread\3.0.3\src\thread.c       0x00000000   Number         0  thread.o ABSOLUTE
    ..\..\RT-Thread\3.0.3\src\timer.c        0x00000000   Number         0  timer.o ABSOLUTE
    ..\..\User\board.c                       0x00000000   Number         0  board.o ABSOLUTE
    ..\..\User\main.c                        0x00000000   Number         0  main.o ABSOLUTE
    ..\..\User\stm32f4xx_it.c                0x00000000   Number         0  stm32f4xx_it.o ABSOLUTE
    ..\\..\\Bsp\\bsp_led.c                   0x00000000   Number         0  bsp_led.o ABSOLUTE
    ..\\..\\Libraries\\CMSIS\\system_stm32f4xx.c 0x00000000   Number         0  system_stm32f4xx.o ABSOLUTE
    ..\\..\\Libraries\\FWlib\\src\\misc.c    0x00000000   Number         0  misc.o ABSOLUTE
    ..\\..\\Libraries\\FWlib\\src\\stm32f4xx_adc.c 0x00000000   Number         0  stm32f4xx_adc.o ABSOLUTE
    ..\\..\\Libraries\\FWlib\\src\\stm32f4xx_can.c 0x00000000   Number         0  stm32f4xx_can.o ABSOLUTE
    ..\\..\\Libraries\\FWlib\\src\\stm32f4xx_dac.c 0x00000000   Number         0  stm32f4xx_dac.o ABSOLUTE
    ..\\..\\Libraries\\FWlib\\src\\stm32f4xx_dbgmcu.c 0x00000000   Number         0  stm32f4xx_dbgmcu.o ABSOLUTE
    ..\\..\\Libraries\\FWlib\\src\\stm32f4xx_dcmi.c 0x00000000   Number         0  stm32f4xx_dcmi.o ABSOLUTE
    ..\\..\\Libraries\\FWlib\\src\\stm32f4xx_dma.c 0x00000000   Number         0  stm32f4xx_dma.o ABSOLUTE
    ..\\..\\Libraries\\FWlib\\src\\stm32f4xx_dma2d.c 0x00000000   Number         0  stm32f4xx_dma2d.o ABSOLUTE
    ..\\..\\Libraries\\FWlib\\src\\stm32f4xx_exti.c 0x00000000   Number         0  stm32f4xx_exti.o ABSOLUTE
    ..\\..\\Libraries\\FWlib\\src\\stm32f4xx_flash.c 0x00000000   Number         0  stm32f4xx_flash.o ABSOLUTE
    ..\\..\\Libraries\\FWlib\\src\\stm32f4xx_flash_ramfunc.c 0x00000000   Number         0  stm32f4xx_flash_ramfunc.o ABSOLUTE
    ..\\..\\Libraries\\FWlib\\src\\stm32f4xx_gpio.c 0x00000000   Number         0  stm32f4xx_gpio.o ABSOLUTE
    ..\\..\\Libraries\\FWlib\\src\\stm32f4xx_i2c.c 0x00000000   Number         0  stm32f4xx_i2c.o ABSOLUTE
    ..\\..\\Libraries\\FWlib\\src\\stm32f4xx_iwdg.c 0x00000000   Number         0  stm32f4xx_iwdg.o ABSOLUTE
    ..\\..\\Libraries\\FWlib\\src\\stm32f4xx_ltdc.c 0x00000000   Number         0  stm32f4xx_ltdc.o ABSOLUTE
    ..\\..\\Libraries\\FWlib\\src\\stm32f4xx_pwr.c 0x00000000   Number         0  stm32f4xx_pwr.o ABSOLUTE
    ..\\..\\Libraries\\FWlib\\src\\stm32f4xx_rcc.c 0x00000000   Number         0  stm32f4xx_rcc.o ABSOLUTE
    ..\\..\\Libraries\\FWlib\\src\\stm32f4xx_rng.c 0x00000000   Number         0  stm32f4xx_rng.o ABSOLUTE
    ..\\..\\Libraries\\FWlib\\src\\stm32f4xx_rtc.c 0x00000000   Number         0  stm32f4xx_rtc.o ABSOLUTE
    ..\\..\\Libraries\\FWlib\\src\\stm32f4xx_sai.c 0x00000000   Number         0  stm32f4xx_sai.o ABSOLUTE
    ..\\..\\Libraries\\FWlib\\src\\stm32f4xx_sdio.c 0x00000000   Number         0  stm32f4xx_sdio.o ABSOLUTE
    ..\\..\\Libraries\\FWlib\\src\\stm32f4xx_spi.c 0x00000000   Number         0  stm32f4xx_spi.o ABSOLUTE
    ..\\..\\Libraries\\FWlib\\src\\stm32f4xx_syscfg.c 0x00000000   Number         0  stm32f4xx_syscfg.o ABSOLUTE
    ..\\..\\Libraries\\FWlib\\src\\stm32f4xx_tim.c 0x00000000   Number         0  stm32f4xx_tim.o ABSOLUTE
    ..\\..\\Libraries\\FWlib\\src\\stm32f4xx_usart.c 0x00000000   Number         0  stm32f4xx_usart.o ABSOLUTE
    ..\\..\\Libraries\\FWlib\\src\\stm32f4xx_wwdg.c 0x00000000   Number         0  stm32f4xx_wwdg.o ABSOLUTE
    ..\\..\\User\\board.c                    0x00000000   Number         0  board.o ABSOLUTE
    ..\\..\\User\\main.c                     0x00000000   Number         0  main.o ABSOLUTE
    ..\\..\\User\\stm32f4xx_it.c             0x00000000   Number         0  stm32f4xx_it.o ABSOLUTE
    dc.s                                     0x00000000   Number         0  dc.o ABSOLUTE
    RESET                                    0x08000000   Section      392  startup_stm32f40_41xxx.o(RESET)
    !!!main                                  0x08000188   Section        8  __main.o(!!!main)
    !!!scatter                               0x08000190   Section       52  __scatter.o(!!!scatter)
    !!handler_copy                           0x080001c4   Section       26  __scatter_copy.o(!!handler_copy)
    !!handler_zi                             0x080001e0   Section       28  __scatter_zi.o(!!handler_zi)
    .ARM.Collect$$libinit$$00000000          0x080001fc   Section        2  libinit.o(.ARM.Collect$$libinit$$00000000)
    .ARM.Collect$$libinit$$00000001          0x080001fe   Section        4  libinit2.o(.ARM.Collect$$libinit$$00000001)
    .ARM.Collect$$libinit$$00000004          0x08000202   Section        0  libinit2.o(.ARM.Collect$$libinit$$00000004)
    .ARM.Collect$$libinit$$0000000A          0x08000202   Section        0  libinit2.o(.ARM.Collect$$libinit$$0000000A)
    .ARM.Collect$$libinit$$0000000C          0x08000202   Section        0  libinit2.o(.ARM.Collect$$libinit$$0000000C)
    .ARM.Collect$$libinit$$0000000E          0x08000202   Section        0  libinit2.o(.ARM.Collect$$libinit$$0000000E)
    .ARM.Collect$$libinit$$00000011          0x08000202   Section        0  libinit2.o(.ARM.Collect$$libinit$$00000011)
    .ARM.Collect$$libinit$$00000013          0x08000202   Section        0  libinit2.o(.ARM.Collect$$libinit$$00000013)
    .ARM.Collect$$libinit$$00000015          0x08000202   Section        0  libinit2.o(.ARM.Collect$$libinit$$00000015)
    .ARM.Collect$$libinit$$00000017          0x08000202   Section        0  libinit2.o(.ARM.Collect$$libinit$$00000017)
    .ARM.Collect$$libinit$$00000019          0x08000202   Section        0  libinit2.o(.ARM.Collect$$libinit$$00000019)
    .ARM.Collect$$libinit$$0000001B          0x08000202   Section        0  libinit2.o(.ARM.Collect$$libinit$$0000001B)
    .ARM.Collect$$libinit$$0000001D          0x08000202   Section        0  libinit2.o(.ARM.Collect$$libinit$$0000001D)
    .ARM.Collect$$libinit$$0000001F          0x08000202   Section        0  libinit2.o(.ARM.Collect$$libinit$$0000001F)
    .ARM.Collect$$libinit$$00000021          0x08000202   Section        0  libinit2.o(.ARM.Collect$$libinit$$00000021)
    .ARM.Collect$$libinit$$00000023          0x08000202   Section        0  libinit2.o(.ARM.Collect$$libinit$$00000023)
    .ARM.Collect$$libinit$$00000025          0x08000202   Section        0  libinit2.o(.ARM.Collect$$libinit$$00000025)
    .ARM.Collect$$libinit$$0000002C          0x08000202   Section        0  libinit2.o(.ARM.Collect$$libinit$$0000002C)
    .ARM.Collect$$libinit$$0000002E          0x08000202   Section        0  libinit2.o(.ARM.Collect$$libinit$$0000002E)
    .ARM.Collect$$libinit$$00000030          0x08000202   Section        0  libinit2.o(.ARM.Collect$$libinit$$00000030)
    .ARM.Collect$$libinit$$00000032          0x08000202   Section        0  libinit2.o(.ARM.Collect$$libinit$$00000032)
    .ARM.Collect$$libinit$$00000033          0x08000202   Section        2  libinit2.o(.ARM.Collect$$libinit$$00000033)
    .ARM.Collect$$libshutdown$$00000000      0x08000204   Section        2  libshutdown.o(.ARM.Collect$$libshutdown$$00000000)
    .ARM.Collect$$libshutdown$$00000002      0x08000206   Section        0  libshutdown2.o(.ARM.Collect$$libshutdown$$00000002)
    .ARM.Collect$$libshutdown$$00000004      0x08000206   Section        0  libshutdown2.o(.ARM.Collect$$libshutdown$$00000004)
    .ARM.Collect$$libshutdown$$00000007      0x08000206   Section        0  libshutdown2.o(.ARM.Collect$$libshutdown$$00000007)
    .ARM.Collect$$libshutdown$$0000000A      0x08000206   Section        0  libshutdown2.o(.ARM.Collect$$libshutdown$$0000000A)
    .ARM.Collect$$libshutdown$$0000000C      0x08000206   Section        0  libshutdown2.o(.ARM.Collect$$libshutdown$$0000000C)
    .ARM.Collect$$libshutdown$$0000000F      0x08000206   Section        0  libshutdown2.o(.ARM.Collect$$libshutdown$$0000000F)
    .ARM.Collect$$libshutdown$$00000010      0x08000206   Section        2  libshutdown2.o(.ARM.Collect$$libshutdown$$00000010)
    .ARM.Collect$$rtentry$$00000000          0x08000208   Section        0  __rtentry.o(.ARM.Collect$$rtentry$$00000000)
    .ARM.Collect$$rtentry$$00000002          0x08000208   Section        0  __rtentry2.o(.ARM.Collect$$rtentry$$00000002)
    .ARM.Collect$$rtentry$$00000004          0x08000208   Section        6  __rtentry4.o(.ARM.Collect$$rtentry$$00000004)
    .ARM.Collect$$rtentry$$00000009          0x0800020e   Section        0  __rtentry2.o(.ARM.Collect$$rtentry$$00000009)
    .ARM.Collect$$rtentry$$0000000A          0x0800020e   Section        4  __rtentry2.o(.ARM.Collect$$rtentry$$0000000A)
    .ARM.Collect$$rtentry$$0000000C          0x08000212   Section        0  __rtentry2.o(.ARM.Collect$$rtentry$$0000000C)
    .ARM.Collect$$rtentry$$0000000D          0x08000212   Section        8  __rtentry2.o(.ARM.Collect$$rtentry$$0000000D)
    .ARM.Collect$$rtexit$$00000000           0x0800021a   Section        2  rtexit.o(.ARM.Collect$$rtexit$$00000000)
    .ARM.Collect$$rtexit$$00000002           0x0800021c   Section        0  rtexit2.o(.ARM.Collect$$rtexit$$00000002)
    .ARM.Collect$$rtexit$$00000003           0x0800021c   Section        4  rtexit2.o(.ARM.Collect$$rtexit$$00000003)
    .ARM.Collect$$rtexit$$00000004           0x08000220   Section        6  rtexit2.o(.ARM.Collect$$rtexit$$00000004)
    .text                                    0x08000228   Section       64  startup_stm32f40_41xxx.o(.text)
    $v0                                      0x08000228   Number         0  startup_stm32f40_41xxx.o(.text)
    .text                                    0x08000268   Section      272  context_rvds.o(.text)
    $v0                                      0x08000268   Number         0  context_rvds.o(.text)
    .text                                    0x08000378   Section        0  heapauxi.o(.text)
    .text                                    0x0800037e   Section       74  sys_stackheap_outer.o(.text)
    .text                                    0x080003c8   Section        0  exit.o(.text)
    .text                                    0x080003dc   Section        8  libspace.o(.text)
    .text                                    0x080003e4   Section        0  sys_exit.o(.text)
    .text                                    0x080003f0   Section        2  use_no_semi.o(.text)
    .text                                    0x080003f2   Section        0  indicate_semi.o(.text)
    i.$Sub$$main                             0x080003f2   Section        0  components.o(i.$Sub$$main)
    i.BusFault_Handler                       0x08000400   Section        0  stm32f4xx_it.o(i.BusFault_Handler)
    i.DebugMon_Handler                       0x08000404   Section        0  stm32f4xx_it.o(i.DebugMon_Handler)
    i.GPIO_Init                              0x08000406   Section        0  stm32f4xx_gpio.o(i.GPIO_Init)
    i.LED_Init                               0x08000498   Section        0  bsp_led.o(i.LED_Init)
    i.MemManage_Handler                      0x080004fc   Section        0  stm32f4xx_it.o(i.MemManage_Handler)
    i.NMI_Handler                            0x08000500   Section        0  stm32f4xx_it.o(i.NMI_Handler)
    i.RCC_AHB1PeriphClockCmd                 0x08000504   Section        0  stm32f4xx_rcc.o(i.RCC_AHB1PeriphClockCmd)
    i.SVC_Handler                            0x08000524   Section        0  stm32f4xx_it.o(i.SVC_Handler)
    i.SetSysClock                            0x08000528   Section        0  system_stm32f4xx.o(i.SetSysClock)
    SetSysClock                              0x08000529   Thumb Code   220  system_stm32f4xx.o(i.SetSysClock)
    i.SysTick_Handler                        0x08000614   Section        0  board.o(i.SysTick_Handler)
    i.SystemInit                             0x08000624   Section        0  system_stm32f4xx.o(i.SystemInit)
    i.UsageFault_Handler                     0x0800068c   Section        0  stm32f4xx_it.o(i.UsageFault_Handler)
    i.__rt_ffs                               0x08000690   Section        0  kservice.o(i.__rt_ffs)
    i._has_defunct_thread                    0x080006dc   Section        0  idle.o(i._has_defunct_thread)
    _has_defunct_thread                      0x080006dd   Thumb Code    16  idle.o(i._has_defunct_thread)
    i._rt_thread_init                        0x080006f0   Section        0  thread.o(i._rt_thread_init)
    _rt_thread_init                          0x080006f1   Thumb Code   124  thread.o(i._rt_thread_init)
    i._rt_timer_init                         0x08000774   Section        0  timer.o(i._rt_timer_init)
    _rt_timer_init                           0x08000775   Thumb Code    66  timer.o(i._rt_timer_init)
    i._rt_timer_remove                       0x080007b6   Section        0  timer.o(i._rt_timer_remove)
    _rt_timer_remove                         0x080007b7   Thumb Code    46  timer.o(i._rt_timer_remove)
    i.led1_thread_entry                      0x080007e4   Section        0  main.o(i.led1_thread_entry)
    led1_thread_entry                        0x080007e5   Thumb Code    38  main.o(i.led1_thread_entry)
    i.main                                   0x08000810   Section        0  main.o(i.main)
    i.main_thread_entry                      0x08000850   Section        0  components.o(i.main_thread_entry)
    i.print_number                           0x08000860   Section        0  kservice.o(i.print_number)
    print_number                             0x08000861   Thumb Code   388  kservice.o(i.print_number)
    i.rt_application_init                    0x080009ec   Section        0  components.o(i.rt_application_init)
    i.rt_components_board_init               0x08000a2c   Section        0  components.o(i.rt_components_board_init)
    i.rt_components_init                     0x08000a48   Section        0  components.o(i.rt_components_init)
    i.rt_enter_critical                      0x08000a64   Section        0  scheduler.o(i.rt_enter_critical)
    i.rt_exit_critical                       0x08000a84   Section        0  scheduler.o(i.rt_exit_critical)
    i.rt_hw_board_init                       0x08000ac0   Section        0  board.o(i.rt_hw_board_init)
    i.rt_hw_console_output                   0x08000b28   Section        0  kservice.o(i.rt_hw_console_output)
    i.rt_hw_hard_fault_exception             0x08000b2c   Section        0  cpuport.o(i.rt_hw_hard_fault_exception)
    i.rt_hw_stack_init                       0x08000c38   Section        0  cpuport.o(i.rt_hw_stack_init)
    i.rt_interrupt_enter                     0x08000c88   Section        0  irq.o(i.rt_interrupt_enter)
    i.rt_interrupt_leave                     0x08000ca8   Section        0  irq.o(i.rt_interrupt_leave)
    i.rt_kprintf                             0x08000cc8   Section        0  kservice.o(i.rt_kprintf)
    i.rt_list_init                           0x08000cf8   Section        0  scheduler.o(i.rt_list_init)
    rt_list_init                             0x08000cf9   Thumb Code     6  scheduler.o(i.rt_list_init)
    i.rt_list_init                           0x08000cfe   Section        0  timer.o(i.rt_list_init)
    rt_list_init                             0x08000cff   Thumb Code     6  timer.o(i.rt_list_init)
    i.rt_list_insert_after                   0x08000d04   Section        0  thread.o(i.rt_list_insert_after)
    rt_list_insert_after                     0x08000d05   Thumb Code    14  thread.o(i.rt_list_insert_after)
    i.rt_list_insert_after                   0x08000d12   Section        0  timer.o(i.rt_list_insert_after)
    rt_list_insert_after                     0x08000d13   Thumb Code    14  timer.o(i.rt_list_insert_after)
    i.rt_list_isempty                        0x08000d20   Section        0  timer.o(i.rt_list_isempty)
    rt_list_isempty                          0x08000d21   Thumb Code    16  timer.o(i.rt_list_isempty)
    i.rt_list_remove                         0x08000d30   Section        0  thread.o(i.rt_list_remove)
    rt_list_remove                           0x08000d31   Thumb Code    18  thread.o(i.rt_list_remove)
    i.rt_memset                              0x08000d42   Section        0  kservice.o(i.rt_memset)
    i.rt_object_detach                       0x08000d8a   Section        0  object.o(i.rt_object_detach)
    i.rt_object_get_information              0x08000db4   Section        0  object.o(i.rt_object_get_information)
    i.rt_object_init                         0x08000ddc   Section        0  object.o(i.rt_object_init)
    i.rt_object_is_systemobject              0x08000e22   Section        0  object.o(i.rt_object_is_systemobject)
    i.rt_schedule                            0x08000e34   Section        0  scheduler.o(i.rt_schedule)
    i.rt_schedule_insert_thread              0x08000ec4   Section        0  scheduler.o(i.rt_schedule_insert_thread)
    i.rt_schedule_remove_thread              0x08000f14   Section        0  scheduler.o(i.rt_schedule_remove_thread)
    i.rt_show_version                        0x08000f68   Section        0  kservice.o(i.rt_show_version)
    i.rt_strlen                              0x08001018   Section        0  kservice.o(i.rt_strlen)
    i.rt_strncpy                             0x0800102a   Section        0  kservice.o(i.rt_strncpy)
    i.rt_system_scheduler_init               0x08001060   Section        0  scheduler.o(i.rt_system_scheduler_init)
    i.rt_system_scheduler_start              0x080010ac   Section        0  scheduler.o(i.rt_system_scheduler_start)
    i.rt_system_timer_init                   0x080010dc   Section        0  timer.o(i.rt_system_timer_init)
    i.rt_system_timer_thread_init            0x080010f8   Section        0  timer.o(i.rt_system_timer_thread_init)
    i.rt_thread_delay                        0x080010fa   Section        0  thread.o(i.rt_thread_delay)
    i.rt_thread_exit                         0x08001108   Section        0  thread.o(i.rt_thread_exit)
    i.rt_thread_idle_entry                   0x0800115c   Section        0  idle.o(i.rt_thread_idle_entry)
    rt_thread_idle_entry                     0x0800115d   Thumb Code     8  idle.o(i.rt_thread_idle_entry)
    i.rt_thread_idle_excute                  0x08001164   Section        0  idle.o(i.rt_thread_idle_excute)
    i.rt_thread_idle_init                    0x080011dc   Section        0  idle.o(i.rt_thread_idle_init)
    i.rt_thread_init                         0x08001218   Section        0  thread.o(i.rt_thread_init)
    i.rt_thread_resume                       0x0800124c   Section        0  thread.o(i.rt_thread_resume)
    i.rt_thread_self                         0x08001288   Section        0  thread.o(i.rt_thread_self)
    i.rt_thread_sleep                        0x08001294   Section        0  thread.o(i.rt_thread_sleep)
    i.rt_thread_startup                      0x080012d8   Section        0  thread.o(i.rt_thread_startup)
    i.rt_thread_suspend                      0x08001304   Section        0  thread.o(i.rt_thread_suspend)
    i.rt_thread_timeout                      0x08001348   Section        0  thread.o(i.rt_thread_timeout)
    i.rt_thread_yield                        0x08001368   Section        0  thread.o(i.rt_thread_yield)
    i.rt_tick_get                            0x080013cc   Section        0  clock.o(i.rt_tick_get)
    i.rt_tick_increase                       0x080013d8   Section        0  clock.o(i.rt_tick_increase)
    i.rt_timer_check                         0x08001408   Section        0  timer.o(i.rt_timer_check)
    i.rt_timer_control                       0x08001484   Section        0  timer.o(i.rt_timer_control)
    i.rt_timer_detach                        0x080014bc   Section        0  timer.o(i.rt_timer_detach)
    i.rt_timer_init                          0x080014dc   Section        0  timer.o(i.rt_timer_init)
    i.rt_timer_start                         0x0800150c   Section        0  timer.o(i.rt_timer_start)
    i.rt_timer_stop                          0x08001604   Section        0  timer.o(i.rt_timer_stop)
    i.rt_vsnprintf                           0x08001634   Section        0  kservice.o(i.rt_vsnprintf)
    i.rti_board_end                          0x0800195c   Section        0  components.o(i.rti_board_end)
    rti_board_end                            0x0800195d   Thumb Code     4  components.o(i.rti_board_end)
    i.rti_board_start                        0x08001960   Section        0  components.o(i.rti_board_start)
    rti_board_start                          0x08001961   Thumb Code     4  components.o(i.rti_board_start)
    i.rti_end                                0x08001964   Section        0  components.o(i.rti_end)
    rti_end                                  0x08001965   Thumb Code     4  components.o(i.rti_end)
    i.rti_start                              0x08001968   Section        0  components.o(i.rti_start)
    rti_start                                0x08001969   Thumb Code     4  components.o(i.rti_start)
    i.rtthread_startup                       0x0800196c   Section        0  components.o(i.rtthread_startup)
    i.skip_atoi                              0x08001996   Section        0  kservice.o(i.skip_atoi)
    skip_atoi                                0x08001997   Thumb Code    38  kservice.o(i.skip_atoi)
    x$fpl$fpinit                             0x080019bc   Section       10  fpinit.o(x$fpl$fpinit)
    $v0                                      0x080019bc   Number         0  fpinit.o(x$fpl$fpinit)
    .constdata                               0x080019c6   Section      290  kservice.o(.constdata)
    small_digits                             0x08001ac6   Data          17  kservice.o(.constdata)
    large_digits                             0x08001ad7   Data          17  kservice.o(.constdata)
    .rti_fn.0                                0x08001ae8   Section        4  components.o(.rti_fn.0)
    __tagsym$$used                           0x08001ae8   Number         0  components.o(.rti_fn.0)
    .rti_fn.0.end                            0x08001aec   Section        4  components.o(.rti_fn.0.end)
    __tagsym$$used                           0x08001aec   Number         0  components.o(.rti_fn.0.end)
    .rti_fn.1.end                            0x08001af0   Section        4  components.o(.rti_fn.1.end)
    __tagsym$$used                           0x08001af0   Number         0  components.o(.rti_fn.1.end)
    .rti_fn.6.end                            0x08001af4   Section        4  components.o(.rti_fn.6.end)
    __tagsym$$used                           0x08001af4   Number         0  components.o(.rti_fn.6.end)
    .data                                    0x20000000   Section       20  system_stm32f4xx.o(.data)
    .data                                    0x20000014   Section        4  clock.o(.data)
    rt_tick                                  0x20000014   Data           4  clock.o(.data)
    .data                                    0x20000018   Section        1  irq.o(.data)
    .data                                    0x2000001c   Section       64  object.o(.data)
    rt_object_container                      0x2000001c   Data          64  object.o(.data)
    .data                                    0x2000005c   Section       24  scheduler.o(.data)
    rt_scheduler_lock_nest                   0x2000005c   Data           2  scheduler.o(.data)
    .data                                    0x20000074   Section       12  timer.o(.data)
    rt_timer_list                            0x20000074   Data           8  timer.o(.data)
    random_nr                                0x2000007c   Data           4  timer.o(.data)
    .data                                    0x20000080   Section       16  cpuport.o(.data)
    rt_exception_hook                        0x2000008c   Data           4  cpuport.o(.data)
    .bss                                     0x20000090   Section     1144  main.o(.bss)
    led1_thread                              0x20000090   Data         120  main.o(.bss)
    rt_led1_thread_stack                     0x20000108   Data        1024  main.o(.bss)
    .bss                                     0x20000508   Section      632  components.o(.bss)
    main_stack                               0x20000508   Data         512  components.o(.bss)
    .bss                                     0x20000780   Section      248  idle.o(.bss)
    idle                                     0x20000780   Data         120  idle.o(.bss)
    rt_thread_stack                          0x200007f8   Data         128  idle.o(.bss)
    .bss                                     0x20000878   Section      128  kservice.o(.bss)
    rt_log_buf                               0x20000878   Data         128  kservice.o(.bss)
    .bss                                     0x200008f8   Section      256  scheduler.o(.bss)
    .bss                                     0x200009f8   Section       96  libspace.o(.bss)
    HEAP                                     0x20000a58   Section      512  startup_stm32f40_41xxx.o(HEAP)
    Heap_Mem                                 0x20000a58   Data         512  startup_stm32f40_41xxx.o(HEAP)
    STACK                                    0x20000c58   Section     1024  startup_stm32f40_41xxx.o(STACK)
    Stack_Mem                                0x20000c58   Data        1024  startup_stm32f40_41xxx.o(STACK)
    __initial_sp                             0x20001058   Data           0  startup_stm32f40_41xxx.o(STACK)

    Global Symbols

    Symbol Name                              Value     Ov Type        Size  Object(Section)

    BuildAttributes$$THM_ISAv4$E$P$D$K$B$S$7EM$VFPi3$EXTD16$VFPS$VFMA$PE$A:L22UL41UL21$X:L11$S22US41US21$IEEE1$IW$USESV6$~STKCKD$USESV7$~SHL$OSPACE$ROPI$EBA8$UX$STANDARDLIB$REQ8$PRES8$EABIv2 0x00000000   Number         0  anon$$obj.o ABSOLUTE
    __ARM_use_no_argv                        0x00000000   Number         0  main.o ABSOLUTE
    __ARM_exceptions_init                     - Undefined Weak Reference
    __alloca_initialize                       - Undefined Weak Reference
    __arm_preinit_                            - Undefined Weak Reference
    __cpp_initialize__aeabi_                  - Undefined Weak Reference
    __cxa_finalize                            - Undefined Weak Reference
    __rt_locale                               - Undefined Weak Reference
    __sigvec_lookup                           - Undefined Weak Reference
    _atexit_init                              - Undefined Weak Reference
    _call_atexit_fns                          - Undefined Weak Reference
    _clock_init                               - Undefined Weak Reference
    _fp_trap_init                             - Undefined Weak Reference
    _fp_trap_shutdown                         - Undefined Weak Reference
    _get_lc_collate                           - Undefined Weak Reference
    _get_lc_ctype                             - Undefined Weak Reference
    _get_lc_monetary                          - Undefined Weak Reference
    _get_lc_numeric                           - Undefined Weak Reference
    _get_lc_time                              - Undefined Weak Reference
    _getenv_init                              - Undefined Weak Reference
    _handle_redirection                       - Undefined Weak Reference
    _init_alloc                               - Undefined Weak Reference
    _init_user_alloc                          - Undefined Weak Reference
    _initio                                   - Undefined Weak Reference
    _rand_init                                - Undefined Weak Reference
    _signal_finish                            - Undefined Weak Reference
    _signal_init                              - Undefined Weak Reference
    _terminate_alloc                          - Undefined Weak Reference
    _terminate_user_alloc                     - Undefined Weak Reference
    _terminateio                              - Undefined Weak Reference
    __Vectors_Size                           0x00000188   Number         0  startup_stm32f40_41xxx.o ABSOLUTE
    __Vectors                                0x08000000   Data           4  startup_stm32f40_41xxx.o(RESET)
    __Vectors_End                            0x08000188   Data           0  startup_stm32f40_41xxx.o(RESET)
    __main                                   0x08000189   Thumb Code     8  __main.o(!!!main)
    __scatterload                            0x08000191   Thumb Code     0  __scatter.o(!!!scatter)
    __scatterload_rt2                        0x08000191   Thumb Code    44  __scatter.o(!!!scatter)
    __scatterload_rt2_thumb_only             0x08000191   Thumb Code     0  __scatter.o(!!!scatter)
    __scatterload_null                       0x0800019f   Thumb Code     0  __scatter.o(!!!scatter)
    __scatterload_copy                       0x080001c5   Thumb Code    26  __scatter_copy.o(!!handler_copy)
    __scatterload_zeroinit                   0x080001e1   Thumb Code    28  __scatter_zi.o(!!handler_zi)
    __rt_lib_init                            0x080001fd   Thumb Code     0  libinit.o(.ARM.Collect$$libinit$$00000000)
    __rt_lib_init_fp_1                       0x080001ff   Thumb Code     0  libinit2.o(.ARM.Collect$$libinit$$00000001)
    __rt_lib_init_alloca_1                   0x08000203   Thumb Code     0  libinit2.o(.ARM.Collect$$libinit$$0000002E)
    __rt_lib_init_argv_1                     0x08000203   Thumb Code     0  libinit2.o(.ARM.Collect$$libinit$$0000002C)
    __rt_lib_init_atexit_1                   0x08000203   Thumb Code     0  libinit2.o(.ARM.Collect$$libinit$$0000001B)
    __rt_lib_init_clock_1                    0x08000203   Thumb Code     0  libinit2.o(.ARM.Collect$$libinit$$00000021)
    __rt_lib_init_cpp_1                      0x08000203   Thumb Code     0  libinit2.o(.ARM.Collect$$libinit$$00000032)
    __rt_lib_init_exceptions_1               0x08000203   Thumb Code     0  libinit2.o(.ARM.Collect$$libinit$$00000030)
    __rt_lib_init_fp_trap_1                  0x08000203   Thumb Code     0  libinit2.o(.ARM.Collect$$libinit$$0000001F)
    __rt_lib_init_getenv_1                   0x08000203   Thumb Code     0  libinit2.o(.ARM.Collect$$libinit$$00000023)
    __rt_lib_init_heap_1                     0x08000203   Thumb Code     0  libinit2.o(.ARM.Collect$$libinit$$0000000A)
    __rt_lib_init_lc_collate_1               0x08000203   Thumb Code     0  libinit2.o(.ARM.Collect$$libinit$$00000011)
    __rt_lib_init_lc_ctype_1                 0x08000203   Thumb Code     0  libinit2.o(.ARM.Collect$$libinit$$00000013)
    __rt_lib_init_lc_monetary_1              0x08000203   Thumb Code     0  libinit2.o(.ARM.Collect$$libinit$$00000015)
    __rt_lib_init_lc_numeric_1               0x08000203   Thumb Code     0  libinit2.o(.ARM.Collect$$libinit$$00000017)
    __rt_lib_init_lc_time_1                  0x08000203   Thumb Code     0  libinit2.o(.ARM.Collect$$libinit$$00000019)
    __rt_lib_init_preinit_1                  0x08000203   Thumb Code     0  libinit2.o(.ARM.Collect$$libinit$$00000004)
    __rt_lib_init_rand_1                     0x08000203   Thumb Code     0  libinit2.o(.ARM.Collect$$libinit$$0000000E)
    __rt_lib_init_return                     0x08000203   Thumb Code     0  libinit2.o(.ARM.Collect$$libinit$$00000033)
    __rt_lib_init_signal_1                   0x08000203   Thumb Code     0  libinit2.o(.ARM.Collect$$libinit$$0000001D)
    __rt_lib_init_stdio_1                    0x08000203   Thumb Code     0  libinit2.o(.ARM.Collect$$libinit$$00000025)
    __rt_lib_init_user_alloc_1               0x08000203   Thumb Code     0  libinit2.o(.ARM.Collect$$libinit$$0000000C)
    __rt_lib_shutdown                        0x08000205   Thumb Code     0  libshutdown.o(.ARM.Collect$$libshutdown$$00000000)
    __rt_lib_shutdown_cpp_1                  0x08000207   Thumb Code     0  libshutdown2.o(.ARM.Collect$$libshutdown$$00000002)
    __rt_lib_shutdown_fp_trap_1              0x08000207   Thumb Code     0  libshutdown2.o(.ARM.Collect$$libshutdown$$00000007)
    __rt_lib_shutdown_heap_1                 0x08000207   Thumb Code     0  libshutdown2.o(.ARM.Collect$$libshutdown$$0000000F)
    __rt_lib_shutdown_return                 0x08000207   Thumb Code     0  libshutdown2.o(.ARM.Collect$$libshutdown$$00000010)
    __rt_lib_shutdown_signal_1               0x08000207   Thumb Code     0  libshutdown2.o(.ARM.Collect$$libshutdown$$0000000A)
    __rt_lib_shutdown_stdio_1                0x08000207   Thumb Code     0  libshutdown2.o(.ARM.Collect$$libshutdown$$00000004)
    __rt_lib_shutdown_user_alloc_1           0x08000207   Thumb Code     0  libshutdown2.o(.ARM.Collect$$libshutdown$$0000000C)
    __rt_entry                               0x08000209   Thumb Code     0  __rtentry.o(.ARM.Collect$$rtentry$$00000000)
    __rt_entry_presh_1                       0x08000209   Thumb Code     0  __rtentry2.o(.ARM.Collect$$rtentry$$00000002)
    __rt_entry_sh                            0x08000209   Thumb Code     0  __rtentry4.o(.ARM.Collect$$rtentry$$00000004)
    __rt_entry_li                            0x0800020f   Thumb Code     0  __rtentry2.o(.ARM.Collect$$rtentry$$0000000A)
    __rt_entry_postsh_1                      0x0800020f   Thumb Code     0  __rtentry2.o(.ARM.Collect$$rtentry$$00000009)
    __rt_entry_main                          0x08000213   Thumb Code     0  __rtentry2.o(.ARM.Collect$$rtentry$$0000000D)
    __rt_entry_postli_1                      0x08000213   Thumb Code     0  __rtentry2.o(.ARM.Collect$$rtentry$$0000000C)
    __rt_exit                                0x0800021b   Thumb Code     0  rtexit.o(.ARM.Collect$$rtexit$$00000000)
    __rt_exit_ls                             0x0800021d   Thumb Code     0  rtexit2.o(.ARM.Collect$$rtexit$$00000003)
    __rt_exit_prels_1                        0x0800021d   Thumb Code     0  rtexit2.o(.ARM.Collect$$rtexit$$00000002)
    __rt_exit_exit                           0x08000221   Thumb Code     0  rtexit2.o(.ARM.Collect$$rtexit$$00000004)
    Reset_Handler                            0x08000229   Thumb Code     8  startup_stm32f40_41xxx.o(.text)
    ADC_IRQHandler                           0x08000243   Thumb Code     0  startup_stm32f40_41xxx.o(.text)
    CAN1_RX0_IRQHandler                      0x08000243   Thumb Code     0  startup_stm32f40_41xxx.o(.text)
    CAN1_RX1_IRQHandler                      0x08000243   Thumb Code     0  startup_stm32f40_41xxx.o(.text)
    CAN1_SCE_IRQHandler                      0x08000243   Thumb Code     0  startup_stm32f40_41xxx.o(.text)
    CAN1_TX_IRQHandler                       0x08000243   Thumb Code     0  startup_stm32f40_41xxx.o(.text)
    CAN2_RX0_IRQHandler                      0x08000243   Thumb Code     0  startup_stm32f40_41xxx.o(.text)
    CAN2_RX1_IRQHandler                      0x08000243   Thumb Code     0  startup_stm32f40_41xxx.o(.text)
    CAN2_SCE_IRQHandler                      0x08000243   Thumb Code     0  startup_stm32f40_41xxx.o(.text)
    CAN2_TX_IRQHandler                       0x08000243   Thumb Code     0  startup_stm32f40_41xxx.o(.text)
    CRYP_IRQHandler                          0x08000243   Thumb Code     0  startup_stm32f40_41xxx.o(.text)
    DCMI_IRQHandler                          0x08000243   Thumb Code     0  startup_stm32f40_41xxx.o(.text)
    DMA1_Stream0_IRQHandler                  0x08000243   Thumb Code     0  startup_stm32f40_41xxx.o(.text)
    DMA1_Stream1_IRQHandler                  0x08000243   Thumb Code     0  startup_stm32f40_41xxx.o(.text)
    DMA1_Stream2_IRQHandler                  0x08000243   Thumb Code     0  startup_stm32f40_41xxx.o(.text)
    DMA1_Stream3_IRQHandler                  0x08000243   Thumb Code     0  startup_stm32f40_41xxx.o(.text)
    DMA1_Stream4_IRQHandler                  0x08000243   Thumb Code     0  startup_stm32f40_41xxx.o(.text)
    DMA1_Stream5_IRQHandler                  0x08000243   Thumb Code     0  startup_stm32f40_41xxx.o(.text)
    DMA1_Stream6_IRQHandler                  0x08000243   Thumb Code     0  startup_stm32f40_41xxx.o(.text)
    DMA1_Stream7_IRQHandler                  0x08000243   Thumb Code     0  startup_stm32f40_41xxx.o(.text)
    DMA2_Stream0_IRQHandler                  0x08000243   Thumb Code     0  startup_stm32f40_41xxx.o(.text)
    DMA2_Stream1_IRQHandler                  0x08000243   Thumb Code     0  startup_stm32f40_41xxx.o(.text)
    DMA2_Stream2_IRQHandler                  0x08000243   Thumb Code     0  startup_stm32f40_41xxx.o(.text)
    DMA2_Stream3_IRQHandler                  0x08000243   Thumb Code     0  startup_stm32f40_41xxx.o(.text)
    DMA2_Stream4_IRQHandler                  0x08000243   Thumb Code     0  startup_stm32f40_41xxx.o(.text)
    DMA2_Stream5_IRQHandler                  0x08000243   Thumb Code     0  startup_stm32f40_41xxx.o(.text)
    DMA2_Stream6_IRQHandler                  0x08000243   Thumb Code     0  startup_stm32f40_41xxx.o(.text)
    DMA2_Stream7_IRQHandler                  0x08000243   Thumb Code     0  startup_stm32f40_41xxx.o(.text)
    ETH_IRQHandler                           0x08000243   Thumb Code     0  startup_stm32f40_41xxx.o(.text)
    ETH_WKUP_IRQHandler                      0x08000243   Thumb Code     0  startup_stm32f40_41xxx.o(.text)
    EXTI0_IRQHandler                         0x08000243   Thumb Code     0  startup_stm32f40_41xxx.o(.text)
    EXTI15_10_IRQHandler                     0x08000243   Thumb Code     0  startup_stm32f40_41xxx.o(.text)
    EXTI1_IRQHandler                         0x08000243   Thumb Code     0  startup_stm32f40_41xxx.o(.text)
    EXTI2_IRQHandler                         0x08000243   Thumb Code     0  startup_stm32f40_41xxx.o(.text)
    EXTI3_IRQHandler                         0x08000243   Thumb Code     0  startup_stm32f40_41xxx.o(.text)
    EXTI4_IRQHandler                         0x08000243   Thumb Code     0  startup_stm32f40_41xxx.o(.text)
    EXTI9_5_IRQHandler                       0x08000243   Thumb Code     0  startup_stm32f40_41xxx.o(.text)
    FLASH_IRQHandler                         0x08000243   Thumb Code     0  startup_stm32f40_41xxx.o(.text)
    FPU_IRQHandler                           0x08000243   Thumb Code     0  startup_stm32f40_41xxx.o(.text)
    FSMC_IRQHandler                          0x08000243   Thumb Code     0  startup_stm32f40_41xxx.o(.text)
    HASH_RNG_IRQHandler                      0x08000243   Thumb Code     0  startup_stm32f40_41xxx.o(.text)
    I2C1_ER_IRQHandler                       0x08000243   Thumb Code     0  startup_stm32f40_41xxx.o(.text)
    I2C1_EV_IRQHandler                       0x08000243   Thumb Code     0  startup_stm32f40_41xxx.o(.text)
    I2C2_ER_IRQHandler                       0x08000243   Thumb Code     0  startup_stm32f40_41xxx.o(.text)
    I2C2_EV_IRQHandler                       0x08000243   Thumb Code     0  startup_stm32f40_41xxx.o(.text)
    I2C3_ER_IRQHandler                       0x08000243   Thumb Code     0  startup_stm32f40_41xxx.o(.text)
    I2C3_EV_IRQHandler                       0x08000243   Thumb Code     0  startup_stm32f40_41xxx.o(.text)
    OTG_FS_IRQHandler                        0x08000243   Thumb Code     0  startup_stm32f40_41xxx.o(.text)
    OTG_FS_WKUP_IRQHandler                   0x08000243   Thumb Code     0  startup_stm32f40_41xxx.o(.text)
    OTG_HS_EP1_IN_IRQHandler                 0x08000243   Thumb Code     0  startup_stm32f40_41xxx.o(.text)
    OTG_HS_EP1_OUT_IRQHandler                0x08000243   Thumb Code     0  startup_stm32f40_41xxx.o(.text)
    OTG_HS_IRQHandler                        0x08000243   Thumb Code     0  startup_stm32f40_41xxx.o(.text)
    OTG_HS_WKUP_IRQHandler                   0x08000243   Thumb Code     0  startup_stm32f40_41xxx.o(.text)
    PVD_IRQHandler                           0x08000243   Thumb Code     0  startup_stm32f40_41xxx.o(.text)
    RCC_IRQHandler                           0x08000243   Thumb Code     0  startup_stm32f40_41xxx.o(.text)
    RTC_Alarm_IRQHandler                     0x08000243   Thumb Code     0  startup_stm32f40_41xxx.o(.text)
    RTC_WKUP_IRQHandler                      0x08000243   Thumb Code     0  startup_stm32f40_41xxx.o(.text)
    SDIO_IRQHandler                          0x08000243   Thumb Code     0  startup_stm32f40_41xxx.o(.text)
    SPI1_IRQHandler                          0x08000243   Thumb Code     0  startup_stm32f40_41xxx.o(.text)
    SPI2_IRQHandler                          0x08000243   Thumb Code     0  startup_stm32f40_41xxx.o(.text)
    SPI3_IRQHandler                          0x08000243   Thumb Code     0  startup_stm32f40_41xxx.o(.text)
    TAMP_STAMP_IRQHandler                    0x08000243   Thumb Code     0  startup_stm32f40_41xxx.o(.text)
    TIM1_BRK_TIM9_IRQHandler                 0x08000243   Thumb Code     0  startup_stm32f40_41xxx.o(.text)
    TIM1_CC_IRQHandler                       0x08000243   Thumb Code     0  startup_stm32f40_41xxx.o(.text)
    TIM1_TRG_COM_TIM11_IRQHandler            0x08000243   Thumb Code     0  startup_stm32f40_41xxx.o(.text)
    TIM1_UP_TIM10_IRQHandler                 0x08000243   Thumb Code     0  startup_stm32f40_41xxx.o(.text)
    TIM2_IRQHandler                          0x08000243   Thumb Code     0  startup_stm32f40_41xxx.o(.text)
    TIM3_IRQHandler                          0x08000243   Thumb Code     0  startup_stm32f40_41xxx.o(.text)
    TIM4_IRQHandler                          0x08000243   Thumb Code     0  startup_stm32f40_41xxx.o(.text)
    TIM5_IRQHandler                          0x08000243   Thumb Code     0  startup_stm32f40_41xxx.o(.text)
    TIM6_DAC_IRQHandler                      0x08000243   Thumb Code     0  startup_stm32f40_41xxx.o(.text)
    TIM7_IRQHandler                          0x08000243   Thumb Code     0  startup_stm32f40_41xxx.o(.text)
    TIM8_BRK_TIM12_IRQHandler                0x08000243   Thumb Code     0  startup_stm32f40_41xxx.o(.text)
    TIM8_CC_IRQHandler                       0x08000243   Thumb Code     0  startup_stm32f40_41xxx.o(.text)
    TIM8_TRG_COM_TIM14_IRQHandler            0x08000243   Thumb Code     0  startup_stm32f40_41xxx.o(.text)
    TIM8_UP_TIM13_IRQHandler                 0x08000243   Thumb Code     0  startup_stm32f40_41xxx.o(.text)
    UART4_IRQHandler                         0x08000243   Thumb Code     0  startup_stm32f40_41xxx.o(.text)
    UART5_IRQHandler                         0x08000243   Thumb Code     0  startup_stm32f40_41xxx.o(.text)
    USART1_IRQHandler                        0x08000243   Thumb Code     0  startup_stm32f40_41xxx.o(.text)
    USART2_IRQHandler                        0x08000243   Thumb Code     0  startup_stm32f40_41xxx.o(.text)
    USART3_IRQHandler                        0x08000243   Thumb Code     0  startup_stm32f40_41xxx.o(.text)
    USART6_IRQHandler                        0x08000243   Thumb Code     0  startup_stm32f40_41xxx.o(.text)
    WWDG_IRQHandler                          0x08000243   Thumb Code     0  startup_stm32f40_41xxx.o(.text)
    __user_initial_stackheap                 0x08000245   Thumb Code     0  startup_stm32f40_41xxx.o(.text)
    rt_hw_interrupt_disable                  0x08000269   Thumb Code     8  context_rvds.o(.text)
    rt_hw_interrupt_enable                   0x08000271   Thumb Code     6  context_rvds.o(.text)
    rt_hw_context_switch                     0x08000277   Thumb Code    32  context_rvds.o(.text)
    rt_hw_context_switch_interrupt           0x08000277   Thumb Code     0  context_rvds.o(.text)
    PendSV_Handler                           0x08000297   Thumb Code   108  context_rvds.o(.text)
    rt_hw_context_switch_to                  0x08000303   Thumb Code    70  context_rvds.o(.text)
    rt_hw_interrupt_thread_switch            0x08000349   Thumb Code     2  context_rvds.o(.text)
    HardFault_Handler                        0x0800034b   Thumb Code    20  context_rvds.o(.text)
    __use_two_region_memory                  0x08000379   Thumb Code     2  heapauxi.o(.text)
    __rt_heap_escrow$2region                 0x0800037b   Thumb Code     2  heapauxi.o(.text)
    __rt_heap_expand$2region                 0x0800037d   Thumb Code     2  heapauxi.o(.text)
    __user_setup_stackheap                   0x0800037f   Thumb Code    74  sys_stackheap_outer.o(.text)
    exit                                     0x080003c9   Thumb Code    18  exit.o(.text)
    __user_libspace                          0x080003dd   Thumb Code     8  libspace.o(.text)
    __user_perproc_libspace                  0x080003dd   Thumb Code     0  libspace.o(.text)
    __user_perthread_libspace                0x080003dd   Thumb Code     0  libspace.o(.text)
    _sys_exit                                0x080003e5   Thumb Code     8  sys_exit.o(.text)
    __I$use$semihosting                      0x080003f1   Thumb Code     0  use_no_semi.o(.text)
    __use_no_semihosting_swi                 0x080003f1   Thumb Code     2  use_no_semi.o(.text)
    __semihosting_library_function           0x080003f3   Thumb Code     0  indicate_semi.o(.text)
    main                                     0x080003f3   Thumb Code    14  components.o(i.$Sub$$main)
    BusFault_Handler                         0x08000401   Thumb Code     4  stm32f4xx_it.o(i.BusFault_Handler)
    DebugMon_Handler                         0x08000405   Thumb Code     2  stm32f4xx_it.o(i.DebugMon_Handler)
    GPIO_Init                                0x08000407   Thumb Code   144  stm32f4xx_gpio.o(i.GPIO_Init)
    LED_Init                                 0x08000499   Thumb Code    96  bsp_led.o(i.LED_Init)
    MemManage_Handler                        0x080004fd   Thumb Code     4  stm32f4xx_it.o(i.MemManage_Handler)
    NMI_Handler                              0x08000501   Thumb Code     2  stm32f4xx_it.o(i.NMI_Handler)
    RCC_AHB1PeriphClockCmd                   0x08000505   Thumb Code    26  stm32f4xx_rcc.o(i.RCC_AHB1PeriphClockCmd)
    SVC_Handler                              0x08000525   Thumb Code     2  stm32f4xx_it.o(i.SVC_Handler)
    SysTick_Handler                          0x08000615   Thumb Code    16  board.o(i.SysTick_Handler)
    SystemInit                               0x08000625   Thumb Code    88  system_stm32f4xx.o(i.SystemInit)
    UsageFault_Handler                       0x0800068d   Thumb Code     4  stm32f4xx_it.o(i.UsageFault_Handler)
    __rt_ffs                                 0x08000691   Thumb Code    70  kservice.o(i.__rt_ffs)
    $Super$$main                             0x08000811   Thumb Code    42  main.o(i.main)
    main_thread_entry                        0x08000851   Thumb Code    14  components.o(i.main_thread_entry)
    rt_application_init                      0x080009ed   Thumb Code    44  components.o(i.rt_application_init)
    rt_components_board_init                 0x08000a2d   Thumb Code    20  components.o(i.rt_components_board_init)
    rt_components_init                       0x08000a49   Thumb Code    20  components.o(i.rt_components_init)
    rt_enter_critical                        0x08000a65   Thumb Code    28  scheduler.o(i.rt_enter_critical)
    rt_exit_critical                         0x08000a85   Thumb Code    54  scheduler.o(i.rt_exit_critical)
    rt_hw_board_init                         0x08000ac1   Thumb Code    90  board.o(i.rt_hw_board_init)
    rt_hw_console_output                     0x08000b29   Thumb Code     2  kservice.o(i.rt_hw_console_output)
    rt_hw_hard_fault_exception               0x08000b2d   Thumb Code   108  cpuport.o(i.rt_hw_hard_fault_exception)
    rt_hw_stack_init                         0x08000c39   Thumb Code    74  cpuport.o(i.rt_hw_stack_init)
    rt_interrupt_enter                       0x08000c89   Thumb Code    26  irq.o(i.rt_interrupt_enter)
    rt_interrupt_leave                       0x08000ca9   Thumb Code    26  irq.o(i.rt_interrupt_leave)
    rt_kprintf                               0x08000cc9   Thumb Code    44  kservice.o(i.rt_kprintf)
    rt_memset                                0x08000d43   Thumb Code    72  kservice.o(i.rt_memset)
    rt_object_detach                         0x08000d8b   Thumb Code    40  object.o(i.rt_object_detach)
    rt_object_get_information                0x08000db5   Thumb Code    36  object.o(i.rt_object_get_information)
    rt_object_init                           0x08000ddd   Thumb Code    70  object.o(i.rt_object_init)
    rt_object_is_systemobject                0x08000e23   Thumb Code    18  object.o(i.rt_object_is_systemobject)
    rt_schedule                              0x08000e35   Thumb Code   118  scheduler.o(i.rt_schedule)
    rt_schedule_insert_thread                0x08000ec5   Thumb Code    72  scheduler.o(i.rt_schedule_insert_thread)
    rt_schedule_remove_thread                0x08000f15   Thumb Code    76  scheduler.o(i.rt_schedule_remove_thread)
    rt_show_version                          0x08000f69   Thumb Code    38  kservice.o(i.rt_show_version)
    rt_strlen                                0x08001019   Thumb Code    18  kservice.o(i.rt_strlen)
    rt_strncpy                               0x0800102b   Thumb Code    52  kservice.o(i.rt_strncpy)
    rt_system_scheduler_init                 0x08001061   Thumb Code    52  scheduler.o(i.rt_system_scheduler_init)
    rt_system_scheduler_start                0x080010ad   Thumb Code    36  scheduler.o(i.rt_system_scheduler_start)
    rt_system_timer_init                     0x080010dd   Thumb Code    24  timer.o(i.rt_system_timer_init)
    rt_system_timer_thread_init              0x080010f9   Thumb Code     2  timer.o(i.rt_system_timer_thread_init)
    rt_thread_delay                          0x080010fb   Thumb Code    12  thread.o(i.rt_thread_delay)
    rt_thread_exit                           0x08001109   Thumb Code    76  thread.o(i.rt_thread_exit)
    rt_thread_idle_excute                    0x08001165   Thumb Code   116  idle.o(i.rt_thread_idle_excute)
    rt_thread_idle_init                      0x080011dd   Thumb Code    38  idle.o(i.rt_thread_idle_init)
    rt_thread_init                           0x08001219   Thumb Code    52  thread.o(i.rt_thread_init)
    rt_thread_resume                         0x0800124d   Thumb Code    60  thread.o(i.rt_thread_resume)
    rt_thread_self                           0x08001289   Thumb Code     6  thread.o(i.rt_thread_self)
    rt_thread_sleep                          0x08001295   Thumb Code    62  thread.o(i.rt_thread_sleep)
    rt_thread_startup                        0x080012d9   Thumb Code    44  thread.o(i.rt_thread_startup)
    rt_thread_suspend                        0x08001305   Thumb Code    68  thread.o(i.rt_thread_suspend)
    rt_thread_timeout                        0x08001349   Thumb Code    32  thread.o(i.rt_thread_timeout)
    rt_thread_yield                          0x08001369   Thumb Code    92  thread.o(i.rt_thread_yield)
    rt_tick_get                              0x080013cd   Thumb Code     6  clock.o(i.rt_tick_get)
    rt_tick_increase                         0x080013d9   Thumb Code    42  clock.o(i.rt_tick_increase)
    rt_timer_check                           0x08001409   Thumb Code   118  timer.o(i.rt_timer_check)
    rt_timer_control                         0x08001485   Thumb Code    56  timer.o(i.rt_timer_control)
    rt_timer_detach                          0x080014bd   Thumb Code    32  timer.o(i.rt_timer_detach)
    rt_timer_init                            0x080014dd   Thumb Code    46  timer.o(i.rt_timer_init)
    rt_timer_start                           0x0800150d   Thumb Code   238  timer.o(i.rt_timer_start)
    rt_timer_stop                            0x08001605   Thumb Code    48  timer.o(i.rt_timer_stop)
    rt_vsnprintf                             0x08001635   Thumb Code   800  kservice.o(i.rt_vsnprintf)
    rtthread_startup                         0x0800196d   Thumb Code    42  components.o(i.rtthread_startup)
    _fp_init                                 0x080019bd   Thumb Code    10  fpinit.o(x$fpl$fpinit)
    __fplib_config_fpu_vfp                   0x080019c5   Thumb Code     0  fpinit.o(x$fpl$fpinit)
    __fplib_config_pureend_doubles           0x080019c5   Thumb Code     0  fpinit.o(x$fpl$fpinit)
    __lowest_bit_bitmap                      0x080019c6   Data         256  kservice.o(.constdata)
    __rt_init_rti_start                      0x08001ae8   Data           4  components.o(.rti_fn.0)
    __rt_init_rti_board_start                0x08001aec   Data           4  components.o(.rti_fn.0.end)
    __rt_init_rti_board_end                  0x08001af0   Data           4  components.o(.rti_fn.1.end)
    __rt_init_rti_end                        0x08001af4   Data           4  components.o(.rti_fn.6.end)
    Region$$Table$$Base                      0x08001af8   Number         0  anon$$obj.o(Region$$Table)
    Region$$Table$$Limit                     0x08001b18   Number         0  anon$$obj.o(Region$$Table)
    SystemCoreClock                          0x20000000   Data           4  system_stm32f4xx.o(.data)
    AHBPrescTable                            0x20000004   Data          16  system_stm32f4xx.o(.data)
    rt_interrupt_nest                        0x20000018   Data           1  irq.o(.data)
    rt_current_thread                        0x20000060   Data           4  scheduler.o(.data)
    rt_current_priority                      0x20000064   Data           1  scheduler.o(.data)
    rt_thread_ready_priority_group           0x20000068   Data           4  scheduler.o(.data)
    rt_thread_defunct                        0x2000006c   Data           8  scheduler.o(.data)
    rt_interrupt_from_thread                 0x20000080   Data           4  cpuport.o(.data)
    rt_interrupt_to_thread                   0x20000084   Data           4  cpuport.o(.data)
    rt_thread_switch_interrupt_flag          0x20000088   Data           4  cpuport.o(.data)
    main_thread                              0x20000708   Data         120  components.o(.bss)
    rt_thread_priority_table                 0x200008f8   Data         256  scheduler.o(.bss)
    __libspace_start                         0x200009f8   Data          96  libspace.o(.bss)
    __temporary_stack_top$libspace           0x20000a58   Data           0  libspace.o(.bss)



==============================================================================

Memory Map of the image

  Image Entry point : 0x08000189

  Load Region LR_IROM1 (Base: 0x08000000, Size: 0x00001ba8, Max: 0x00100000, ABSOLUTE)

    Execution Region ER_IROM1 (Exec base: 0x08000000, Load base: 0x08000000, Size: 0x00001b18, Max: 0x00100000, ABSOLUTE)

    Exec Addr    Load Addr    Size         Type   Attr      Idx    E Section Name        Object

    0x08000000   0x08000000   0x00000188   Data   RO            3    RESET               startup_stm32f40_41xxx.o
    0x08000188   0x08000188   0x00000008   Code   RO         5354  * !!!main             c_w.l(__main.o)
    0x08000190   0x08000190   0x00000034   Code   RO         5511    !!!scatter          c_w.l(__scatter.o)
    0x080001c4   0x080001c4   0x0000001a   Code   RO         5513    !!handler_copy      c_w.l(__scatter_copy.o)
    0x080001de   0x080001de   0x00000002   PAD
    0x080001e0   0x080001e0   0x0000001c   Code   RO         5515    !!handler_zi        c_w.l(__scatter_zi.o)
    0x080001fc   0x080001fc   0x00000002   Code   RO         5381    .ARM.Collect$$libinit$$00000000  c_w.l(libinit.o)
    0x080001fe   0x080001fe   0x00000004   Code   RO         5387    .ARM.Collect$$libinit$$00000001  c_w.l(libinit2.o)
    0x08000202   0x08000202   0x00000000   Code   RO         5390    .ARM.Collect$$libinit$$00000004  c_w.l(libinit2.o)
    0x08000202   0x08000202   0x00000000   Code   RO         5393    .ARM.Collect$$libinit$$0000000A  c_w.l(libinit2.o)
    0x08000202   0x08000202   0x00000000   Code   RO         5395    .ARM.Collect$$libinit$$0000000C  c_w.l(libinit2.o)
    0x08000202   0x08000202   0x00000000   Code   RO         5397    .ARM.Collect$$libinit$$0000000E  c_w.l(libinit2.o)
    0x08000202   0x08000202   0x00000000   Code   RO         5400    .ARM.Collect$$libinit$$00000011  c_w.l(libinit2.o)
    0x08000202   0x08000202   0x00000000   Code   RO         5402    .ARM.Collect$$libinit$$00000013  c_w.l(libinit2.o)
    0x08000202   0x08000202   0x00000000   Code   RO         5404    .ARM.Collect$$libinit$$00000015  c_w.l(libinit2.o)
    0x08000202   0x08000202   0x00000000   Code   RO         5406    .ARM.Collect$$libinit$$00000017  c_w.l(libinit2.o)
    0x08000202   0x08000202   0x00000000   Code   RO         5408    .ARM.Collect$$libinit$$00000019  c_w.l(libinit2.o)
    0x08000202   0x08000202   0x00000000   Code   RO         5410    .ARM.Collect$$libinit$$0000001B  c_w.l(libinit2.o)
    0x08000202   0x08000202   0x00000000   Code   RO         5412    .ARM.Collect$$libinit$$0000001D  c_w.l(libinit2.o)
    0x08000202   0x08000202   0x00000000   Code   RO         5414    .ARM.Collect$$libinit$$0000001F  c_w.l(libinit2.o)
    0x08000202   0x08000202   0x00000000   Code   RO         5416    .ARM.Collect$$libinit$$00000021  c_w.l(libinit2.o)
    0x08000202   0x08000202   0x00000000   Code   RO         5418    .ARM.Collect$$libinit$$00000023  c_w.l(libinit2.o)
    0x08000202   0x08000202   0x00000000   Code   RO         5420    .ARM.Collect$$libinit$$00000025  c_w.l(libinit2.o)
    0x08000202   0x08000202   0x00000000   Code   RO         5424    .ARM.Collect$$libinit$$0000002C  c_w.l(libinit2.o)
    0x08000202   0x08000202   0x00000000   Code   RO         5426    .ARM.Collect$$libinit$$0000002E  c_w.l(libinit2.o)
    0x08000202   0x08000202   0x00000000   Code   RO         5428    .ARM.Collect$$libinit$$00000030  c_w.l(libinit2.o)
    0x08000202   0x08000202   0x00000000   Code   RO         5430    .ARM.Collect$$libinit$$00000032  c_w.l(libinit2.o)
    0x08000202   0x08000202   0x00000002   Code   RO         5431    .ARM.Collect$$libinit$$00000033  c_w.l(libinit2.o)
    0x08000204   0x08000204   0x00000002   Code   RO         5451    .ARM.Collect$$libshutdown$$00000000  c_w.l(libshutdown.o)
    0x08000206   0x08000206   0x00000000   Code   RO         5464    .ARM.Collect$$libshutdown$$00000002  c_w.l(libshutdown2.o)
    0x08000206   0x08000206   0x00000000   Code   RO         5466    .ARM.Collect$$libshutdown$$00000004  c_w.l(libshutdown2.o)
    0x08000206   0x08000206   0x00000000   Code   RO         5469    .ARM.Collect$$libshutdown$$00000007  c_w.l(libshutdown2.o)
    0x08000206   0x08000206   0x00000000   Code   RO         5472    .ARM.Collect$$libshutdown$$0000000A  c_w.l(libshutdown2.o)
    0x08000206   0x08000206   0x00000000   Code   RO         5474    .ARM.Collect$$libshutdown$$0000000C  c_w.l(libshutdown2.o)
    0x08000206   0x08000206   0x00000000   Code   RO         5477    .ARM.Collect$$libshutdown$$0000000F  c_w.l(libshutdown2.o)
    0x08000206   0x08000206   0x00000002   Code   RO         5478    .ARM.Collect$$libshutdown$$00000010  c_w.l(libshutdown2.o)
    0x08000208   0x08000208   0x00000000   Code   RO         5356    .ARM.Collect$$rtentry$$00000000  c_w.l(__rtentry.o)
    0x08000208   0x08000208   0x00000000   Code   RO         5358    .ARM.Collect$$rtentry$$00000002  c_w.l(__rtentry2.o)
    0x08000208   0x08000208   0x00000006   Code   RO         5370    .ARM.Collect$$rtentry$$00000004  c_w.l(__rtentry4.o)
    0x0800020e   0x0800020e   0x00000000   Code   RO         5360    .ARM.Collect$$rtentry$$00000009  c_w.l(__rtentry2.o)
    0x0800020e   0x0800020e   0x00000004   Code   RO         5361    .ARM.Collect$$rtentry$$0000000A  c_w.l(__rtentry2.o)
    0x08000212   0x08000212   0x00000000   Code   RO         5363    .ARM.Collect$$rtentry$$0000000C  c_w.l(__rtentry2.o)
    0x08000212   0x08000212   0x00000008   Code   RO         5364    .ARM.Collect$$rtentry$$0000000D  c_w.l(__rtentry2.o)
    0x0800021a   0x0800021a   0x00000002   Code   RO         5385    .ARM.Collect$$rtexit$$00000000  c_w.l(rtexit.o)
    0x0800021c   0x0800021c   0x00000000   Code   RO         5433    .ARM.Collect$$rtexit$$00000002  c_w.l(rtexit2.o)
    0x0800021c   0x0800021c   0x00000004   Code   RO         5434    .ARM.Collect$$rtexit$$00000003  c_w.l(rtexit2.o)
    0x08000220   0x08000220   0x00000006   Code   RO         5435    .ARM.Collect$$rtexit$$00000004  c_w.l(rtexit2.o)
    0x08000226   0x08000226   0x00000002   PAD
    0x08000228   0x08000228   0x00000040   Code   RO            4    .text               startup_stm32f40_41xxx.o
    0x08000268   0x08000268   0x00000110   Code   RO         5313    .text               context_rvds.o
    0x08000378   0x08000378   0x00000006   Code   RO         5352    .text               c_w.l(heapauxi.o)
    0x0800037e   0x0800037e   0x0000004a   Code   RO         5372    .text               c_w.l(sys_stackheap_outer.o)
    0x080003c8   0x080003c8   0x00000012   Code   RO         5374    .text               c_w.l(exit.o)
    0x080003da   0x080003da   0x00000002   PAD
    0x080003dc   0x080003dc   0x00000008   Code   RO         5382    .text               c_w.l(libspace.o)
    0x080003e4   0x080003e4   0x0000000c   Code   RO         5443    .text               c_w.l(sys_exit.o)
    0x080003f0   0x080003f0   0x00000002   Code   RO         5454    .text               c_w.l(use_no_semi.o)
    0x080003f2   0x080003f2   0x00000000   Code   RO         5456    .text               c_w.l(indicate_semi.o)
    0x080003f2   0x080003f2   0x0000000e   Code   RO         4551    i.$Sub$$main        components.o
    0x08000400   0x08000400   0x00000004   Code   RO         4403    i.BusFault_Handler  stm32f4xx_it.o
    0x08000404   0x08000404   0x00000002   Code   RO         4404    i.DebugMon_Handler  stm32f4xx_it.o
    0x08000406   0x08000406   0x00000090   Code   RO         1472    i.GPIO_Init         stm32f4xx_gpio.o
    0x08000496   0x08000496   0x00000002   PAD
    0x08000498   0x08000498   0x00000064   Code   RO         4489    i.LED_Init          bsp_led.o
    0x080004fc   0x080004fc   0x00000004   Code   RO         4405    i.MemManage_Handler  stm32f4xx_it.o
    0x08000500   0x08000500   0x00000002   Code   RO         4406    i.NMI_Handler       stm32f4xx_it.o
    0x08000502   0x08000502   0x00000002   PAD
    0x08000504   0x08000504   0x00000020   Code   RO         2162    i.RCC_AHB1PeriphClockCmd  stm32f4xx_rcc.o
    0x08000524   0x08000524   0x00000002   Code   RO         4407    i.SVC_Handler       stm32f4xx_it.o
    0x08000526   0x08000526   0x00000002   PAD
    0x08000528   0x08000528   0x000000ec   Code   RO           12    i.SetSysClock       system_stm32f4xx.o
    0x08000614   0x08000614   0x00000010   Code   RO         4456    i.SysTick_Handler   board.o
    0x08000624   0x08000624   0x00000068   Code   RO           14    i.SystemInit        system_stm32f4xx.o
    0x0800068c   0x0800068c   0x00000004   Code   RO         4408    i.UsageFault_Handler  stm32f4xx_it.o
    0x08000690   0x08000690   0x0000004c   Code   RO         4809    i.__rt_ffs          kservice.o
    0x080006dc   0x080006dc   0x00000014   Code   RO         4626    i._has_defunct_thread  idle.o
    0x080006f0   0x080006f0   0x00000084   Code   RO         5115    i._rt_thread_init   thread.o
    0x08000774   0x08000774   0x00000042   Code   RO         5218    i._rt_timer_init    timer.o
    0x080007b6   0x080007b6   0x0000002e   Code   RO         5219    i._rt_timer_remove  timer.o
    0x080007e4   0x080007e4   0x0000002c   Code   RO         4305    i.led1_thread_entry  main.o
    0x08000810   0x08000810   0x00000040   Code   RO         4306    i.main              main.o
    0x08000850   0x08000850   0x0000000e   Code   RO         4552    i.main_thread_entry  components.o
    0x0800085e   0x0800085e   0x00000002   PAD
    0x08000860   0x08000860   0x0000018c   Code   RO         4811    i.print_number      kservice.o
    0x080009ec   0x080009ec   0x00000040   Code   RO         4553    i.rt_application_init  components.o
    0x08000a2c   0x08000a2c   0x0000001c   Code   RO         4554    i.rt_components_board_init  components.o
    0x08000a48   0x08000a48   0x0000001c   Code   RO         4555    i.rt_components_init  components.o
    0x08000a64   0x08000a64   0x00000020   Code   RO         5034    i.rt_enter_critical  scheduler.o
    0x08000a84   0x08000a84   0x0000003c   Code   RO         5035    i.rt_exit_critical  scheduler.o
    0x08000ac0   0x08000ac0   0x00000068   Code   RO         4457    i.rt_hw_board_init  board.o
    0x08000b28   0x08000b28   0x00000002   Code   RO         4813    i.rt_hw_console_output  kservice.o
    0x08000b2a   0x08000b2a   0x00000002   PAD
    0x08000b2c   0x08000b2c   0x0000010c   Code   RO         5319    i.rt_hw_hard_fault_exception  cpuport.o
    0x08000c38   0x08000c38   0x00000050   Code   RO         5320    i.rt_hw_stack_init  cpuport.o
    0x08000c88   0x08000c88   0x00000020   Code   RO         4782    i.rt_interrupt_enter  irq.o
    0x08000ca8   0x08000ca8   0x00000020   Code   RO         4784    i.rt_interrupt_leave  irq.o
    0x08000cc8   0x08000cc8   0x00000030   Code   RO         4814    i.rt_kprintf        kservice.o
    0x08000cf8   0x08000cf8   0x00000006   Code   RO         5036    i.rt_list_init      scheduler.o
    0x08000cfe   0x08000cfe   0x00000006   Code   RO         5220    i.rt_list_init      timer.o
    0x08000d04   0x08000d04   0x0000000e   Code   RO         5116    i.rt_list_insert_after  thread.o
    0x08000d12   0x08000d12   0x0000000e   Code   RO         5221    i.rt_list_insert_after  timer.o
    0x08000d20   0x08000d20   0x00000010   Code   RO         5222    i.rt_list_isempty   timer.o
    0x08000d30   0x08000d30   0x00000012   Code   RO         5117    i.rt_list_remove    thread.o
    0x08000d42   0x08000d42   0x00000048   Code   RO         4819    i.rt_memset         kservice.o
    0x08000d8a   0x08000d8a   0x00000028   Code   RO         4986    i.rt_object_detach  object.o
    0x08000db2   0x08000db2   0x00000002   PAD
    0x08000db4   0x08000db4   0x00000028   Code   RO         4988    i.rt_object_get_information  object.o
    0x08000ddc   0x08000ddc   0x00000046   Code   RO         4989    i.rt_object_init    object.o
    0x08000e22   0x08000e22   0x00000012   Code   RO         4990    i.rt_object_is_systemobject  object.o
    0x08000e34   0x08000e34   0x00000090   Code   RO         5037    i.rt_schedule       scheduler.o
    0x08000ec4   0x08000ec4   0x00000050   Code   RO         5038    i.rt_schedule_insert_thread  scheduler.o
    0x08000f14   0x08000f14   0x00000054   Code   RO         5039    i.rt_schedule_remove_thread  scheduler.o
    0x08000f68   0x08000f68   0x000000b0   Code   RO         4821    i.rt_show_version   kservice.o
    0x08001018   0x08001018   0x00000012   Code   RO         4826    i.rt_strlen         kservice.o
    0x0800102a   0x0800102a   0x00000034   Code   RO         4828    i.rt_strncpy        kservice.o
    0x0800105e   0x0800105e   0x00000002   PAD
    0x08001060   0x08001060   0x0000004c   Code   RO         5040    i.rt_system_scheduler_init  scheduler.o
    0x080010ac   0x080010ac   0x00000030   Code   RO         5041    i.rt_system_scheduler_start  scheduler.o
    0x080010dc   0x080010dc   0x0000001c   Code   RO         5223    i.rt_system_timer_init  timer.o
    0x080010f8   0x080010f8   0x00000002   Code   RO         5224    i.rt_system_timer_thread_init  timer.o
    0x080010fa   0x080010fa   0x0000000c   Code   RO         5119    i.rt_thread_delay   thread.o
    0x08001106   0x08001106   0x00000002   PAD
    0x08001108   0x08001108   0x00000054   Code   RO         5121    i.rt_thread_exit    thread.o
    0x0800115c   0x0800115c   0x00000008   Code   RO         4627    i.rt_thread_idle_entry  idle.o
    0x08001164   0x08001164   0x00000078   Code   RO         4628    i.rt_thread_idle_excute  idle.o
    0x080011dc   0x080011dc   0x0000003c   Code   RO         4630    i.rt_thread_idle_init  idle.o
    0x08001218   0x08001218   0x00000034   Code   RO         5123    i.rt_thread_init    thread.o
    0x0800124c   0x0800124c   0x0000003c   Code   RO         5124    i.rt_thread_resume  thread.o
    0x08001288   0x08001288   0x0000000c   Code   RO         5125    i.rt_thread_self    thread.o
    0x08001294   0x08001294   0x00000044   Code   RO         5126    i.rt_thread_sleep   thread.o
    0x080012d8   0x080012d8   0x0000002c   Code   RO         5127    i.rt_thread_startup  thread.o
    0x08001304   0x08001304   0x00000044   Code   RO         5128    i.rt_thread_suspend  thread.o
    0x08001348   0x08001348   0x00000020   Code   RO         5129    i.rt_thread_timeout  thread.o
    0x08001368   0x08001368   0x00000064   Code   RO         5130    i.rt_thread_yield   thread.o
    0x080013cc   0x080013cc   0x0000000c   Code   RO         4509    i.rt_tick_get       clock.o
    0x080013d8   0x080013d8   0x00000030   Code   RO         4510    i.rt_tick_increase  clock.o
    0x08001408   0x08001408   0x0000007c   Code   RO         5225    i.rt_timer_check    timer.o
    0x08001484   0x08001484   0x00000038   Code   RO         5226    i.rt_timer_control  timer.o
    0x080014bc   0x080014bc   0x00000020   Code   RO         5227    i.rt_timer_detach   timer.o
    0x080014dc   0x080014dc   0x0000002e   Code   RO         5228    i.rt_timer_init     timer.o
    0x0800150a   0x0800150a   0x00000002   PAD
    0x0800150c   0x0800150c   0x000000f8   Code   RO         5231    i.rt_timer_start    timer.o
    0x08001604   0x08001604   0x00000030   Code   RO         5232    i.rt_timer_stop     timer.o
    0x08001634   0x08001634   0x00000328   Code   RO         4831    i.rt_vsnprintf      kservice.o
    0x0800195c   0x0800195c   0x00000004   Code   RO         4556    i.rti_board_end     components.o
    0x08001960   0x08001960   0x00000004   Code   RO         4557    i.rti_board_start   components.o
    0x08001964   0x08001964   0x00000004   Code   RO         4558    i.rti_end           components.o
    0x08001968   0x08001968   0x00000004   Code   RO         4559    i.rti_start         components.o
    0x0800196c   0x0800196c   0x0000002a   Code   RO         4560    i.rtthread_startup  components.o
    0x08001996   0x08001996   0x00000026   Code   RO         4833    i.skip_atoi         kservice.o
    0x080019bc   0x080019bc   0x0000000a   Code   RO         5441    x$fpl$fpinit        fz_wm.l(fpinit.o)
    0x080019c6   0x080019c6   0x00000122   Data   RO         4835    .constdata          kservice.o
    0x08001ae8   0x08001ae8   0x00000004   Data   RO         4562    .rti_fn.0           components.o
    0x08001aec   0x08001aec   0x00000004   Data   RO         4563    .rti_fn.0.end       components.o
    0x08001af0   0x08001af0   0x00000004   Data   RO         4564    .rti_fn.1.end       components.o
    0x08001af4   0x08001af4   0x00000004   Data   RO         4565    .rti_fn.6.end       components.o
    0x08001af8   0x08001af8   0x00000020   Data   RO         5509    Region$$Table       anon$$obj.o


    Execution Region RW_IRAM1 (Exec base: 0x20000000, Load base: 0x08001b18, Size: 0x00001058, Max: 0x00020000, ABSOLUTE)

    Exec Addr    Load Addr    Size         Type   Attr      Idx    E Section Name        Object

    0x20000000   0x08001b18   0x00000014   Data   RW           15    .data               system_stm32f4xx.o
    0x20000014   0x08001b2c   0x00000004   Data   RW         4512    .data               clock.o
    0x20000018   0x08001b30   0x00000001   Data   RW         4785    .data               irq.o
    0x20000019   0x08001b31   0x00000003   PAD
    0x2000001c   0x08001b34   0x00000040   Data   RW         4992    .data               object.o
    0x2000005c   0x08001b74   0x00000018   Data   RW         5043    .data               scheduler.o
    0x20000074   0x08001b8c   0x0000000c   Data   RW         5233    .data               timer.o
    0x20000080   0x08001b98   0x00000010   Data   RW         5321    .data               cpuport.o
    0x20000090        -       0x00000478   Zero   RW         4307    .bss                main.o
    0x20000508        -       0x00000278   Zero   RW         4561    .bss                components.o
    0x20000780        -       0x000000f8   Zero   RW         4631    .bss                idle.o
    0x20000878        -       0x00000080   Zero   RW         4834    .bss                kservice.o
    0x200008f8        -       0x00000100   Zero   RW         5042    .bss                scheduler.o
    0x200009f8        -       0x00000060   Zero   RW         5383    .bss                c_w.l(libspace.o)
    0x20000a58        -       0x00000200   Zero   RW            2    HEAP                startup_stm32f40_41xxx.o
    0x20000c58        -       0x00000400   Zero   RW            1    STACK               startup_stm32f40_41xxx.o


==============================================================================

Image component sizes


      Code (inc. data)   RO Data    RW Data    ZI Data      Debug   Object Name

       120         14          0          0          0      27904   board.o
       100          4          0          0          0        635   bsp_led.o
        60         12          0          4          0       1505   clock.o
       206         36         16          0        632       7324   components.o
       272         26          0          0          0        908   context_rvds.o
       348        166          0         16          0       4122   cpuport.o
       208         30          0          0        248       5814   idle.o
        64         12          0          1          0       2066   irq.o
      1686        164        290          0        128      10691   kservice.o
       108         28          0          0       1144       7623   main.o
       168          4          0         64          0       6444   object.o
       530         88          0         24        256       9198   scheduler.o
        64         26        392          0       1536        984   startup_stm32f40_41xxx.o
       144          0          0          0          0       1420   stm32f4xx_gpio.o
        18          0          0          0          0       3319   stm32f4xx_it.o
        32          6          0          0          0        693   stm32f4xx_rcc.o
       340         32          0         20          0     241633   system_stm32f4xx.o
       696         36          0          0          0      11932   thread.o
       732         20          0         12          0      12488   timer.o

    ----------------------------------------------------------------------
      5914        704        730        144       3944     356703   Object Totals
         0          0         32          0          0          0   (incl. Generated)
        18          0          0          3          0          0   (incl. Padding)

    ----------------------------------------------------------------------

      Code (inc. data)   RO Data    RW Data    ZI Data      Debug   Library Member Name

         8          0          0          0          0         68   __main.o
         0          0          0          0          0          0   __rtentry.o
        12          0          0          0          0          0   __rtentry2.o
         6          0          0          0          0          0   __rtentry4.o
        52          8          0          0          0          0   __scatter.o
        26          0          0          0          0          0   __scatter_copy.o
        28          0          0          0          0          0   __scatter_zi.o
        18          0          0          0          0         80   exit.o
         6          0          0          0          0        152   heapauxi.o
         0          0          0          0          0          0   indicate_semi.o
         2          0          0          0          0          0   libinit.o
         6          0          0          0          0          0   libinit2.o
         2          0          0          0          0          0   libshutdown.o
         2          0          0          0          0          0   libshutdown2.o
         8          4          0          0         96         68   libspace.o
         2          0          0          0          0          0   rtexit.o
        10          0          0          0          0          0   rtexit2.o
        12          4          0          0          0         68   sys_exit.o
        74          0          0          0          0         80   sys_stackheap_outer.o
         2          0          0          0          0         68   use_no_semi.o
        10          0          0          0          0        116   fpinit.o

    ----------------------------------------------------------------------
       292         16          0          0         96        700   Library Totals
         6          0          0          0          0          0   (incl. Padding)

    ----------------------------------------------------------------------

      Code (inc. data)   RO Data    RW Data    ZI Data      Debug   Library Name

       276         16          0          0         96        584   c_w.l
        10          0          0          0          0        116   fz_wm.l

    ----------------------------------------------------------------------
       292         16          0          0         96        700   Library Totals

    ----------------------------------------------------------------------

==============================================================================


      Code (inc. data)   RO Data    RW Data    ZI Data      Debug   

      6206        720        730        144       4040     349447   Grand Totals
      6206        720        730        144       4040     349447   ELF Image Totals
      6206        720        730        144          0          0   ROM Totals

==============================================================================

    Total RO  Size (Code + RO Data)                 6936 (   6.77kB)
    Total RW  Size (RW Data + ZI Data)              4184 (   4.09kB)
    Total ROM Size (Code + RO Data + RW Data)       7080 (   6.91kB)

==============================================================================

